Archive member included to satisfy reference by file (symbol)

c:/st/stm32cubeide_1.3.0/stm32cubeide/plugins/com.st.stm32cube.ide.mcu.externaltools.gnu-tools-for-stm32.9-2020-q2-update.win32_2.0.0.202105311346/tools/bin/../lib/gcc/arm-none-eabi/9.3.1/../../../../arm-none-eabi/lib/thumb/v7e-m+fp/hard\libc_nano.a(lib_a-errno.o)
                              ./Core/Src/syscalls.o (__errno)
c:/st/stm32cubeide_1.3.0/stm32cubeide/plugins/com.st.stm32cube.ide.mcu.externaltools.gnu-tools-for-stm32.9-2020-q2-update.win32_2.0.0.202105311346/tools/bin/../lib/gcc/arm-none-eabi/9.3.1/../../../../arm-none-eabi/lib/thumb/v7e-m+fp/hard\libc_nano.a(lib_a-exit.o)
                              c:/st/stm32cubeide_1.3.0/stm32cubeide/plugins/com.st.stm32cube.ide.mcu.externaltools.gnu-tools-for-stm32.9-2020-q2-update.win32_2.0.0.202105311346/tools/bin/../lib/gcc/arm-none-eabi/9.3.1/../../../../arm-none-eabi/lib/thumb/v7e-m+fp/hard/crt0.o (exit)
c:/st/stm32cubeide_1.3.0/stm32cubeide/plugins/com.st.stm32cube.ide.mcu.externaltools.gnu-tools-for-stm32.9-2020-q2-update.win32_2.0.0.202105311346/tools/bin/../lib/gcc/arm-none-eabi/9.3.1/../../../../arm-none-eabi/lib/thumb/v7e-m+fp/hard\libc_nano.a(lib_a-impure.o)
                              c:/st/stm32cubeide_1.3.0/stm32cubeide/plugins/com.st.stm32cube.ide.mcu.externaltools.gnu-tools-for-stm32.9-2020-q2-update.win32_2.0.0.202105311346/tools/bin/../lib/gcc/arm-none-eabi/9.3.1/../../../../arm-none-eabi/lib/thumb/v7e-m+fp/hard\libc_nano.a(lib_a-exit.o) (_global_impure_ptr)
c:/st/stm32cubeide_1.3.0/stm32cubeide/plugins/com.st.stm32cube.ide.mcu.externaltools.gnu-tools-for-stm32.9-2020-q2-update.win32_2.0.0.202105311346/tools/bin/../lib/gcc/arm-none-eabi/9.3.1/../../../../arm-none-eabi/lib/thumb/v7e-m+fp/hard\libc_nano.a(lib_a-init.o)
                              c:/st/stm32cubeide_1.3.0/stm32cubeide/plugins/com.st.stm32cube.ide.mcu.externaltools.gnu-tools-for-stm32.9-2020-q2-update.win32_2.0.0.202105311346/tools/bin/../lib/gcc/arm-none-eabi/9.3.1/../../../../arm-none-eabi/lib/thumb/v7e-m+fp/hard/crt0.o (__libc_init_array)
c:/st/stm32cubeide_1.3.0/stm32cubeide/plugins/com.st.stm32cube.ide.mcu.externaltools.gnu-tools-for-stm32.9-2020-q2-update.win32_2.0.0.202105311346/tools/bin/../lib/gcc/arm-none-eabi/9.3.1/../../../../arm-none-eabi/lib/thumb/v7e-m+fp/hard\libc_nano.a(lib_a-memset.o)
                              c:/st/stm32cubeide_1.3.0/stm32cubeide/plugins/com.st.stm32cube.ide.mcu.externaltools.gnu-tools-for-stm32.9-2020-q2-update.win32_2.0.0.202105311346/tools/bin/../lib/gcc/arm-none-eabi/9.3.1/../../../../arm-none-eabi/lib/thumb/v7e-m+fp/hard/crt0.o (memset)

Allocating common symbols
Common symbol       size              file

rain_sens_wiper_low
                    0x1               ./Core/Src/ctrl_routine.o
stop_enable         0x1               ./Core/Src/ctrl_routine.o
hspi2               0x64              ./Core/Src/main.o
vehicle_vel_prev    0x1               ./Core/Src/ctrl_routine.o
washer_on_cnt       0x1               ./Core/Src/ctrl_routine.o
charge_door_status  0x1               ./Core/Src/ctrl_routine.o
wiper_int_volt      0x2               ./Core/Src/ctrl_routine.o
can1_tx_data        0x8               ./Core/Src/ctrl_routine.o
spi2_rx_data        0x8               ./Core/Src/main.o
can_not_receive_cnt
                    0x1               ./Core/Src/ctrl_routine.o
uwTick              0x4               ./Drivers/STM32G4xx_HAL_Driver/Src/stm32g4xx_hal.o
door_open_status_prev
                    0x1               ./Core/Src/ctrl_routine.o
Input_Status_Prev   0x8               ./Core/Src/ctrl_routine.o
htim5               0x4c              ./Core/Src/ctrl_routine.o
washer_off_cnt      0x1               ./Core/Src/ctrl_routine.o
can1_tx_header      0x24              ./Core/Src/ctrl_routine.o
htim3               0x4c              ./Core/Src/ctrl_routine.o
wiper_tx_data       0x8               ./Core/Src/ctrl_routine.o
spi2_tx_data        0x8               ./Core/Src/ctrl_routine.o
washer_on           0x1               ./Core/Src/ctrl_routine.o
stop_lamp_on        0x1               ./Core/Src/ctrl_routine.o
dimmer_status       0x1               ./Core/Src/ctrl_routine.o
can2_tx_header      0x24              ./Core/Src/ctrl_routine.o
key_in              0x1               ./Core/Src/ctrl_routine.o
lamp_tx_flag        0x1               ./Core/Src/ctrl_routine.o
wiper_tx_flag       0x1               ./Core/Src/ctrl_routine.o
can2_tx_data        0x8               ./Core/Src/ctrl_routine.o
can1_rx_header      0x28              ./Core/Src/ctrl_routine.o
Input_Status        0x8               ./Core/Src/ctrl_routine.o
ign2_status         0x1               ./Core/Src/ctrl_routine.o
auto_mode           0x1               ./Core/Src/ctrl_routine.o
hrtc                0x28              ./Core/Src/main.o
Wiper_Status        0x6               ./Core/Src/ctrl_routine.o
hfdcan1             0x64              ./Core/Src/ctrl_routine.o
wiper_int_on_cnt    0x2               ./Core/Src/ctrl_routine.o
[...]
Memory Configuration

Name             Origin             Length             Attributes
RAM              0x0000000020000000 0x0000000000020000 xrw
FLASH            0x0000000008000000 0x0000000000080000 xr
*default*        0x0000000000000000 0xffffffffffffffff

Linker script and memory map

LOAD c:/st/stm32cubeide_1.3.0/stm32cubeide/plugins/com.st.stm32cube.ide.mcu.externaltools.gnu-tools-for-stm32.9-2020-q2-update.win32_2.0.0.202105311346/tools/bin/../lib/gcc/arm-none-eabi/9.3.1/thumb/v7e-m+fp/hard/crti.o
LOAD c:/st/stm32cubeide_1.3.0/stm32cubeide/plugins/com.st.stm32cube.ide.mcu.externaltools.gnu-tools-for-stm32.9-2020-q2-update.win32_2.0.0.202105311346/tools/bin/../lib/gcc/arm-none-eabi/9.3.1/thumb/v7e-m+fp/hard/crtbegin.o
LOAD c:/st/stm32cubeide_1.3.0/stm32cubeide/plugins/com.st.stm32cube.ide.mcu.externaltools.gnu-tools-for-stm32.9-2020-q2-update.win32_2.0.0.202105311346/tools/bin/../lib/gcc/arm-none-eabi/9.3.1/../../../../arm-none-eabi/lib/thumb/v7e-m+fp/hard/crt0.o
LOAD ./Core/Src/ctrl_routine.o
LOAD ./Core/Src/main.o
LOAD ./Core/Src/stm32g4xx_hal_msp.o
LOAD ./Core/Src/stm32g4xx_it.o
LOAD ./Core/Src/syscalls.o
LOAD ./Core/Src/sysmem.o
LOAD ./Core/Src/system_stm32g4xx.o
LOAD ./Core/Src/wiper_ctrl.o
LOAD ./Core/Startup/startup_stm32g474vetx.o
LOAD ./Drivers/STM32G4xx_HAL_Driver/Src/stm32g4xx_hal.o
LOAD ./Drivers/STM32G4xx_HAL_Driver/Src/stm32g4xx_hal_cortex.o
LOAD ./Drivers/STM32G4xx_HAL_Driver/Src/stm32g4xx_hal_dma.o
LOAD ./Drivers/STM32G4xx_HAL_Driver/Src/stm32g4xx_hal_dma_ex.o
LOAD ./Drivers/STM32G4xx_HAL_Driver/Src/stm32g4xx_hal_exti.o
LOAD ./Drivers/STM32G4xx_HAL_Driver/Src/stm32g4xx_hal_fdcan.o
LOAD ./Drivers/STM32G4xx_HAL_Driver/Src/stm32g4xx_hal_flash.o
LOAD ./Drivers/STM32G4xx_HAL_Driver/Src/stm32g4xx_hal_flash_ex.o
LOAD ./Drivers/STM32G4xx_HAL_Driver/Src/stm32g4xx_hal_flash_ramfunc.o
LOAD ./Drivers/STM32G4xx_HAL_Driver/Src/stm32g4xx_hal_gpio.o
LOAD ./Drivers/STM32G4xx_HAL_Driver/Src/stm32g4xx_hal_pwr.o
LOAD ./Drivers/STM32G4xx_HAL_Driver/Src/stm32g4xx_hal_pwr_ex.o
LOAD ./Drivers/STM32G4xx_HAL_Driver/Src/stm32g4xx_hal_rcc.o
LOAD ./Drivers/STM32G4xx_HAL_Driver/Src/stm32g4xx_hal_rcc_ex.o
LOAD ./Drivers/STM32G4xx_HAL_Driver/Src/stm32g4xx_hal_rtc.o
LOAD ./Drivers/STM32G4xx_HAL_Driver/Src/stm32g4xx_hal_rtc_ex.o
LOAD ./Drivers/STM32G4xx_HAL_Driver/Src/stm32g4xx_hal_spi.o
LOAD ./Drivers/STM32G4xx_HAL_Driver/Src/stm32g4xx_hal_spi_ex.o
LOAD ./Drivers/STM32G4xx_HAL_Driver/Src/stm32g4xx_hal_tim.o
LOAD ./Drivers/STM32G4xx_HAL_Driver/Src/stm32g4xx_hal_tim_ex.o
START GROUP
LOAD c:/st/stm32cubeide_1.3.0/stm32cubeide/plugins/com.st.stm32cube.ide.mcu.externaltools.gnu-tools-for-stm32.9-2020-q2-update.win32_2.0.0.202105311346/tools/bin/../lib/gcc/arm-none-eabi/9.3.1/../../../../arm-none-eabi/lib/thumb/v7e-m+fp/hard\libc_nano.a
LOAD c:/st/stm32cubeide_1.3.0/stm32cubeide/plugins/com.st.stm32cube.ide.mcu.externaltools.gnu-tools-for-stm32.9-2020-q2-update.win32_2.0.0.202105311346/tools/bin/../lib/gcc/arm-none-eabi/9.3.1/../../../../arm-none-eabi/lib/thumb/v7e-m+fp/hard\libm.a
END GROUP
START GROUP
LOAD c:/st/stm32cubeide_1.3.0/stm32cubeide/plugins/com.st.stm32cube.ide.mcu.externaltools.gnu-tools-for-stm32.9-2020-q2-update.win32_2.0.0.202105311346/tools/bin/../lib/gcc/arm-none-eabi/9.3.1/thumb/v7e-m+fp/hard\libgcc.a
LOAD c:/st/stm32cubeide_1.3.0/stm32cubeide/plugins/com.st.stm32cube.ide.mcu.externaltools.gnu-tools-for-stm32.9-2020-q2-update.win32_2.0.0.202105311346/tools/bin/../lib/gcc/arm-none-eabi/9.3.1/../../../../arm-none-eabi/lib/thumb/v7e-m+fp/hard\libc_nano.a
END GROUP
START GROUP
LOAD c:/st/stm32cubeide_1.3.0/stm32cubeide/plugins/com.st.stm32cube.ide.mcu.externaltools.gnu-tools-for-stm32.9-2020-q2-update.win32_2.0.0.202105311346/tools/bin/../lib/gcc/arm-none-eabi/9.3.1/thumb/v7e-m+fp/hard\libgcc.a
LOAD c:/st/stm32cubeide_1.3.0/stm32cubeide/plugins/com.st.stm32cube.ide.mcu.externaltools.gnu-tools-for-stm32.9-2020-q2-update.win32_2.0.0.202105311346/tools/bin/../lib/gcc/arm-none-eabi/9.3.1/../../../../arm-none-eabi/lib/thumb/v7e-m+fp/hard\libc_nano.a
LOAD c:/st/stm32cubeide_1.3.0/stm32cubeide/plugins/com.st.stm32cube.ide.mcu.externaltools.gnu-tools-for-stm32.9-2020-q2-update.win32_2.0.0.202105311346/tools/bin/../lib/gcc/arm-none-eabi/9.3.1/../../../../arm-none-eabi/lib/thumb/v7e-m+fp/hard\libnosys.a
END GROUP
START GROUP
LOAD c:/st/stm32cubeide_1.3.0/stm32cubeide/plugins/com.st.stm32cube.ide.mcu.externaltools.gnu-tools-for-stm32.9-2020-q2-update.win32_2.0.0.202105311346/tools/bin/../lib/gcc/arm-none-eabi/9.3.1/thumb/v7e-m+fp/hard\libgcc.a
LOAD c:/st/stm32cubeide_1.3.0/stm32cubeide/plugins/com.st.stm32cube.ide.mcu.externaltools.gnu-tools-for-stm32.9-2020-q2-update.win32_2.0.0.202105311346/tools/bin/../lib/gcc/arm-none-eabi/9.3.1/../../../../arm-none-eabi/lib/thumb/v7e-m+fp/hard\libc_nano.a
LOAD c:/st/stm32cubeide_1.3.0/stm32cubeide/plugins/com.st.stm32cube.ide.mcu.externaltools.gnu-tools-for-stm32.9-2020-q2-update.win32_2.0.0.202105311346/tools/bin/../lib/gcc/arm-none-eabi/9.3.1/../../../../arm-none-eabi/lib/thumb/v7e-m+fp/hard\libnosys.a
END GROUP
LOAD c:/st/stm32cubeide_1.3.0/stm32cubeide/plugins/com.st.stm32cube.ide.mcu.externaltools.gnu-tools-for-stm32.9-2020-q2-update.win32_2.0.0.202105311346/tools/bin/../lib/gcc/arm-none-eabi/9.3.1/thumb/v7e-m+fp/hard/crtend.o
LOAD c:/st/stm32cubeide_1.3.0/stm32cubeide/plugins/com.st.stm32cube.ide.mcu.externaltools.gnu-tools-for-stm32.9-2020-q2-update.win32_2.0.0.202105311346/tools/bin/../lib/gcc/arm-none-eabi/9.3.1/thumb/v7e-m+fp/hard/crtn.o
                0x0000000020020000                _estack = (ORIGIN (RAM) + LENGTH (RAM))
                0x0000000000000200                _Min_Heap_Size = 0x200
                0x0000000000000400                _Min_Stack_Size = 0x400

.isr_vector     0x0000000008000000      0x1d8
                0x0000000008000000                . = ALIGN (0x4)
 *(.isr_vector)
 .isr_vector    0x0000000008000000      0x1d8 ./Core/Startup/startup_stm32g474vetx.o
                0x0000000008000000                g_pfnVectors
                0x00000000080001d8                . = ALIGN (0x4)

.text           0x00000000080001d8     0x6658
                0x00000000080001d8                . = ALIGN (0x4)
 *(.text)
 .text          0x00000000080001d8       0x40 c:/st/stm32cubeide_1.3.0/stm32cubeide/plugins/com.st.stm32cube.ide.mcu.externaltools.gnu-tools-for-stm32.9-2020-q2-update.win32_2.0.0.202105311346/tools/bin/../lib/gcc/arm-none-eabi/9.3.1/thumb/v7e-m+fp/hard/crtbegin.o
 *(.text*)
 .text.HAL_TIM_PeriodElapsedCallback
                0x0000000008000218      0x178 ./Core/Src/ctrl_routine.o
                0x0000000008000218                HAL_TIM_PeriodElapsedCallback
 .text.HAL_FDCAN_RxFifo0Callback
                0x0000000008000390       0x6c ./Core/Src/ctrl_routine.o
                0x0000000008000390                HAL_FDCAN_RxFifo0Callback
 .text.LocalToABU
                0x00000000080003fc      0x1c4 ./Core/Src/ctrl_routine.o
                0x00000000080003fc                LocalToABU
 .text.CanTxMessage
                0x00000000080005c0       0x54 ./Core/Src/ctrl_routine.o
                0x00000000080005c0                CanTxMessage
 .text.CANReStart
                0x0000000008000614       0x54 ./Core/Src/ctrl_routine.o
                0x0000000008000614                CANReStart
 .text.__NVIC_SystemReset
                0x0000000008000668       0x2c ./Core/Src/main.o
 .text.main     0x0000000008000694       0x5c ./Core/Src/main.o
                0x0000000008000694                main
 .text.SystemClock_Config
                0x00000000080006f0       0xe0 ./Core/Src/main.o
                0x00000000080006f0                SystemClock_Config
 .text.MX_FDCAN2_Init
                0x00000000080007d0      0x104 ./Core/Src/main.o
 .text.MX_RTC_Init
                0x00000000080008d4       0x6c ./Core/Src/main.o
 .text.MX_SPI2_Init
                0x0000000008000940       0x7c ./Core/Src/main.o
 .text.MX_TIM3_Init
                0x00000000080009bc       0xd0 ./Core/Src/main.o
 .text.MX_TIM5_Init
                0x0000000008000a8c       0xb8 ./Core/Src/main.o
 .text.MX_TIM6_Init
                0x0000000008000b44       0x6c ./Core/Src/main.o
 .text.MX_GPIO_Init
                0x0000000008000bb0      0x190 ./Core/Src/main.o
 .text.AnalogDataReceive
                0x0000000008000d40      0x150 ./Core/Src/main.o
                0x0000000008000d40                AnalogDataReceive
 .text.StopModeStart
                0x0000000008000e90       0x54 ./Core/Src/main.o
                0x0000000008000e90                StopModeStart
 .text.Error_Handler
                0x0000000008000ee4        0xc ./Core/Src/main.o
                0x0000000008000ee4                Error_Handler
 .text.HAL_MspInit
                0x0000000008000ef0       0x48 ./Core/Src/stm32g4xx_hal_msp.o
                0x0000000008000ef0                HAL_MspInit
 .text.HAL_FDCAN_MspInit
                0x0000000008000f38       0x98 ./Core/Src/stm32g4xx_hal_msp.o
                0x0000000008000f38                HAL_FDCAN_MspInit
 .text.HAL_RTC_MspInit
                0x0000000008000fd0       0x44 ./Core/Src/stm32g4xx_hal_msp.o
                0x0000000008000fd0                HAL_RTC_MspInit
 .text.HAL_SPI_MspInit
                0x0000000008001014       0x98 ./Core/Src/stm32g4xx_hal_msp.o
                0x0000000008001014                HAL_SPI_MspInit
 .text.HAL_TIM_PWM_MspInit
                0x00000000080010ac       0x68 ./Core/Src/stm32g4xx_hal_msp.o
                0x00000000080010ac                HAL_TIM_PWM_MspInit
 .text.HAL_TIM_Base_MspInit
                0x0000000008001114       0x4c ./Core/Src/stm32g4xx_hal_msp.o
                0x0000000008001114                HAL_TIM_Base_MspInit
 .text.HAL_TIM_MspPostInit
                0x0000000008001160       0xb8 ./Core/Src/stm32g4xx_hal_msp.o
                0x0000000008001160                HAL_TIM_MspPostInit
 .text.NMI_Handler
                0x0000000008001218        0x6 ./Core/Src/stm32g4xx_it.o
                0x0000000008001218                NMI_Handler
 .text.HardFault_Handler
                0x000000000800121e        0x6 ./Core/Src/stm32g4xx_it.o
                0x000000000800121e                HardFault_Handler
 .text.MemManage_Handler
                0x0000000008001224        0x6 ./Core/Src/stm32g4xx_it.o
                0x0000000008001224                MemManage_Handler
 .text.BusFault_Handler
                0x000000000800122a        0x6 ./Core/Src/stm32g4xx_it.o
                0x000000000800122a                BusFault_Handler
 .text.UsageFault_Handler
                0x0000000008001230        0x6 ./Core/Src/stm32g4xx_it.o
                0x0000000008001230                UsageFault_Handler
 .text.SVC_Handler
                0x0000000008001236        0xe ./Core/Src/stm32g4xx_it.o
                0x0000000008001236                SVC_Handler
 .text.DebugMon_Handler
                0x0000000008001244        0xe ./Core/Src/stm32g4xx_it.o
                0x0000000008001244                DebugMon_Handler
 .text.PendSV_Handler
                0x0000000008001252        0xe ./Core/Src/stm32g4xx_it.o
                0x0000000008001252                PendSV_Handler
 .text.SysTick_Handler
                0x0000000008001260        0xc ./Core/Src/stm32g4xx_it.o
                0x0000000008001260                SysTick_Handler
 .text.RTC_WKUP_IRQHandler
                0x000000000800126c       0x14 ./Core/Src/stm32g4xx_it.o
                0x000000000800126c                RTC_WKUP_IRQHandler
 .text.SPI2_IRQHandler
                0x0000000008001280       0x14 ./Core/Src/stm32g4xx_it.o
                0x0000000008001280                SPI2_IRQHandler
 .text.TIM6_DAC_IRQHandler
                0x0000000008001294       0x14 ./Core/Src/stm32g4xx_it.o
                0x0000000008001294                TIM6_DAC_IRQHandler
 .text.FDCAN2_IT0_IRQHandler
                0x00000000080012a8       0x14 ./Core/Src/stm32g4xx_it.o
                0x00000000080012a8                FDCAN2_IT0_IRQHandler
 .text.SystemInit
                0x00000000080012bc       0x24 ./Core/Src/system_stm32g4xx.o
                0x00000000080012bc                SystemInit
 .text.WiperSWRead
                0x00000000080012e0      0x210 ./Core/Src/wiper_ctrl.o
                0x00000000080012e0                WiperSWRead
 .text.WiperSWChatt
                0x00000000080014f0      0x164 ./Core/Src/wiper_ctrl.o
                0x00000000080014f0                WiperSWChatt
 .text.WiperControl
                0x0000000008001654      0x2d8 ./Core/Src/wiper_ctrl.o
                0x0000000008001654                WiperControl
 .text.DimmerLampControl
                0x000000000800192c       0xcc ./Core/Src/wiper_ctrl.o
                0x000000000800192c                DimmerLampControl
 .text.AutoWiperControl
                0x00000000080019f8      0x27c ./Core/Src/wiper_ctrl.o
                0x00000000080019f8                AutoWiperControl
 .text.LampControl
                0x0000000008001c74       0xa4 ./Core/Src/wiper_ctrl.o
                0x0000000008001c74                LampControl
 .text.WiperDataConv
                0x0000000008001d18       0xb0 ./Core/Src/wiper_ctrl.o
                0x0000000008001d18                WiperDataConv
 .text.Reset_Handler
                0x0000000008001dc8       0x50 ./Core/Startup/startup_stm32g474vetx.o
                0x0000000008001dc8                Reset_Handler
 .text.Default_Handler
                0x0000000008001e18        0x2 ./Core/Startup/startup_stm32g474vetx.o
                0x0000000008001e18                RTC_Alarm_IRQHandler
                0x0000000008001e18                EXTI2_IRQHandler
                0x0000000008001e18                TIM8_TRG_COM_IRQHandler
                0x0000000008001e18                TIM8_CC_IRQHandler
                0x0000000008001e18                HRTIM1_Master_IRQHandler
                0x0000000008001e18                SPI4_IRQHandler
                0x0000000008001e18                FDCAN3_IT0_IRQHandler
                0x0000000008001e18                TIM1_CC_IRQHandler
                0x0000000008001e18                HRTIM1_FLT_IRQHandler
                0x0000000008001e18                HRTIM1_TIMF_IRQHandler
                0x0000000008001e18                USB_HP_IRQHandler
                0x0000000008001e18                CORDIC_IRQHandler
                0x0000000008001e18                HRTIM1_TIMD_IRQHandler
                0x0000000008001e18                DMA2_Channel8_IRQHandler
                0x0000000008001e18                EXTI3_IRQHandler
                0x0000000008001e18                I2C3_ER_IRQHandler
                0x0000000008001e18                EXTI0_IRQHandler
                0x0000000008001e18                I2C2_EV_IRQHandler
                0x0000000008001e18                FPU_IRQHandler
                0x0000000008001e18                FDCAN1_IT1_IRQHandler
                0x0000000008001e18                TIM1_UP_TIM16_IRQHandler
                0x0000000008001e18                ADC1_2_IRQHandler
                0x0000000008001e18                HRTIM1_TIME_IRQHandler
                0x0000000008001e18                SPI1_IRQHandler
                0x0000000008001e18                HRTIM1_TIMC_IRQHandler
                0x0000000008001e18                TIM8_UP_IRQHandler
                0x0000000008001e18                DMA2_Channel2_IRQHandler
                0x0000000008001e18                DMA1_Channel4_IRQHandler
                0x0000000008001e18                TIM20_TRG_COM_IRQHandler
                0x0000000008001e18                USART3_IRQHandler
                0x0000000008001e18                DMA1_Channel7_IRQHandler
                0x0000000008001e18                UART5_IRQHandler
                0x0000000008001e18                ADC3_IRQHandler
                0x0000000008001e18                TIM4_IRQHandler
                0x0000000008001e18                DMA2_Channel1_IRQHandler
                0x0000000008001e18                QUADSPI_IRQHandler
                0x0000000008001e18                I2C1_EV_IRQHandler
                0x0000000008001e18                DMA1_Channel6_IRQHandler
                0x0000000008001e18                UART4_IRQHandler
                0x0000000008001e18                DMA2_Channel4_IRQHandler
                0x0000000008001e18                TIM3_IRQHandler
                0x0000000008001e18                RCC_IRQHandler
                0x0000000008001e18                TIM20_UP_IRQHandler
                0x0000000008001e18                DMA1_Channel1_IRQHandler
                0x0000000008001e18                Default_Handler
                0x0000000008001e18                DMA2_Channel7_IRQHandler
                0x0000000008001e18                RTC_TAMP_LSECSS_IRQHandler
                0x0000000008001e18                FMAC_IRQHandler
                0x0000000008001e18                EXTI15_10_IRQHandler
                0x0000000008001e18                DMA1_Channel8_IRQHandler
                0x0000000008001e18                HRTIM1_TIMA_IRQHandler
                0x0000000008001e18                TIM7_DAC_IRQHandler
                0x0000000008001e18                FDCAN3_IT1_IRQHandler
                0x0000000008001e18                TIM5_IRQHandler
                0x0000000008001e18                UCPD1_IRQHandler
                0x0000000008001e18                I2C3_EV_IRQHandler
                0x0000000008001e18                EXTI9_5_IRQHandler
                0x0000000008001e18                PVD_PVM_IRQHandler
                0x0000000008001e18                ADC5_IRQHandler
                0x0000000008001e18                DMA2_Channel5_IRQHandler
                0x0000000008001e18                CRS_IRQHandler
                0x0000000008001e18                DMA1_Channel5_IRQHandler
                0x0000000008001e18                USB_LP_IRQHandler
                0x0000000008001e18                EXTI4_IRQHandler
                0x0000000008001e18                RNG_IRQHandler
                0x0000000008001e18                HRTIM1_TIMB_IRQHandler
                0x0000000008001e18                TIM1_TRG_COM_TIM17_IRQHandler
                0x0000000008001e18                FDCAN2_IT1_IRQHandler
                0x0000000008001e18                DMA1_Channel3_IRQHandler
                0x0000000008001e18                ADC4_IRQHandler
                0x0000000008001e18                WWDG_IRQHandler
                0x0000000008001e18                I2C4_EV_IRQHandler
                0x0000000008001e18                LPUART1_IRQHandler
                0x0000000008001e18                DMA2_Channel6_IRQHandler
                0x0000000008001e18                FDCAN1_IT0_IRQHandler
                0x0000000008001e18                TIM2_IRQHandler
                0x0000000008001e18                COMP7_IRQHandler
                0x0000000008001e18                COMP1_2_3_IRQHandler
                0x0000000008001e18                EXTI1_IRQHandler
                0x0000000008001e18                USART2_IRQHandler
                0x0000000008001e18                COMP4_5_6_IRQHandler
                0x0000000008001e18                TIM20_BRK_IRQHandler
                0x0000000008001e18                I2C2_ER_IRQHandler
                0x0000000008001e18                DMA1_Channel2_IRQHandler
                0x0000000008001e18                TIM8_BRK_IRQHandler
                0x0000000008001e18                FLASH_IRQHandler
                0x0000000008001e18                TIM20_CC_IRQHandler
                0x0000000008001e18                USART1_IRQHandler
                0x0000000008001e18                SPI3_IRQHandler
                0x0000000008001e18                I2C1_ER_IRQHandler
                0x0000000008001e18                FMC_IRQHandler
                0x0000000008001e18                LPTIM1_IRQHandler
                0x0000000008001e18                DMAMUX_OVR_IRQHandler
                0x0000000008001e18                I2C4_ER_IRQHandler
                0x0000000008001e18                USBWakeUp_IRQHandler
                0x0000000008001e18                SAI1_IRQHandler
                0x0000000008001e18                DMA2_Channel3_IRQHandler
                0x0000000008001e18                TIM1_BRK_TIM15_IRQHandler
 .text.HAL_Init
                0x0000000008001e1a       0x30 ./Drivers/STM32G4xx_HAL_Driver/Src/stm32g4xx_hal.o
                0x0000000008001e1a                HAL_Init
 *fill*         0x0000000008001e4a        0x2 
 .text.HAL_InitTick
                0x0000000008001e4c       0x74 ./Drivers/STM32G4xx_HAL_Driver/Src/stm32g4xx_hal.o
                0x0000000008001e4c                HAL_InitTick
 .text.HAL_IncTick
                0x0000000008001ec0       0x24 ./Drivers/STM32G4xx_HAL_Driver/Src/stm32g4xx_hal.o
                0x0000000008001ec0                HAL_IncTick
 .text.HAL_GetTick
                0x0000000008001ee4       0x18 ./Drivers/STM32G4xx_HAL_Driver/Src/stm32g4xx_hal.o
                0x0000000008001ee4                HAL_GetTick
 .text.HAL_SuspendTick
                0x0000000008001efc       0x20 ./Drivers/STM32G4xx_HAL_Driver/Src/stm32g4xx_hal.o
                0x0000000008001efc                HAL_SuspendTick
 .text.HAL_ResumeTick
                0x0000000008001f1c       0x20 ./Drivers/STM32G4xx_HAL_Driver/Src/stm32g4xx_hal.o
                0x0000000008001f1c                HAL_ResumeTick
 .text.__NVIC_SetPriorityGrouping
                0x0000000008001f3c       0x48 ./Drivers/STM32G4xx_HAL_Driver/Src/stm32g4xx_hal_cortex.o
 .text.__NVIC_GetPriorityGrouping
                0x0000000008001f84       0x1c ./Drivers/STM32G4xx_HAL_Driver/Src/stm32g4xx_hal_cortex.o
 .text.__NVIC_EnableIRQ
                0x0000000008001fa0       0x3c ./Drivers/STM32G4xx_HAL_Driver/Src/stm32g4xx_hal_cortex.o
 .text.__NVIC_SetPriority
                0x0000000008001fdc       0x54 ./Drivers/STM32G4xx_HAL_Driver/Src/stm32g4xx_hal_cortex.o
 .text.NVIC_EncodePriority
                0x0000000008002030       0x66 ./Drivers/STM32G4xx_HAL_Driver/Src/stm32g4xx_hal_cortex.o
 *fill*         0x0000000008002096        0x2 
 .text.SysTick_Config
                0x0000000008002098       0x44 ./Drivers/STM32G4xx_HAL_Driver/Src/stm32g4xx_hal_cortex.o
 .text.HAL_NVIC_SetPriorityGrouping
                0x00000000080020dc       0x16 ./Drivers/STM32G4xx_HAL_Driver/Src/stm32g4xx_hal_cortex.o
                0x00000000080020dc                HAL_NVIC_SetPriorityGrouping
 .text.HAL_NVIC_SetPriority
                0x00000000080020f2       0x34 ./Drivers/STM32G4xx_HAL_Driver/Src/stm32g4xx_hal_cortex.o
                0x00000000080020f2                HAL_NVIC_SetPriority
 .text.HAL_NVIC_EnableIRQ
                0x0000000008002126       0x1c ./Drivers/STM32G4xx_HAL_Driver/Src/stm32g4xx_hal_cortex.o
                0x0000000008002126                HAL_NVIC_EnableIRQ
 .text.HAL_SYSTICK_Config
                0x0000000008002142       0x18 ./Drivers/STM32G4xx_HAL_Driver/Src/stm32g4xx_hal_cortex.o
                0x0000000008002142                HAL_SYSTICK_Config
 .text.HAL_DMA_Abort_IT
                0x000000000800215a       0xce ./Drivers/STM32G4xx_HAL_Driver/Src/stm32g4xx_hal_dma.o
                0x000000000800215a                HAL_DMA_Abort_IT
 .text.HAL_FDCAN_Init
                0x0000000008002228      0x2b4 ./Drivers/STM32G4xx_HAL_Driver/Src/stm32g4xx_hal_fdcan.o
                0x0000000008002228                HAL_FDCAN_Init
 .text.HAL_FDCAN_ConfigFilter
                0x00000000080024dc       0xb4 ./Drivers/STM32G4xx_HAL_Driver/Src/stm32g4xx_hal_fdcan.o
                0x00000000080024dc                HAL_FDCAN_ConfigFilter
 .text.HAL_FDCAN_ConfigGlobalFilter
                0x0000000008002590       0x62 ./Drivers/STM32G4xx_HAL_Driver/Src/stm32g4xx_hal_fdcan.o
                0x0000000008002590                HAL_FDCAN_ConfigGlobalFilter
 .text.HAL_FDCAN_Start
                0x00000000080025f2       0x50 ./Drivers/STM32G4xx_HAL_Driver/Src/stm32g4xx_hal_fdcan.o
                0x00000000080025f2                HAL_FDCAN_Start
 .text.HAL_FDCAN_Stop
                0x0000000008002642       0xe0 ./Drivers/STM32G4xx_HAL_Driver/Src/stm32g4xx_hal_fdcan.o
                0x0000000008002642                HAL_FDCAN_Stop
 .text.HAL_FDCAN_AddMessageToTxFifoQ
                0x0000000008002722       0x88 ./Drivers/STM32G4xx_HAL_Driver/Src/stm32g4xx_hal_fdcan.o
                0x0000000008002722                HAL_FDCAN_AddMessageToTxFifoQ
 *fill*         0x00000000080027aa        0x2 
 .text.HAL_FDCAN_GetRxMessage
                0x00000000080027ac      0x1b4 ./Drivers/STM32G4xx_HAL_Driver/Src/stm32g4xx_hal_fdcan.o
                0x00000000080027ac                HAL_FDCAN_GetRxMessage
 .text.HAL_FDCAN_ActivateNotification
                0x0000000008002960      0x1cc ./Drivers/STM32G4xx_HAL_Driver/Src/stm32g4xx_hal_fdcan.o
                0x0000000008002960                HAL_FDCAN_ActivateNotification
 .text.HAL_FDCAN_IRQHandler
                0x0000000008002b2c      0x272 ./Drivers/STM32G4xx_HAL_Driver/Src/stm32g4xx_hal_fdcan.o
                0x0000000008002b2c                HAL_FDCAN_IRQHandler
 .text.HAL_FDCAN_TxEventFifoCallback
                0x0000000008002d9e       0x16 ./Drivers/STM32G4xx_HAL_Driver/Src/stm32g4xx_hal_fdcan.o
                0x0000000008002d9e                HAL_FDCAN_TxEventFifoCallback
 .text.HAL_FDCAN_RxFifo1Callback
                0x0000000008002db4       0x16 ./Drivers/STM32G4xx_HAL_Driver/Src/stm32g4xx_hal_fdcan.o
                0x0000000008002db4                HAL_FDCAN_RxFifo1Callback
 .text.HAL_FDCAN_TxFifoEmptyCallback
                0x0000000008002dca       0x14 ./Drivers/STM32G4xx_HAL_Driver/Src/stm32g4xx_hal_fdcan.o
                0x0000000008002dca                HAL_FDCAN_TxFifoEmptyCallback
 .text.HAL_FDCAN_TxBufferCompleteCallback
                0x0000000008002dde       0x16 ./Drivers/STM32G4xx_HAL_Driver/Src/stm32g4xx_hal_fdcan.o
                0x0000000008002dde                HAL_FDCAN_TxBufferCompleteCallback
 .text.HAL_FDCAN_TxBufferAbortCallback
                0x0000000008002df4       0x16 ./Drivers/STM32G4xx_HAL_Driver/Src/stm32g4xx_hal_fdcan.o
                0x0000000008002df4                HAL_FDCAN_TxBufferAbortCallback
 .text.HAL_FDCAN_TimestampWraparoundCallback
                0x0000000008002e0a       0x14 ./Drivers/STM32G4xx_HAL_Driver/Src/stm32g4xx_hal_fdcan.o
                0x0000000008002e0a                HAL_FDCAN_TimestampWraparoundCallback
 .text.HAL_FDCAN_TimeoutOccurredCallback
                0x0000000008002e1e       0x14 ./Drivers/STM32G4xx_HAL_Driver/Src/stm32g4xx_hal_fdcan.o
                0x0000000008002e1e                HAL_FDCAN_TimeoutOccurredCallback
 .text.HAL_FDCAN_HighPriorityMessageCallback
                0x0000000008002e32       0x14 ./Drivers/STM32G4xx_HAL_Driver/Src/stm32g4xx_hal_fdcan.o
                0x0000000008002e32                HAL_FDCAN_HighPriorityMessageCallback
 .text.HAL_FDCAN_ErrorCallback
                0x0000000008002e46       0x14 ./Drivers/STM32G4xx_HAL_Driver/Src/stm32g4xx_hal_fdcan.o
                0x0000000008002e46                HAL_FDCAN_ErrorCallback
 .text.HAL_FDCAN_ErrorStatusCallback
                0x0000000008002e5a       0x16 ./Drivers/STM32G4xx_HAL_Driver/Src/stm32g4xx_hal_fdcan.o
                0x0000000008002e5a                HAL_FDCAN_ErrorStatusCallback
 .text.FDCAN_CalcultateRamBlockAddresses
                0x0000000008002e70       0xd8 ./Drivers/STM32G4xx_HAL_Driver/Src/stm32g4xx_hal_fdcan.o
 .text.FDCAN_CopyMessageToRAM
                0x0000000008002f48       0xf8 ./Drivers/STM32G4xx_HAL_Driver/Src/stm32g4xx_hal_fdcan.o
 .text.HAL_GPIO_Init
                0x0000000008003040      0x304 ./Drivers/STM32G4xx_HAL_Driver/Src/stm32g4xx_hal_gpio.o
                0x0000000008003040                HAL_GPIO_Init
 .text.HAL_GPIO_ReadPin
                0x0000000008003344       0x30 ./Drivers/STM32G4xx_HAL_Driver/Src/stm32g4xx_hal_gpio.o
                0x0000000008003344                HAL_GPIO_ReadPin
 .text.HAL_GPIO_WritePin
                0x0000000008003374       0x30 ./Drivers/STM32G4xx_HAL_Driver/Src/stm32g4xx_hal_gpio.o
                0x0000000008003374                HAL_GPIO_WritePin
 .text.HAL_PWR_EnterSTOPMode
                0x00000000080033a4       0x2e ./Drivers/STM32G4xx_HAL_Driver/Src/stm32g4xx_hal_pwr.o
                0x00000000080033a4                HAL_PWR_EnterSTOPMode
 *fill*         0x00000000080033d2        0x2 
 .text.HAL_PWREx_ControlVoltageScaling
                0x00000000080033d4      0x148 ./Drivers/STM32G4xx_HAL_Driver/Src/stm32g4xx_hal_pwr_ex.o
                0x00000000080033d4                HAL_PWREx_ControlVoltageScaling
 .text.HAL_PWREx_EnterSTOP0Mode
                0x000000000800351c       0x54 ./Drivers/STM32G4xx_HAL_Driver/Src/stm32g4xx_hal_pwr_ex.o
                0x000000000800351c                HAL_PWREx_EnterSTOP0Mode
 .text.HAL_PWREx_EnterSTOP1Mode
                0x0000000008003570       0x58 ./Drivers/STM32G4xx_HAL_Driver/Src/stm32g4xx_hal_pwr_ex.o
                0x0000000008003570                HAL_PWREx_EnterSTOP1Mode
 .text.HAL_PWREx_DisableUCPDDeadBattery
                0x00000000080035c8       0x20 ./Drivers/STM32G4xx_HAL_Driver/Src/stm32g4xx_hal_pwr_ex.o
                0x00000000080035c8                HAL_PWREx_DisableUCPDDeadBattery
 .text.HAL_RCC_OscConfig
                0x00000000080035e8      0x630 ./Drivers/STM32G4xx_HAL_Driver/Src/stm32g4xx_hal_rcc.o
                0x00000000080035e8                HAL_RCC_OscConfig
 .text.HAL_RCC_ClockConfig
                0x0000000008003c18      0x278 ./Drivers/STM32G4xx_HAL_Driver/Src/stm32g4xx_hal_rcc.o
                0x0000000008003c18                HAL_RCC_ClockConfig
 .text.HAL_RCC_GetSysClockFreq
                0x0000000008003e90       0xc4 ./Drivers/STM32G4xx_HAL_Driver/Src/stm32g4xx_hal_rcc.o
                0x0000000008003e90                HAL_RCC_GetSysClockFreq
 .text.RCC_GetSysClockFreqFromPLLSource
                0x0000000008003f54       0x8c ./Drivers/STM32G4xx_HAL_Driver/Src/stm32g4xx_hal_rcc.o
 .text.HAL_RCCEx_PeriphCLKConfig
                0x0000000008003fe0      0x498 ./Drivers/STM32G4xx_HAL_Driver/Src/stm32g4xx_hal_rcc_ex.o
                0x0000000008003fe0                HAL_RCCEx_PeriphCLKConfig
 .text.HAL_RTC_Init
                0x0000000008004478       0xdc ./Drivers/STM32G4xx_HAL_Driver/Src/stm32g4xx_hal_rtc.o
                0x0000000008004478                HAL_RTC_Init
 .text.HAL_RTC_WaitForSynchro
                0x0000000008004554       0x4c ./Drivers/STM32G4xx_HAL_Driver/Src/stm32g4xx_hal_rtc.o
                0x0000000008004554                HAL_RTC_WaitForSynchro
 .text.RTC_EnterInitMode
                0x00000000080045a0       0x68 ./Drivers/STM32G4xx_HAL_Driver/Src/stm32g4xx_hal_rtc.o
                0x00000000080045a0                RTC_EnterInitMode
 .text.RTC_ExitInitMode
                0x0000000008004608       0x7c ./Drivers/STM32G4xx_HAL_Driver/Src/stm32g4xx_hal_rtc.o
                0x0000000008004608                RTC_ExitInitMode
 .text.HAL_RTCEx_SetWakeUpTimer_IT
                0x0000000008004684       0xfc ./Drivers/STM32G4xx_HAL_Driver/Src/stm32g4xx_hal_rtc_ex.o
                0x0000000008004684                HAL_RTCEx_SetWakeUpTimer_IT
 .text.HAL_RTCEx_DeactivateWakeUpTimer
                0x0000000008004780       0xac ./Drivers/STM32G4xx_HAL_Driver/Src/stm32g4xx_hal_rtc_ex.o
                0x0000000008004780                HAL_RTCEx_DeactivateWakeUpTimer
 .text.HAL_RTCEx_WakeUpTimerIRQHandler
                0x000000000800482c       0x40 ./Drivers/STM32G4xx_HAL_Driver/Src/stm32g4xx_hal_rtc_ex.o
                0x000000000800482c                HAL_RTCEx_WakeUpTimerIRQHandler
 .text.HAL_RTCEx_WakeUpTimerEventCallback
                0x000000000800486c       0x14 ./Drivers/STM32G4xx_HAL_Driver/Src/stm32g4xx_hal_rtc_ex.o
                0x000000000800486c                HAL_RTCEx_WakeUpTimerEventCallback
 .text.HAL_SPI_Init
                0x0000000008004880      0x156 ./Drivers/STM32G4xx_HAL_Driver/Src/stm32g4xx_hal_spi.o
                0x0000000008004880                HAL_SPI_Init
 .text.HAL_SPI_TransmitReceive
                0x00000000080049d6      0x426 ./Drivers/STM32G4xx_HAL_Driver/Src/stm32g4xx_hal_spi.o
                0x00000000080049d6                HAL_SPI_TransmitReceive
 .text.HAL_SPI_IRQHandler
                0x0000000008004dfc      0x200 ./Drivers/STM32G4xx_HAL_Driver/Src/stm32g4xx_hal_spi.o
                0x0000000008004dfc                HAL_SPI_IRQHandler
 .text.HAL_SPI_ErrorCallback
                0x0000000008004ffc       0x14 ./Drivers/STM32G4xx_HAL_Driver/Src/stm32g4xx_hal_spi.o
                0x0000000008004ffc                HAL_SPI_ErrorCallback
 .text.SPI_DMAAbortOnError
                0x0000000008005010       0x2a ./Drivers/STM32G4xx_HAL_Driver/Src/stm32g4xx_hal_spi.o
 *fill*         0x000000000800503a        0x2 
 .text.SPI_WaitFlagStateUntilTimeout
                0x000000000800503c      0x110 ./Drivers/STM32G4xx_HAL_Driver/Src/stm32g4xx_hal_spi.o
 .text.SPI_WaitFifoStateUntilTimeout
                0x000000000800514c      0x124 ./Drivers/STM32G4xx_HAL_Driver/Src/stm32g4xx_hal_spi.o
 .text.SPI_EndRxTxTransaction
                0x0000000008005270       0x8c ./Drivers/STM32G4xx_HAL_Driver/Src/stm32g4xx_hal_spi.o
 .text.HAL_TIM_Base_Init
                0x00000000080052fc       0xae ./Drivers/STM32G4xx_HAL_Driver/Src/stm32g4xx_hal_tim.o
                0x00000000080052fc                HAL_TIM_Base_Init
 *fill*         0x00000000080053aa        0x2 
 .text.HAL_TIM_Base_Start_IT
                0x00000000080053ac       0xf0 ./Drivers/STM32G4xx_HAL_Driver/Src/stm32g4xx_hal_tim.o
                0x00000000080053ac                HAL_TIM_Base_Start_IT
 .text.HAL_TIM_PWM_Init
                0x000000000800549c       0xae ./Drivers/STM32G4xx_HAL_Driver/Src/stm32g4xx_hal_tim.o
                0x000000000800549c                HAL_TIM_PWM_Init
 *fill*         0x000000000800554a        0x2 
 .text.HAL_TIM_PWM_Start
                0x000000000800554c      0x224 ./Drivers/STM32G4xx_HAL_Driver/Src/stm32g4xx_hal_tim.o
                0x000000000800554c                HAL_TIM_PWM_Start
 .text.HAL_TIM_PWM_Stop
                0x0000000008005770      0x138 ./Drivers/STM32G4xx_HAL_Driver/Src/stm32g4xx_hal_tim.o
                0x0000000008005770                HAL_TIM_PWM_Stop
 .text.HAL_TIM_IRQHandler
                0x00000000080058a8      0x2fe ./Drivers/STM32G4xx_HAL_Driver/Src/stm32g4xx_hal_tim.o
                0x00000000080058a8                HAL_TIM_IRQHandler
 *fill*         0x0000000008005ba6        0x2 
 .text.HAL_TIM_PWM_ConfigChannel
                0x0000000008005ba8      0x220 ./Drivers/STM32G4xx_HAL_Driver/Src/stm32g4xx_hal_tim.o
                0x0000000008005ba8                HAL_TIM_PWM_ConfigChannel
 .text.HAL_TIM_OC_DelayElapsedCallback
                0x0000000008005dc8       0x14 ./Drivers/STM32G4xx_HAL_Driver/Src/stm32g4xx_hal_tim.o
                0x0000000008005dc8                HAL_TIM_OC_DelayElapsedCallback
 .text.HAL_TIM_IC_CaptureCallback
                0x0000000008005ddc       0x14 ./Drivers/STM32G4xx_HAL_Driver/Src/stm32g4xx_hal_tim.o
                0x0000000008005ddc                HAL_TIM_IC_CaptureCallback
 .text.HAL_TIM_PWM_PulseFinishedCallback
                0x0000000008005df0       0x14 ./Drivers/STM32G4xx_HAL_Driver/Src/stm32g4xx_hal_tim.o
                0x0000000008005df0                HAL_TIM_PWM_PulseFinishedCallback
 .text.HAL_TIM_TriggerCallback
                0x0000000008005e04       0x14 ./Drivers/STM32G4xx_HAL_Driver/Src/stm32g4xx_hal_tim.o
                0x0000000008005e04                HAL_TIM_TriggerCallback
 .text.TIM_Base_SetConfig
                0x0000000008005e18      0x150 ./Drivers/STM32G4xx_HAL_Driver/Src/stm32g4xx_hal_tim.o
                0x0000000008005e18                TIM_Base_SetConfig
 .text.TIM_OC1_SetConfig
                0x0000000008005f68      0x134 ./Drivers/STM32G4xx_HAL_Driver/Src/stm32g4xx_hal_tim.o
 .text.TIM_OC2_SetConfig
                0x000000000800609c      0x128 ./Drivers/STM32G4xx_HAL_Driver/Src/stm32g4xx_hal_tim.o
                0x000000000800609c                TIM_OC2_SetConfig
 .text.TIM_OC3_SetConfig
                0x00000000080061c4      0x124 ./Drivers/STM32G4xx_HAL_Driver/Src/stm32g4xx_hal_tim.o
 .text.TIM_OC4_SetConfig
                0x00000000080062e8      0x128 ./Drivers/STM32G4xx_HAL_Driver/Src/stm32g4xx_hal_tim.o
 .text.TIM_OC5_SetConfig
                0x0000000008006410       0xd4 ./Drivers/STM32G4xx_HAL_Driver/Src/stm32g4xx_hal_tim.o
 .text.TIM_OC6_SetConfig
                0x00000000080064e4       0xd8 ./Drivers/STM32G4xx_HAL_Driver/Src/stm32g4xx_hal_tim.o
 .text.TIM_CCxChannelCmd
                0x00000000080065bc       0x4a ./Drivers/STM32G4xx_HAL_Driver/Src/stm32g4xx_hal_tim.o
                0x00000000080065bc                TIM_CCxChannelCmd
 *fill*         0x0000000008006606        0x2 
 .text.HAL_TIMEx_MasterConfigSynchronization
                0x0000000008006608      0x12c ./Drivers/STM32G4xx_HAL_Driver/Src/stm32g4xx_hal_tim_ex.o
                0x0000000008006608                HAL_TIMEx_MasterConfigSynchronization
 .text.HAL_TIMEx_CommutCallback
                0x0000000008006734       0x14 ./Drivers/STM32G4xx_HAL_Driver/Src/stm32g4xx_hal_tim_ex.o
                0x0000000008006734                HAL_TIMEx_CommutCallback
 .text.HAL_TIMEx_BreakCallback
                0x0000000008006748       0x14 ./Drivers/STM32G4xx_HAL_Driver/Src/stm32g4xx_hal_tim_ex.o
                0x0000000008006748                HAL_TIMEx_BreakCallback
 .text.HAL_TIMEx_Break2Callback
                0x000000000800675c       0x14 ./Drivers/STM32G4xx_HAL_Driver/Src/stm32g4xx_hal_tim_ex.o
                0x000000000800675c                HAL_TIMEx_Break2Callback
 .text.HAL_TIMEx_EncoderIndexCallback
                0x0000000008006770       0x14 ./Drivers/STM32G4xx_HAL_Driver/Src/stm32g4xx_hal_tim_ex.o
                0x0000000008006770                HAL_TIMEx_EncoderIndexCallback
 .text.HAL_TIMEx_DirectionChangeCallback
                0x0000000008006784       0x14 ./Drivers/STM32G4xx_HAL_Driver/Src/stm32g4xx_hal_tim_ex.o
                0x0000000008006784                HAL_TIMEx_DirectionChangeCallback
 .text.HAL_TIMEx_IndexErrorCallback
                0x0000000008006798       0x14 ./Drivers/STM32G4xx_HAL_Driver/Src/stm32g4xx_hal_tim_ex.o
                0x0000000008006798                HAL_TIMEx_IndexErrorCallback
 .text.HAL_TIMEx_TransitionErrorCallback
                0x00000000080067ac       0x14 ./Drivers/STM32G4xx_HAL_Driver/Src/stm32g4xx_hal_tim_ex.o
                0x00000000080067ac                HAL_TIMEx_TransitionErrorCallback
 .text.__libc_init_array
                0x00000000080067c0       0x48 c:/st/stm32cubeide_1.3.0/stm32cubeide/plugins/com.st.stm32cube.ide.mcu.externaltools.gnu-tools-for-stm32.9-2020-q2-update.win32_2.0.0.202105311346/tools/bin/../lib/gcc/arm-none-eabi/9.3.1/../../../../arm-none-eabi/lib/thumb/v7e-m+fp/hard\libc_nano.a(lib_a-init.o)
                0x00000000080067c0                __libc_init_array
 .text.memset   0x0000000008006808       0x10 c:/st/stm32cubeide_1.3.0/stm32cubeide/plugins/com.st.stm32cube.ide.mcu.externaltools.gnu-tools-for-stm32.9-2020-q2-update.win32_2.0.0.202105311346/tools/bin/../lib/gcc/arm-none-eabi/9.3.1/../../../../arm-none-eabi/lib/thumb/v7e-m+fp/hard\libc_nano.a(lib_a-memset.o)
                0x0000000008006808                memset
 *(.glue_7)
 .glue_7        0x0000000008006818        0x0 linker stubs
 *(.glue_7t)
 .glue_7t       0x0000000008006818        0x0 linker stubs
 *(.eh_frame)
 .eh_frame      0x0000000008006818        0x0 c:/st/stm32cubeide_1.3.0/stm32cubeide/plugins/com.st.stm32cube.ide.mcu.externaltools.gnu-tools-for-stm32.9-2020-q2-update.win32_2.0.0.202105311346/tools/bin/../lib/gcc/arm-none-eabi/9.3.1/thumb/v7e-m+fp/hard/crtbegin.o
 *(.init)
 .init          0x0000000008006818        0x4 c:/st/stm32cubeide_1.3.0/stm32cubeide/plugins/com.st.stm32cube.ide.mcu.externaltools.gnu-tools-for-stm32.9-2020-q2-update.win32_2.0.0.202105311346/tools/bin/../lib/gcc/arm-none-eabi/9.3.1/thumb/v7e-m+fp/hard/crti.o
                0x0000000008006818                _init
 .init          0x000000000800681c        0x8 c:/st/stm32cubeide_1.3.0/stm32cubeide/plugins/com.st.stm32cube.ide.mcu.externaltools.gnu-tools-for-stm32.9-2020-q2-update.win32_2.0.0.202105311346/tools/bin/../lib/gcc/arm-none-eabi/9.3.1/thumb/v7e-m+fp/hard/crtn.o
 *(.fini)
 .fini          0x0000000008006824        0x4 c:/st/stm32cubeide_1.3.0/stm32cubeide/plugins/com.st.stm32cube.ide.mcu.externaltools.gnu-tools-for-stm32.9-2020-q2-update.win32_2.0.0.202105311346/tools/bin/../lib/gcc/arm-none-eabi/9.3.1/thumb/v7e-m+fp/hard/crti.o
                0x0000000008006824                _fini
 .fini          0x0000000008006828        0x8 c:/st/stm32cubeide_1.3.0/stm32cubeide/plugins/com.st.stm32cube.ide.mcu.externaltools.gnu-tools-for-stm32.9-2020-q2-update.win32_2.0.0.202105311346/tools/bin/../lib/gcc/arm-none-eabi/9.3.1/thumb/v7e-m+fp/hard/crtn.o
                0x0000000008006830                . = ALIGN (0x4)
                0x0000000008006830                _etext = .

.vfp11_veneer   0x0000000008006830        0x0
 .vfp11_veneer  0x0000000008006830        0x0 linker stubs

.v4_bx          0x0000000008006830        0x0
 .v4_bx         0x0000000008006830        0x0 linker stubs

.iplt           0x0000000008006830        0x0
 .iplt          0x0000000008006830        0x0 c:/st/stm32cubeide_1.3.0/stm32cubeide/plugins/com.st.stm32cube.ide.mcu.externaltools.gnu-tools-for-stm32.9-2020-q2-update.win32_2.0.0.202105311346/tools/bin/../lib/gcc/arm-none-eabi/9.3.1/thumb/v7e-m+fp/hard/crtbegin.o

.rodata         0x0000000008006830       0x20
                0x0000000008006830                . = ALIGN (0x4)
 *(.rodata)
 *(.rodata*)
 .rodata.AHBPrescTable
                0x0000000008006830       0x10 ./Core/Src/system_stm32g4xx.o
                0x0000000008006830                AHBPrescTable
 .rodata.DLCtoBytes
                0x0000000008006840       0x10 ./Drivers/STM32G4xx_HAL_Driver/Src/stm32g4xx_hal_fdcan.o
                0x0000000008006850                . = ALIGN (0x4)

.rel.dyn        0x0000000008006850        0x0
 .rel.iplt      0x0000000008006850        0x0 c:/st/stm32cubeide_1.3.0/stm32cubeide/plugins/com.st.stm32cube.ide.mcu.externaltools.gnu-tools-for-stm32.9-2020-q2-update.win32_2.0.0.202105311346/tools/bin/../lib/gcc/arm-none-eabi/9.3.1/thumb/v7e-m+fp/hard/crtbegin.o

.ARM.extab      0x0000000008006850        0x0
                0x0000000008006850                . = ALIGN (0x4)
 *(.ARM.extab* .gnu.linkonce.armextab.*)
                0x0000000008006850                . = ALIGN (0x4)

.ARM            0x0000000008006850        0x0
                0x0000000008006850                . = ALIGN (0x4)
                0x0000000008006850                __exidx_start = .
 *(.ARM.exidx*)
                0x0000000008006850                __exidx_end = .
                0x0000000008006850                . = ALIGN (0x4)

.preinit_array  0x0000000008006850        0x0
                0x0000000008006850                . = ALIGN (0x4)
                0x0000000008006850                PROVIDE (__preinit_array_start = .)
 *(.preinit_array*)
                0x0000000008006850                PROVIDE (__preinit_array_end = .)
                0x0000000008006850                . = ALIGN (0x4)

.init_array     0x0000000008006850        0x4
                0x0000000008006850                . = ALIGN (0x4)
                0x0000000008006850                PROVIDE (__init_array_start = .)
 *(SORT_BY_NAME(.init_array.*))
 *(.init_array*)
 .init_array    0x0000000008006850        0x4 c:/st/stm32cubeide_1.3.0/stm32cubeide/plugins/com.st.stm32cube.ide.mcu.externaltools.gnu-tools-for-stm32.9-2020-q2-update.win32_2.0.0.202105311346/tools/bin/../lib/gcc/arm-none-eabi/9.3.1/thumb/v7e-m+fp/hard/crtbegin.o
                0x0000000008006854                PROVIDE (__init_array_end = .)
                0x0000000008006854                . = ALIGN (0x4)

.fini_array     0x0000000008006854        0x4
                0x0000000008006854                . = ALIGN (0x4)
                [!provide]                        PROVIDE (__fini_array_start = .)
 *(SORT_BY_NAME(.fini_array.*))
 *(.fini_array*)
 .fini_array    0x0000000008006854        0x4 c:/st/stm32cubeide_1.3.0/stm32cubeide/plugins/com.st.stm32cube.ide.mcu.externaltools.gnu-tools-for-stm32.9-2020-q2-update.win32_2.0.0.202105311346/tools/bin/../lib/gcc/arm-none-eabi/9.3.1/thumb/v7e-m+fp/hard/crtbegin.o
                [!provide]                        PROVIDE (__fini_array_end = .)
                0x0000000008006858                . = ALIGN (0x4)
                0x0000000008006858                _sidata = LOADADDR (.data)

.data           0x0000000020000000        0xc load address 0x0000000008006858
                0x0000000020000000                . = ALIGN (0x4)
                0x0000000020000000                _sdata = .
 *(.data)
 *(.data*)
 .data.SystemCoreClock
                0x0000000020000000        0x4 ./Core/Src/system_stm32g4xx.o
                0x0000000020000000                SystemCoreClock
 .data.uwTickPrio
                0x0000000020000004        0x4 ./Drivers/STM32G4xx_HAL_Driver/Src/stm32g4xx_hal.o
                0x0000000020000004                uwTickPrio
 .data.uwTickFreq
                0x0000000020000008        0x4 ./Drivers/STM32G4xx_HAL_Driver/Src/stm32g4xx_hal.o
                0x0000000020000008                uwTickFreq
 *(.RamFunc)
 *(.RamFunc*)
                0x000000002000000c                . = ALIGN (0x4)
                0x000000002000000c                _edata = .

.igot.plt       0x000000002000000c        0x0 load address 0x0000000008006864
 .igot.plt      0x000000002000000c        0x0 c:/st/stm32cubeide_1.3.0/stm32cubeide/plugins/com.st.stm32cube.ide.mcu.externaltools.gnu-tools-for-stm32.9-2020-q2-update.win32_2.0.0.202105311346/tools/bin/../lib/gcc/arm-none-eabi/9.3.1/thumb/v7e-m+fp/hard/crtbegin.o
                0x000000002000000c                . = ALIGN (0x4)

.bss            0x000000002000000c      0x3b0 load address 0x0000000008006864
                0x000000002000000c                _sbss = .
                0x000000002000000c                __bss_start__ = _sbss
 *(.bss)
 .bss           0x000000002000000c       0x1c c:/st/stm32cubeide_1.3.0/stm32cubeide/plugins/com.st.stm32cube.ide.mcu.externaltools.gnu-tools-for-stm32.9-2020-q2-update.win32_2.0.0.202105311346/tools/bin/../lib/gcc/arm-none-eabi/9.3.1/thumb/v7e-m+fp/hard/crtbegin.o
 *(.bss*)
 .bss.washer_prev.9300
                0x0000000020000028        0x1 ./Core/Src/wiper_ctrl.o
 .bss.auto_wiper_delay.9314
                0x0000000020000029        0x1 ./Core/Src/wiper_ctrl.o
 .bss.rain_sens_wiper_low_on_cnt.9316
                0x000000002000002a        0x1 ./Core/Src/wiper_ctrl.o
 .bss.rain_sens_wiper_low_on.9315
                0x000000002000002b        0x1 ./Core/Src/wiper_ctrl.o
 .bss.rain_sens_wiper_high_on_cnt.9318
                0x000000002000002c        0x1 ./Core/Src/wiper_ctrl.o
 .bss.rain_sens_wiper_high_on.9317
                0x000000002000002d        0x1 ./Core/Src/wiper_ctrl.o
 *(COMMON)
 *fill*         0x000000002000002e        0x2 
 COMMON         0x0000000020000030      0x290 ./Core/Src/ctrl_routine.o
                0x0000000020000030                rain_sens_wiper_low
                0x0000000020000031                stop_enable
                0x0000000020000032                vehicle_vel_prev
                0x0000000020000033                washer_on_cnt
                0x0000000020000034                charge_door_status
                0x0000000020000036                wiper_int_volt
                0x0000000020000038                can1_tx_data
                0x0000000020000040                can_not_receive_cnt
                0x0000000020000041                door_open_status_prev
                0x0000000020000044                Input_Status_Prev
                0x000000002000004c                htim5
                0x0000000020000098                washer_off_cnt
                0x000000002000009c                can1_tx_header
                0x00000000200000c0                htim3
                0x000000002000010c                wiper_tx_data
                0x0000000020000114                spi2_tx_data
                0x000000002000011c                washer_on
                0x000000002000011d                stop_lamp_on
                0x000000002000011e                dimmer_status
                0x0000000020000120                can2_tx_header
                0x0000000020000144                key_in
                0x0000000020000145                lamp_tx_flag
                0x0000000020000146                wiper_tx_flag
                0x0000000020000148                can2_tx_data
                0x0000000020000150                can1_rx_header
                0x0000000020000178                Input_Status
                0x0000000020000180                ign2_status
                0x0000000020000181                auto_mode
                0x0000000020000184                Wiper_Status
                0x000000002000018c                hfdcan1
                0x00000000200001f0                wiper_int_on_cnt
                0x00000000200001f2                taillamp_on
                0x00000000200001f4                Chattering
                0x00000000200001fc                can2_rx_header
                0x0000000020000224                rke_lock_status
                0x0000000020000225                washer_off
                0x0000000020000226                dimmer_volt
                0x0000000020000228                can1_rx_data
                0x0000000020000230                vehicle_dec
                0x0000000020000234                Lamp_Status
                0x0000000020000238                Akit_Command
                0x000000002000023d                door_open_status
                0x000000002000023e                rain_sens_wiper_high
                0x000000002000023f                timer6_cmd_num
                0x0000000020000240                pBrake_status
                0x0000000020000241                ign1_status
                0x0000000020000244                hfdcan2
                0x00000000200002a8                stop_mode_cnt
                0x00000000200002ac                can2_rx_data
                0x00000000200002b4                vehicle_vel
                0x00000000200002b6                rke_unlock_status
                0x00000000200002b8                Input_Status_Raw
 COMMON         0x00000000200002c0       0xf8 ./Core/Src/main.o
                0x00000000200002c0                hspi2
                0x0000000020000324                spi2_rx_data
                0x000000002000032c                hrtc
                0x0000000020000354                htim6
                0x00000000200003a0                can2_filter
 COMMON         0x00000000200003b8        0x4 ./Drivers/STM32G4xx_HAL_Driver/Src/stm32g4xx_hal.o
                0x00000000200003b8                uwTick
                0x00000000200003bc                . = ALIGN (0x4)
                0x00000000200003bc                _ebss = .
                0x00000000200003bc                __bss_end__ = _ebss

._user_heap_stack
                0x00000000200003bc      0x604 load address 0x0000000008006864
                0x00000000200003c0                . = ALIGN (0x8)
 *fill*         0x00000000200003bc        0x4 
                [!provide]                        PROVIDE (end = .)
                0x00000000200003c0                PROVIDE (_end = .)
                0x00000000200005c0                . = (. + _Min_Heap_Size)
 *fill*         0x00000000200003c0      0x200 
                0x00000000200009c0                . = (. + _Min_Stack_Size)
 *fill*         0x00000000200005c0      0x400 
                0x00000000200009c0                . = ALIGN (0x8)

/DISCARD/
 libc.a(*)
 libm.a(*)
 libgcc.a(*)

.ARM.attributes
                0x0000000000000000       0x30
 *(.ARM.attributes)
 .ARM.attributes
                0x0000000000000000       0x1e c:/st/stm32cubeide_1.3.0/stm32cubeide/plugins/com.st.stm32cube.ide.mcu.externaltools.gnu-tools-for-stm32.9-2020-q2-update.win32_2.0.0.202105311346/tools/bin/../lib/gcc/arm-none-eabi/9.3.1/thumb/v7e-m+fp/hard/crti.o
 .ARM.attributes
                0x000000000000001e       0x34 c:/st/stm32cubeide_1.3.0/stm32cubeide/plugins/com.st.stm32cube.ide.mcu.externaltools.gnu-tools-for-stm32.9-2020-q2-update.win32_2.0.0.202105311346/tools/bin/../lib/gcc/arm-none-eabi/9.3.1/thumb/v7e-m+fp/hard/crtbegin.o
 .ARM.attributes
                0x0000000000000052       0x34 ./Core/Src/ctrl_routine.o
 .ARM.attributes
                0x0000000000000086       0x34 ./Core/Src/main.o
 .ARM.attributes
                0x00000000000000ba       0x34 ./Core/Src/stm32g4xx_hal_msp.o
 .ARM.attributes
                0x00000000000000ee       0x34 ./Core/Src/stm32g4xx_it.o
 .ARM.attributes
                0x0000000000000122       0x34 ./Core/Src/system_stm32g4xx.o
 .ARM.attributes
                0x0000000000000156       0x34 ./Core/Src/wiper_ctrl.o
 .ARM.attributes
                0x000000000000018a       0x21 ./Core/Startup/startup_stm32g474vetx.o
 .ARM.attributes
                0x00000000000001ab       0x34 ./Drivers/STM32G4xx_HAL_Driver/Src/stm32g4xx_hal.o
 .ARM.attributes
                0x00000000000001df       0x34 ./Drivers/STM32G4xx_HAL_Driver/Src/stm32g4xx_hal_cortex.o
 .ARM.attributes
                0x0000000000000213       0x34 ./Drivers/STM32G4xx_HAL_Driver/Src/stm32g4xx_hal_dma.o
 .ARM.attributes
                0x0000000000000247       0x34 ./Drivers/STM32G4xx_HAL_Driver/Src/stm32g4xx_hal_fdcan.o
 .ARM.attributes
                0x000000000000027b       0x34 ./Drivers/STM32G4xx_HAL_Driver/Src/stm32g4xx_hal_gpio.o
 .ARM.attributes
                0x00000000000002af       0x34 ./Drivers/STM32G4xx_HAL_Driver/Src/stm32g4xx_hal_pwr.o
 .ARM.attributes
                0x00000000000002e3       0x34 ./Drivers/STM32G4xx_HAL_Driver/Src/stm32g4xx_hal_pwr_ex.o
 .ARM.attributes
                0x0000000000000317       0x34 ./Drivers/STM32G4xx_HAL_Driver/Src/stm32g4xx_hal_rcc.o
 .ARM.attributes
                0x000000000000034b       0x34 ./Drivers/STM32G4xx_HAL_Driver/Src/stm32g4xx_hal_rcc_ex.o
 .ARM.attributes
                0x000000000000037f       0x34 ./Drivers/STM32G4xx_HAL_Driver/Src/stm32g4xx_hal_rtc.o
 .ARM.attributes
                0x00000000000003b3       0x34 ./Drivers/STM32G4xx_HAL_Driver/Src/stm32g4xx_hal_rtc_ex.o
 .ARM.attributes
                0x00000000000003e7       0x34 ./Drivers/STM32G4xx_HAL_Driver/Src/stm32g4xx_hal_spi.o
 .ARM.attributes
                0x000000000000041b       0x34 ./Drivers/STM32G4xx_HAL_Driver/Src/stm32g4xx_hal_tim.o
 .ARM.attributes
                0x000000000000044f       0x34 ./Drivers/STM32G4xx_HAL_Driver/Src/stm32g4xx_hal_tim_ex.o
 .ARM.attributes
                0x0000000000000483       0x34 c:/st/stm32cubeide_1.3.0/stm32cubeide/plugins/com.st.stm32cube.ide.mcu.externaltools.gnu-tools-for-stm32.9-2020-q2-update.win32_2.0.0.202105311346/tools/bin/../lib/gcc/arm-none-eabi/9.3.1/../../../../arm-none-eabi/lib/thumb/v7e-m+fp/hard\libc_nano.a(lib_a-init.o)
 .ARM.attributes
                0x00000000000004b7       0x34 c:/st/stm32cubeide_1.3.0/stm32cubeide/plugins/com.st.stm32cube.ide.mcu.externaltools.gnu-tools-for-stm32.9-2020-q2-update.win32_2.0.0.202105311346/tools/bin/../lib/gcc/arm-none-eabi/9.3.1/../../../../arm-none-eabi/lib/thumb/v7e-m+fp/hard\libc_nano.a(lib_a-memset.o)
 .ARM.attributes
                0x00000000000004eb       0x1e c:/st/stm32cubeide_1.3.0/stm32cubeide/plugins/com.st.stm32cube.ide.mcu.externaltools.gnu-tools-for-stm32.9-2020-q2-update.win32_2.0.0.202105311346/tools/bin/../lib/gcc/arm-none-eabi/9.3.1/thumb/v7e-m+fp/hard/crtn.o
OUTPUT(42DOT_aDRT_2nd_WIPER_ABU.elf elf32-littlearm)
LOAD linker stubs
LOAD c:/st/stm32cubeide_1.3.0/stm32cubeide/plugins/com.st.stm32cube.ide.mcu.externaltools.gnu-tools-for-stm32.9-2020-q2-update.win32_2.0.0.202105311346/tools/bin/../lib/gcc/arm-none-eabi/9.3.1/../../../../arm-none-eabi/lib/thumb/v7e-m+fp/hard\libc.a
LOAD c:/st/stm32cubeide_1.3.0/stm32cubeide/plugins/com.st.stm32cube.ide.mcu.externaltools.gnu-tools-for-stm32.9-2020-q2-update.win32_2.0.0.202105311346/tools/bin/../lib/gcc/arm-none-eabi/9.3.1/../../../../arm-none-eabi/lib/thumb/v7e-m+fp/hard\libm.a
LOAD c:/st/stm32cubeide_1.3.0/stm32cubeide/plugins/com.st.stm32cube.ide.mcu.externaltools.gnu-tools-for-stm32.9-2020-q2-update.win32_2.0.0.202105311346/tools/bin/../lib/gcc/arm-none-eabi/9.3.1/thumb/v7e-m+fp/hard\libgcc.a

.debug_info     0x0000000000000000    0x1aabf
 .debug_info    0x0000000000000000     0x1744 ./Core/Src/ctrl_routine.o
 .debug_info    0x0000000000001744     0x2744 ./Core/Src/main.o
 .debug_info    0x0000000000003e88     0x2461 ./Core/Src/stm32g4xx_hal_msp.o
 .debug_info    0x00000000000062e9     0x1c44 ./Core/Src/stm32g4xx_it.o
 .debug_info    0x0000000000007f2d      0x718 ./Core/Src/system_stm32g4xx.o
 .debug_info    0x0000000000008645     0x1896 ./Core/Src/wiper_ctrl.o
 .debug_info    0x0000000000009edb       0x22 ./Core/Startup/startup_stm32g474vetx.o
 .debug_info    0x0000000000009efd      0xcfd ./Drivers/STM32G4xx_HAL_Driver/Src/stm32g4xx_hal.o
 .debug_info    0x000000000000abfa     0x1032 ./Drivers/STM32G4xx_HAL_Driver/Src/stm32g4xx_hal_cortex.o
 .debug_info    0x000000000000bc2c      0xa9e ./Drivers/STM32G4xx_HAL_Driver/Src/stm32g4xx_hal_dma.o
 .debug_info    0x000000000000c6ca     0x1b03 ./Drivers/STM32G4xx_HAL_Driver/Src/stm32g4xx_hal_fdcan.o
 .debug_info    0x000000000000e1cd      0xa13 ./Drivers/STM32G4xx_HAL_Driver/Src/stm32g4xx_hal_gpio.o
 .debug_info    0x000000000000ebe0      0xaf1 ./Drivers/STM32G4xx_HAL_Driver/Src/stm32g4xx_hal_pwr.o
 .debug_info    0x000000000000f6d1      0xb3a ./Drivers/STM32G4xx_HAL_Driver/Src/stm32g4xx_hal_pwr_ex.o
 .debug_info    0x000000000001020b      0xddd ./Drivers/STM32G4xx_HAL_Driver/Src/stm32g4xx_hal_rcc.o
 .debug_info    0x0000000000010fe8      0xeac ./Drivers/STM32G4xx_HAL_Driver/Src/stm32g4xx_hal_rcc_ex.o
 .debug_info    0x0000000000011e94     0x10ff ./Drivers/STM32G4xx_HAL_Driver/Src/stm32g4xx_hal_rtc.o
 .debug_info    0x0000000000012f93     0x14f4 ./Drivers/STM32G4xx_HAL_Driver/Src/stm32g4xx_hal_rtc_ex.o
 .debug_info    0x0000000000014487     0x19d5 ./Drivers/STM32G4xx_HAL_Driver/Src/stm32g4xx_hal_spi.o
 .debug_info    0x0000000000015e5c     0x2dc8 ./Drivers/STM32G4xx_HAL_Driver/Src/stm32g4xx_hal_tim.o
 .debug_info    0x0000000000018c24     0x1e9b ./Drivers/STM32G4xx_HAL_Driver/Src/stm32g4xx_hal_tim_ex.o

.debug_abbrev   0x0000000000000000     0x2c07
 .debug_abbrev  0x0000000000000000      0x1f8 ./Core/Src/ctrl_routine.o
 .debug_abbrev  0x00000000000001f8      0x2de ./Core/Src/main.o
 .debug_abbrev  0x00000000000004d6      0x266 ./Core/Src/stm32g4xx_hal_msp.o
 .debug_abbrev  0x000000000000073c      0x1cb ./Core/Src/stm32g4xx_it.o
 .debug_abbrev  0x0000000000000907      0x165 ./Core/Src/system_stm32g4xx.o
 .debug_abbrev  0x0000000000000a6c      0x275 ./Core/Src/wiper_ctrl.o
 .debug_abbrev  0x0000000000000ce1       0x12 ./Core/Startup/startup_stm32g474vetx.o
 .debug_abbrev  0x0000000000000cf3      0x227 ./Drivers/STM32G4xx_HAL_Driver/Src/stm32g4xx_hal.o
 .debug_abbrev  0x0000000000000f1a      0x333 ./Drivers/STM32G4xx_HAL_Driver/Src/stm32g4xx_hal_cortex.o
 .debug_abbrev  0x000000000000124d      0x201 ./Drivers/STM32G4xx_HAL_Driver/Src/stm32g4xx_hal_dma.o
 .debug_abbrev  0x000000000000144e      0x1e4 ./Drivers/STM32G4xx_HAL_Driver/Src/stm32g4xx_hal_fdcan.o
 .debug_abbrev  0x0000000000001632      0x1e8 ./Drivers/STM32G4xx_HAL_Driver/Src/stm32g4xx_hal_gpio.o
 .debug_abbrev  0x000000000000181a      0x1a2 ./Drivers/STM32G4xx_HAL_Driver/Src/stm32g4xx_hal_pwr.o
 .debug_abbrev  0x00000000000019bc      0x229 ./Drivers/STM32G4xx_HAL_Driver/Src/stm32g4xx_hal_pwr_ex.o
 .debug_abbrev  0x0000000000001be5      0x275 ./Drivers/STM32G4xx_HAL_Driver/Src/stm32g4xx_hal_rcc.o
 .debug_abbrev  0x0000000000001e5a      0x230 ./Drivers/STM32G4xx_HAL_Driver/Src/stm32g4xx_hal_rcc_ex.o
 .debug_abbrev  0x000000000000208a      0x1ea ./Drivers/STM32G4xx_HAL_Driver/Src/stm32g4xx_hal_rtc.o
 .debug_abbrev  0x0000000000002274      0x219 ./Drivers/STM32G4xx_HAL_Driver/Src/stm32g4xx_hal_rtc_ex.o
 .debug_abbrev  0x000000000000248d      0x254 ./Drivers/STM32G4xx_HAL_Driver/Src/stm32g4xx_hal_spi.o
 .debug_abbrev  0x00000000000026e1      0x28f ./Drivers/STM32G4xx_HAL_Driver/Src/stm32g4xx_hal_tim.o
 .debug_abbrev  0x0000000000002970      0x297 ./Drivers/STM32G4xx_HAL_Driver/Src/stm32g4xx_hal_tim_ex.o

.debug_aranges  0x0000000000000000     0x1508
 .debug_aranges
                0x0000000000000000       0x40 ./Core/Src/ctrl_routine.o
 .debug_aranges
                0x0000000000000040       0x80 ./Core/Src/main.o
 .debug_aranges
                0x00000000000000c0       0x78 ./Core/Src/stm32g4xx_hal_msp.o
 .debug_aranges
                0x0000000000000138       0x80 ./Core/Src/stm32g4xx_it.o
 .debug_aranges
                0x00000000000001b8       0x28 ./Core/Src/system_stm32g4xx.o
 .debug_aranges
                0x00000000000001e0       0x50 ./Core/Src/wiper_ctrl.o
 .debug_aranges
                0x0000000000000230       0x28 ./Core/Startup/startup_stm32g474vetx.o
 .debug_aranges
                0x0000000000000258      0x130 ./Drivers/STM32G4xx_HAL_Driver/Src/stm32g4xx_hal.o
 .debug_aranges
                0x0000000000000388      0x118 ./Drivers/STM32G4xx_HAL_Driver/Src/stm32g4xx_hal_cortex.o
 .debug_aranges
                0x00000000000004a0       0x90 ./Drivers/STM32G4xx_HAL_Driver/Src/stm32g4xx_hal_dma.o
 .debug_aranges
                0x0000000000000530      0x208 ./Drivers/STM32G4xx_HAL_Driver/Src/stm32g4xx_hal_fdcan.o
 .debug_aranges
                0x0000000000000738       0x58 ./Drivers/STM32G4xx_HAL_Driver/Src/stm32g4xx_hal_gpio.o
 .debug_aranges
                0x0000000000000790       0x98 ./Drivers/STM32G4xx_HAL_Driver/Src/stm32g4xx_hal_pwr.o
 .debug_aranges
                0x0000000000000828      0x140 ./Drivers/STM32G4xx_HAL_Driver/Src/stm32g4xx_hal_pwr_ex.o
 .debug_aranges
                0x0000000000000968       0x98 ./Drivers/STM32G4xx_HAL_Driver/Src/stm32g4xx_hal_rcc.o
 .debug_aranges
                0x0000000000000a00       0xb0 ./Drivers/STM32G4xx_HAL_Driver/Src/stm32g4xx_hal_rcc_ex.o
 .debug_aranges
                0x0000000000000ab0       0xe8 ./Drivers/STM32G4xx_HAL_Driver/Src/stm32g4xx_hal_rtc.o
 .debug_aranges
                0x0000000000000b98      0x178 ./Drivers/STM32G4xx_HAL_Driver/Src/stm32g4xx_hal_rtc_ex.o
 .debug_aranges
                0x0000000000000d10      0x1d8 ./Drivers/STM32G4xx_HAL_Driver/Src/stm32g4xx_hal_spi.o
 .debug_aranges
                0x0000000000000ee8      0x3e0 ./Drivers/STM32G4xx_HAL_Driver/Src/stm32g4xx_hal_tim.o
 .debug_aranges
                0x00000000000012c8      0x240 ./Drivers/STM32G4xx_HAL_Driver/Src/stm32g4xx_hal_tim_ex.o

.debug_ranges   0x0000000000000000     0x13c0
 .debug_ranges  0x0000000000000000       0x30 ./Core/Src/ctrl_routine.o
 .debug_ranges  0x0000000000000030       0x70 ./Core/Src/main.o
 .debug_ranges  0x00000000000000a0       0x68 ./Core/Src/stm32g4xx_hal_msp.o
 .debug_ranges  0x0000000000000108       0x70 ./Core/Src/stm32g4xx_it.o
 .debug_ranges  0x0000000000000178       0x18 ./Core/Src/system_stm32g4xx.o
 .debug_ranges  0x0000000000000190       0x40 ./Core/Src/wiper_ctrl.o
 .debug_ranges  0x00000000000001d0       0x20 ./Core/Startup/startup_stm32g474vetx.o
 .debug_ranges  0x00000000000001f0      0x120 ./Drivers/STM32G4xx_HAL_Driver/Src/stm32g4xx_hal.o
 .debug_ranges  0x0000000000000310      0x108 ./Drivers/STM32G4xx_HAL_Driver/Src/stm32g4xx_hal_cortex.o
 .debug_ranges  0x0000000000000418       0x80 ./Drivers/STM32G4xx_HAL_Driver/Src/stm32g4xx_hal_dma.o
 .debug_ranges  0x0000000000000498      0x1f8 ./Drivers/STM32G4xx_HAL_Driver/Src/stm32g4xx_hal_fdcan.o
 .debug_ranges  0x0000000000000690       0x48 ./Drivers/STM32G4xx_HAL_Driver/Src/stm32g4xx_hal_gpio.o
 .debug_ranges  0x00000000000006d8       0x88 ./Drivers/STM32G4xx_HAL_Driver/Src/stm32g4xx_hal_pwr.o
 .debug_ranges  0x0000000000000760      0x130 ./Drivers/STM32G4xx_HAL_Driver/Src/stm32g4xx_hal_pwr_ex.o
 .debug_ranges  0x0000000000000890       0x88 ./Drivers/STM32G4xx_HAL_Driver/Src/stm32g4xx_hal_rcc.o
 .debug_ranges  0x0000000000000918       0xa0 ./Drivers/STM32G4xx_HAL_Driver/Src/stm32g4xx_hal_rcc_ex.o
 .debug_ranges  0x00000000000009b8       0xd8 ./Drivers/STM32G4xx_HAL_Driver/Src/stm32g4xx_hal_rtc.o
 .debug_ranges  0x0000000000000a90      0x168 ./Drivers/STM32G4xx_HAL_Driver/Src/stm32g4xx_hal_rtc_ex.o
 .debug_ranges  0x0000000000000bf8      0x1c8 ./Drivers/STM32G4xx_HAL_Driver/Src/stm32g4xx_hal_spi.o
 .debug_ranges  0x0000000000000dc0      0x3d0 ./Drivers/STM32G4xx_HAL_Driver/Src/stm32g4xx_hal_tim.o
 .debug_ranges  0x0000000000001190      0x230 ./Drivers/STM32G4xx_HAL_Driver/Src/stm32g4xx_hal_tim_ex.o

.debug_macro    0x0000000000000000    0x26c1e
 .debug_macro   0x0000000000000000      0x222 ./Core/Src/ctrl_routine.o
 .debug_macro   0x0000000000000222      0xaa8 ./Core/Src/ctrl_routine.o
 .debug_macro   0x0000000000000cca      0x167 ./Core/Src/ctrl_routine.o
 .debug_macro   0x0000000000000e31       0x2e ./Core/Src/ctrl_routine.o
 .debug_macro   0x0000000000000e5f       0x28 ./Core/Src/ctrl_routine.o
 .debug_macro   0x0000000000000e87       0x22 ./Core/Src/ctrl_routine.o
 .debug_macro   0x0000000000000ea9       0x8e ./Core/Src/ctrl_routine.o
 .debug_macro   0x0000000000000f37       0x51 ./Core/Src/ctrl_routine.o
 .debug_macro   0x0000000000000f88      0x103 ./Core/Src/ctrl_routine.o
 .debug_macro   0x000000000000108b       0x6a ./Core/Src/ctrl_routine.o
 .debug_macro   0x00000000000010f5      0x1df ./Core/Src/ctrl_routine.o
 .debug_macro   0x00000000000012d4       0x1c ./Core/Src/ctrl_routine.o
 .debug_macro   0x00000000000012f0       0x22 ./Core/Src/ctrl_routine.o
 .debug_macro   0x0000000000001312      0x101 ./Core/Src/ctrl_routine.o
 .debug_macro   0x0000000000001413     0x1011 ./Core/Src/ctrl_routine.o
 .debug_macro   0x0000000000002424      0x11f ./Core/Src/ctrl_routine.o
 .debug_macro   0x0000000000002543    0x18596 ./Core/Src/ctrl_routine.o
 .debug_macro   0x000000000001aad9       0x43 ./Core/Src/ctrl_routine.o
 .debug_macro   0x000000000001ab1c     0x34f4 ./Core/Src/ctrl_routine.o
 .debug_macro   0x000000000001e010      0x174 ./Core/Src/ctrl_routine.o
 .debug_macro   0x000000000001e184       0x5c ./Core/Src/ctrl_routine.o
 .debug_macro   0x000000000001e1e0     0x16e0 ./Core/Src/ctrl_routine.o
 .debug_macro   0x000000000001f8c0      0x600 ./Core/Src/ctrl_routine.o
 .debug_macro   0x000000000001fec0      0x137 ./Core/Src/ctrl_routine.o
 .debug_macro   0x000000000001fff7      0x34b ./Core/Src/ctrl_routine.o
 .debug_macro   0x0000000000020342      0x53c ./Core/Src/ctrl_routine.o
 .debug_macro   0x000000000002087e      0x18b ./Core/Src/ctrl_routine.o
 .debug_macro   0x0000000000020a09       0x43 ./Core/Src/ctrl_routine.o
 .debug_macro   0x0000000000020a4c      0x23d ./Core/Src/ctrl_routine.o
 .debug_macro   0x0000000000020c89      0x212 ./Core/Src/ctrl_routine.o
 .debug_macro   0x0000000000020e9b      0x6af ./Core/Src/ctrl_routine.o
 .debug_macro   0x000000000002154a      0x45c ./Core/Src/ctrl_routine.o
 .debug_macro   0x00000000000219a6      0x11c ./Core/Src/ctrl_routine.o
 .debug_macro   0x0000000000021ac2      0x122 ./Core/Src/ctrl_routine.o
 .debug_macro   0x0000000000021be4      0x3d1 ./Core/Src/ctrl_routine.o
 .debug_macro   0x0000000000021fb5      0x360 ./Core/Src/ctrl_routine.o
 .debug_macro   0x0000000000022315      0x5b3 ./Core/Src/ctrl_routine.o
 .debug_macro   0x00000000000228c8       0xdd ./Core/Src/ctrl_routine.o
 .debug_macro   0x00000000000229a5      0x2fe ./Core/Src/ctrl_routine.o
 .debug_macro   0x0000000000022ca3      0xbef ./Core/Src/ctrl_routine.o
 .debug_macro   0x0000000000023892      0x71a ./Core/Src/ctrl_routine.o
 .debug_macro   0x0000000000023fac      0x359 ./Core/Src/ctrl_routine.o
 .debug_macro   0x0000000000024305       0x64 ./Core/Src/ctrl_routine.o
 .debug_macro   0x0000000000024369       0x2e ./Core/Src/ctrl_routine.o
 .debug_macro   0x0000000000024397      0x23c ./Core/Src/main.o
 .debug_macro   0x00000000000245d3       0x6a ./Core/Src/main.o
 .debug_macro   0x000000000002463d      0x218 ./Core/Src/stm32g4xx_hal_msp.o
 .debug_macro   0x0000000000024855      0x222 ./Core/Src/stm32g4xx_it.o
 .debug_macro   0x0000000000024a77      0x1f2 ./Core/Src/system_stm32g4xx.o
 .debug_macro   0x0000000000024c69      0x222 ./Core/Src/wiper_ctrl.o
 .debug_macro   0x0000000000024e8b      0x240 ./Drivers/STM32G4xx_HAL_Driver/Src/stm32g4xx_hal.o
 .debug_macro   0x00000000000250cb      0x1f2 ./Drivers/STM32G4xx_HAL_Driver/Src/stm32g4xx_hal_cortex.o
 .debug_macro   0x00000000000252bd      0x1f2 ./Drivers/STM32G4xx_HAL_Driver/Src/stm32g4xx_hal_dma.o
 .debug_macro   0x00000000000254af      0x304 ./Drivers/STM32G4xx_HAL_Driver/Src/stm32g4xx_hal_fdcan.o
 .debug_macro   0x00000000000257b3      0x22a ./Drivers/STM32G4xx_HAL_Driver/Src/stm32g4xx_hal_gpio.o
 .debug_macro   0x00000000000259dd      0x20a ./Drivers/STM32G4xx_HAL_Driver/Src/stm32g4xx_hal_pwr.o
 .debug_macro   0x0000000000025be7      0x21c ./Drivers/STM32G4xx_HAL_Driver/Src/stm32g4xx_hal_pwr_ex.o
 .debug_macro   0x0000000000025e03      0x22e ./Drivers/STM32G4xx_HAL_Driver/Src/stm32g4xx_hal_rcc.o
 .debug_macro   0x0000000000026031      0x21c ./Drivers/STM32G4xx_HAL_Driver/Src/stm32g4xx_hal_rcc_ex.o
 .debug_macro   0x000000000002624d      0x1f3 ./Drivers/STM32G4xx_HAL_Driver/Src/stm32g4xx_hal_rtc.o
 .debug_macro   0x0000000000026440      0x1f2 ./Drivers/STM32G4xx_HAL_Driver/Src/stm32g4xx_hal_rtc_ex.o
 .debug_macro   0x0000000000026632      0x1fa ./Drivers/STM32G4xx_HAL_Driver/Src/stm32g4xx_hal_spi.o
 .debug_macro   0x000000000002682c      0x1fa ./Drivers/STM32G4xx_HAL_Driver/Src/stm32g4xx_hal_tim.o
 .debug_macro   0x0000000000026a26      0x1f8 ./Drivers/STM32G4xx_HAL_Driver/Src/stm32g4xx_hal_tim_ex.o

.debug_line     0x0000000000000000    0x15e19
 .debug_line    0x0000000000000000      0x97a ./Core/Src/ctrl_routine.o
 .debug_line    0x000000000000097a      0xb48 ./Core/Src/main.o
 .debug_line    0x00000000000014c2      0x90a ./Core/Src/stm32g4xx_hal_msp.o
 .debug_line    0x0000000000001dcc      0x86e ./Core/Src/stm32g4xx_it.o
 .debug_line    0x000000000000263a      0x793 ./Core/Src/system_stm32g4xx.o
 .debug_line    0x0000000000002dcd      0xd5e ./Core/Src/wiper_ctrl.o
 .debug_line    0x0000000000003b2b       0x89 ./Core/Startup/startup_stm32g474vetx.o
 .debug_line    0x0000000000003bb4      0xb0a ./Drivers/STM32G4xx_HAL_Driver/Src/stm32g4xx_hal.o
 .debug_line    0x00000000000046be      0xcbd ./Drivers/STM32G4xx_HAL_Driver/Src/stm32g4xx_hal_cortex.o
 .debug_line    0x000000000000537b      0xe76 ./Drivers/STM32G4xx_HAL_Driver/Src/stm32g4xx_hal_dma.o
 .debug_line    0x00000000000061f1     0x1883 ./Drivers/STM32G4xx_HAL_Driver/Src/stm32g4xx_hal_fdcan.o
 .debug_line    0x0000000000007a74      0xb57 ./Drivers/STM32G4xx_HAL_Driver/Src/stm32g4xx_hal_gpio.o
 .debug_line    0x00000000000085cb      0x8f7 ./Drivers/STM32G4xx_HAL_Driver/Src/stm32g4xx_hal_pwr.o
 .debug_line    0x0000000000008ec2      0xcb5 ./Drivers/STM32G4xx_HAL_Driver/Src/stm32g4xx_hal_pwr_ex.o
 .debug_line    0x0000000000009b77      0xf0a ./Drivers/STM32G4xx_HAL_Driver/Src/stm32g4xx_hal_rcc.o
 .debug_line    0x000000000000aa81     0x122d ./Drivers/STM32G4xx_HAL_Driver/Src/stm32g4xx_hal_rcc_ex.o
 .debug_line    0x000000000000bcae      0xff4 ./Drivers/STM32G4xx_HAL_Driver/Src/stm32g4xx_hal_rtc.o
 .debug_line    0x000000000000cca2     0x12c3 ./Drivers/STM32G4xx_HAL_Driver/Src/stm32g4xx_hal_rtc_ex.o
 .debug_line    0x000000000000df65     0x1f43 ./Drivers/STM32G4xx_HAL_Driver/Src/stm32g4xx_hal_spi.o
 .debug_line    0x000000000000fea8     0x3e8f ./Drivers/STM32G4xx_HAL_Driver/Src/stm32g4xx_hal_tim.o
 .debug_line    0x0000000000013d37     0x20e2 ./Drivers/STM32G4xx_HAL_Driver/Src/stm32g4xx_hal_tim_ex.o

.debug_str      0x0000000000000000    0xfd808
 .debug_str     0x0000000000000000    0xf6c6f ./Core/Src/ctrl_routine.o
                                      0xf7047 (size before relaxing)
 .debug_str     0x00000000000f6c6f      0xa42 ./Core/Src/main.o
                                      0xf7a4d (size before relaxing)
 .debug_str     0x00000000000f76b1      0x740 ./Core/Src/stm32g4xx_hal_msp.o
                                      0xf7b8b (size before relaxing)
 .debug_str     0x00000000000f7df1      0x10b ./Core/Src/stm32g4xx_it.o
                                      0xf73db (size before relaxing)
 .debug_str     0x00000000000f7efc       0x5b ./Core/Src/system_stm32g4xx.o
                                      0xf5f46 (size before relaxing)
 .debug_str     0x00000000000f7f57      0x113 ./Core/Src/wiper_ctrl.o
                                      0xf70dc (size before relaxing)
 .debug_str     0x00000000000f806a       0x36 ./Core/Startup/startup_stm32g474vetx.o
                                         0x92 (size before relaxing)
 .debug_str     0x00000000000f80a0      0x591 ./Drivers/STM32G4xx_HAL_Driver/Src/stm32g4xx_hal.o
                                      0xf6bee (size before relaxing)
 .debug_str     0x00000000000f8631      0x37e ./Drivers/STM32G4xx_HAL_Driver/Src/stm32g4xx_hal_cortex.o
                                      0xf68f6 (size before relaxing)
 .debug_str     0x00000000000f89af      0x2c8 ./Drivers/STM32G4xx_HAL_Driver/Src/stm32g4xx_hal_dma.o
                                      0xf631b (size before relaxing)
 .debug_str     0x00000000000f8c77     0x1204 ./Drivers/STM32G4xx_HAL_Driver/Src/stm32g4xx_hal_fdcan.o
                                      0xf74c8 (size before relaxing)
 .debug_str     0x00000000000f9e7b      0x21c ./Drivers/STM32G4xx_HAL_Driver/Src/stm32g4xx_hal_gpio.o
                                      0xf61ca (size before relaxing)
 .debug_str     0x00000000000fa097      0x2e5 ./Drivers/STM32G4xx_HAL_Driver/Src/stm32g4xx_hal_pwr.o
                                      0xf626f (size before relaxing)
 .debug_str     0x00000000000fa37c      0x468 ./Drivers/STM32G4xx_HAL_Driver/Src/stm32g4xx_hal_pwr_ex.o
                                      0xf643c (size before relaxing)
 .debug_str     0x00000000000fa7e4      0x3d1 ./Drivers/STM32G4xx_HAL_Driver/Src/stm32g4xx_hal_rcc.o
                                      0xf64fc (size before relaxing)
 .debug_str     0x00000000000fabb5      0x3f2 ./Drivers/STM32G4xx_HAL_Driver/Src/stm32g4xx_hal_rcc_ex.o
                                      0xf663e (size before relaxing)
 .debug_str     0x00000000000fafa7      0x414 ./Drivers/STM32G4xx_HAL_Driver/Src/stm32g4xx_hal_rtc.o
                                      0xf63f1 (size before relaxing)
 .debug_str     0x00000000000fb3bb      0x6d3 ./Drivers/STM32G4xx_HAL_Driver/Src/stm32g4xx_hal_rtc_ex.o
                                      0xf67fd (size before relaxing)
 .debug_str     0x00000000000fba8e      0x56b ./Drivers/STM32G4xx_HAL_Driver/Src/stm32g4xx_hal_spi.o
                                      0xf681d (size before relaxing)
 .debug_str     0x00000000000fbff9      0xe08 ./Drivers/STM32G4xx_HAL_Driver/Src/stm32g4xx_hal_tim.o
                                      0xf7312 (size before relaxing)
 .debug_str     0x00000000000fce01      0xa07 ./Drivers/STM32G4xx_HAL_Driver/Src/stm32g4xx_hal_tim_ex.o
                                      0xf6fad (size before relaxing)

.comment        0x0000000000000000       0x53
 .comment       0x0000000000000000       0x53 ./Core/Src/ctrl_routine.o
                                         0x54 (size before relaxing)
 .comment       0x0000000000000053       0x54 ./Core/Src/main.o
 .comment       0x0000000000000053       0x54 ./Core/Src/stm32g4xx_hal_msp.o
 .comment       0x0000000000000053       0x54 ./Core/Src/stm32g4xx_it.o
 .comment       0x0000000000000053       0x54 ./Core/Src/system_stm32g4xx.o
 .comment       0x0000000000000053       0x54 ./Core/Src/wiper_ctrl.o
 .comment       0x0000000000000053       0x54 ./Drivers/STM32G4xx_HAL_Driver/Src/stm32g4xx_hal.o
 .comment       0x0000000000000053       0x54 ./Drivers/STM32G4xx_HAL_Driver/Src/stm32g4xx_hal_cortex.o
 .comment       0x0000000000000053       0x54 ./Drivers/STM32G4xx_HAL_Driver/Src/stm32g4xx_hal_dma.o
 .comment       0x0000000000000053       0x54 ./Drivers/STM32G4xx_HAL_Driver/Src/stm32g4xx_hal_fdcan.o
 .comment       0x0000000000000053       0x54 ./Drivers/STM32G4xx_HAL_Driver/Src/stm32g4xx_hal_gpio.o
 .comment       0x0000000000000053       0x54 ./Drivers/STM32G4xx_HAL_Driver/Src/stm32g4xx_hal_pwr.o
 .comment       0x0000000000000053       0x54 ./Drivers/STM32G4xx_HAL_Driver/Src/stm32g4xx_hal_pwr_ex.o
 .comment       0x0000000000000053       0x54 ./Drivers/STM32G4xx_HAL_Driver/Src/stm32g4xx_hal_rcc.o
 .comment       0x0000000000000053       0x54 ./Drivers/STM32G4xx_HAL_Driver/Src/stm32g4xx_hal_rcc_ex.o
 .comment       0x0000000000000053       0x54 ./Drivers/STM32G4xx_HAL_Driver/Src/stm32g4xx_hal_rtc.o
 .comment       0x0000000000000053       0x54 ./Drivers/STM32G4xx_HAL_Driver/Src/stm32g4xx_hal_rtc_ex.o
 .comment       0x0000000000000053       0x54 ./Drivers/STM32G4xx_HAL_Driver/Src/stm32g4xx_hal_spi.o
 .comment       0x0000000000000053       0x54 ./Drivers/STM32G4xx_HAL_Driver/Src/stm32g4xx_hal_tim.o
 .comment       0x0000000000000053       0x54 ./Drivers/STM32G4xx_HAL_Driver/Src/stm32g4xx_hal_tim_ex.o

.debug_frame    0x0000000000000000     0x5994
 .debug_frame   0x0000000000000000       0xc0 ./Core/Src/ctrl_routine.o
 .debug_frame   0x00000000000000c0      0x1c0 ./Core/Src/main.o
 .debug_frame   0x0000000000000280      0x1c8 ./Core/Src/stm32g4xx_hal_msp.o
 .debug_frame   0x0000000000000448      0x174 ./Core/Src/stm32g4xx_it.o
 .debug_frame   0x00000000000005bc       0x58 ./Core/Src/system_stm32g4xx.o
 .debug_frame   0x0000000000000614      0x114 ./Core/Src/wiper_ctrl.o
 .debug_frame   0x0000000000000728      0x4a0 ./Drivers/STM32G4xx_HAL_Driver/Src/stm32g4xx_hal.o
 .debug_frame   0x0000000000000bc8      0x498 ./Drivers/STM32G4xx_HAL_Driver/Src/stm32g4xx_hal_cortex.o
 .debug_frame   0x0000000000001060      0x24c ./Drivers/STM32G4xx_HAL_Driver/Src/stm32g4xx_hal_dma.o
 .debug_frame   0x00000000000012ac      0x9b0 ./Drivers/STM32G4xx_HAL_Driver/Src/stm32g4xx_hal_fdcan.o
 .debug_frame   0x0000000000001c5c      0x14c ./Drivers/STM32G4xx_HAL_Driver/Src/stm32g4xx_hal_gpio.o
 .debug_frame   0x0000000000001da8      0x230 ./Drivers/STM32G4xx_HAL_Driver/Src/stm32g4xx_hal_pwr.o
 .debug_frame   0x0000000000001fd8      0x4fc ./Drivers/STM32G4xx_HAL_Driver/Src/stm32g4xx_hal_pwr_ex.o
 .debug_frame   0x00000000000024d4      0x23c ./Drivers/STM32G4xx_HAL_Driver/Src/stm32g4xx_hal_rcc.o
 .debug_frame   0x0000000000002710      0x2ac ./Drivers/STM32G4xx_HAL_Driver/Src/stm32g4xx_hal_rcc_ex.o
 .debug_frame   0x00000000000029bc      0x3f4 ./Drivers/STM32G4xx_HAL_Driver/Src/stm32g4xx_hal_rtc.o
 .debug_frame   0x0000000000002db0      0x6b0 ./Drivers/STM32G4xx_HAL_Driver/Src/stm32g4xx_hal_rtc_ex.o
 .debug_frame   0x0000000000003460      0x860 ./Drivers/STM32G4xx_HAL_Driver/Src/stm32g4xx_hal_spi.o
 .debug_frame   0x0000000000003cc0     0x1220 ./Drivers/STM32G4xx_HAL_Driver/Src/stm32g4xx_hal_tim.o
 .debug_frame   0x0000000000004ee0      0xa68 ./Drivers/STM32G4xx_HAL_Driver/Src/stm32g4xx_hal_tim_ex.o
 .debug_frame   0x0000000000005948       0x2c c:/st/stm32cubeide_1.3.0/stm32cubeide/plugins/com.st.stm32cube.ide.mcu.externaltools.gnu-tools-for-stm32.9-2020-q2-update.win32_2.0.0.202105311346/tools/bin/../lib/gcc/arm-none-eabi/9.3.1/../../../../arm-none-eabi/lib/thumb/v7e-m+fp/hard\libc_nano.a(lib_a-init.o)
 .debug_frame   0x0000000000005974       0x20 c:/st/stm32cubeide_1.3.0/stm32cubeide/plugins/com.st.stm32cube.ide.mcu.externaltools.gnu-tools-for-stm32.9-2020-q2-update.win32_2.0.0.202105311346/tools/bin/../lib/gcc/arm-none-eabi/9.3.1/../../../../arm-none-eabi/lib/thumb/v7e-m+fp/hard\libc_nano.a(lib_a-memset.o)
