Archive member included to satisfy reference by file (symbol)

c:/st/stm32cubeide_1.3.0/stm32cubeide/plugins/com.st.stm32cube.ide.mcu.externaltools.gnu-tools-for-stm32.9-2020-q2-update.win32_2.0.0.202105311346/tools/bin/../lib/gcc/arm-none-eabi/9.3.1/../../../../arm-none-eabi/lib/thumb/v7e-m+fp/hard\libc_nano.a(lib_a-errno.o)
                              ./Core/Src/syscalls.o (__errno)
c:/st/stm32cubeide_1.3.0/stm32cubeide/plugins/com.st.stm32cube.ide.mcu.externaltools.gnu-tools-for-stm32.9-2020-q2-update.win32_2.0.0.202105311346/tools/bin/../lib/gcc/arm-none-eabi/9.3.1/../../../../arm-none-eabi/lib/thumb/v7e-m+fp/hard\libc_nano.a(lib_a-exit.o)
                              c:/st/stm32cubeide_1.3.0/stm32cubeide/plugins/com.st.stm32cube.ide.mcu.externaltools.gnu-tools-for-stm32.9-2020-q2-update.win32_2.0.0.202105311346/tools/bin/../lib/gcc/arm-none-eabi/9.3.1/../../../../arm-none-eabi/lib/thumb/v7e-m+fp/hard/crt0.o (exit)
c:/st/stm32cubeide_1.3.0/stm32cubeide/plugins/com.st.stm32cube.ide.mcu.externaltools.gnu-tools-for-stm32.9-2020-q2-update.win32_2.0.0.202105311346/tools/bin/../lib/gcc/arm-none-eabi/9.3.1/../../../../arm-none-eabi/lib/thumb/v7e-m+fp/hard\libc_nano.a(lib_a-impure.o)
                              c:/st/stm32cubeide_1.3.0/stm32cubeide/plugins/com.st.stm32cube.ide.mcu.externaltools.gnu-tools-for-stm32.9-2020-q2-update.win32_2.0.0.202105311346/tools/bin/../lib/gcc/arm-none-eabi/9.3.1/../../../../arm-none-eabi/lib/thumb/v7e-m+fp/hard\libc_nano.a(lib_a-exit.o) (_global_impure_ptr)
c:/st/stm32cubeide_1.3.0/stm32cubeide/plugins/com.st.stm32cube.ide.mcu.externaltools.gnu-tools-for-stm32.9-2020-q2-update.win32_2.0.0.202105311346/tools/bin/../lib/gcc/arm-none-eabi/9.3.1/../../../../arm-none-eabi/lib/thumb/v7e-m+fp/hard\libc_nano.a(lib_a-init.o)
                              c:/st/stm32cubeide_1.3.0/stm32cubeide/plugins/com.st.stm32cube.ide.mcu.externaltools.gnu-tools-for-stm32.9-2020-q2-update.win32_2.0.0.202105311346/tools/bin/../lib/gcc/arm-none-eabi/9.3.1/../../../../arm-none-eabi/lib/thumb/v7e-m+fp/hard/crt0.o (__libc_init_array)
c:/st/stm32cubeide_1.3.0/stm32cubeide/plugins/com.st.stm32cube.ide.mcu.externaltools.gnu-tools-for-stm32.9-2020-q2-update.win32_2.0.0.202105311346/tools/bin/../lib/gcc/arm-none-eabi/9.3.1/../../../../arm-none-eabi/lib/thumb/v7e-m+fp/hard\libc_nano.a(lib_a-memset.o)
                              c:/st/stm32cubeide_1.3.0/stm32cubeide/plugins/com.st.stm32cube.ide.mcu.externaltools.gnu-tools-for-stm32.9-2020-q2-update.win32_2.0.0.202105311346/tools/bin/../lib/gcc/arm-none-eabi/9.3.1/../../../../arm-none-eabi/lib/thumb/v7e-m+fp/hard/crt0.o (memset)

Allocating common symbols
Common symbol       size              file

distant_data        0x2               ./Core/Src/ctrl_routine.o
l_can_tx_header     0x24              ./Core/Src/ctrl_routine.o
distant_door_open   0x1               ./Core/Src/ctrl_routine.o
convertor_status    0x1               ./Core/Src/ctrl_routine.o
RF_door_open_sig    0x1               ./Core/Src/ctrl_routine.o
stop_enable         0x1               ./Core/Src/ctrl_routine.o
hspi2               0x64              ./Core/Src/main.o
param               0x50              ./Core/Src/ctrl_routine.o
vehicle_vel_prev    0x1               ./Core/Src/ctrl_routine.o
us_door_opening_cnt
                    0x1               ./Core/Src/ctrl_routine.o
htim8               0x4c              ./Core/Src/main.o
turn_lamp_left_fail_cnt
                    0x1               ./Core/Src/ctrl_routine.o
charge_door_status  0x1               ./Core/Src/ctrl_routine.o
auto_tail_off_cnt   0x1               ./Core/Src/ctrl_routine.o
gear_position       0x1               ./Core/Src/ctrl_routine.o
can1_tx_data        0x8               ./Core/Src/ctrl_routine.o
PS_door_close       0x1               ./Core/Src/ctrl_routine.o
DRV_door_close      0x1               ./Core/Src/ctrl_routine.o
check_us_door_open_cnt
                    0x1               ./Core/Src/ctrl_routine.o
spi2_rx_data        0x8               ./Core/Src/main.o
door_open_on_cnt    0x2               ./Core/Src/ctrl_routine.o
check_door_warning_sensor_cnt
                    0x1               ./Core/Src/ctrl_routine.o
turn_lamp_right_delay_cnt
                    0x1               ./Core/Src/ctrl_routine.o
can_not_receive_cnt
                    0x1               ./Core/Src/ctrl_routine.o
auto_light_status   0x1               ./Core/Src/ctrl_routine.o
check_pBrake_status
                    0x1               ./Core/Src/ctrl_routine.o
hazard_sw_on        0x1               ./Core/Src/ctrl_routine.o
RF_door_open_sig_on_prev
                    0x1               ./Core/Src/ctrl_routine.o
PS_door_open_prev   0x1               ./Core/Src/ctrl_routine.o
RF_door_open_seq    0x1               ./Core/Src/ctrl_routine.o
RF_door_open_seq_cnt
                    0x1               ./Core/Src/ctrl_routine.o
turn_lamp_left_delay_cnt
                    0x1               ./Core/Src/ctrl_routine.o
RF_door_close_sig_on_prev
[...]
Memory Configuration

Name             Origin             Length             Attributes
RAM              0x0000000020000000 0x0000000000020000 xrw
FLASH            0x0000000008000000 0x0000000000080000 xr
*default*        0x0000000000000000 0xffffffffffffffff

Linker script and memory map

LOAD c:/st/stm32cubeide_1.3.0/stm32cubeide/plugins/com.st.stm32cube.ide.mcu.externaltools.gnu-tools-for-stm32.9-2020-q2-update.win32_2.0.0.202105311346/tools/bin/../lib/gcc/arm-none-eabi/9.3.1/thumb/v7e-m+fp/hard/crti.o
LOAD c:/st/stm32cubeide_1.3.0/stm32cubeide/plugins/com.st.stm32cube.ide.mcu.externaltools.gnu-tools-for-stm32.9-2020-q2-update.win32_2.0.0.202105311346/tools/bin/../lib/gcc/arm-none-eabi/9.3.1/thumb/v7e-m+fp/hard/crtbegin.o
LOAD c:/st/stm32cubeide_1.3.0/stm32cubeide/plugins/com.st.stm32cube.ide.mcu.externaltools.gnu-tools-for-stm32.9-2020-q2-update.win32_2.0.0.202105311346/tools/bin/../lib/gcc/arm-none-eabi/9.3.1/../../../../arm-none-eabi/lib/thumb/v7e-m+fp/hard/crt0.o
LOAD ./Core/Src/ctrl_routine.o
LOAD ./Core/Src/lamp_ctrl.o
LOAD ./Core/Src/main.o
LOAD ./Core/Src/param.o
LOAD ./Core/Src/stm32g4xx_hal_msp.o
LOAD ./Core/Src/stm32g4xx_it.o
LOAD ./Core/Src/syscalls.o
LOAD ./Core/Src/sysmem.o
LOAD ./Core/Src/system_stm32g4xx.o
LOAD ./Core/Startup/startup_stm32g474vetx.o
LOAD ./Drivers/STM32G4xx_HAL_Driver/Src/stm32g4xx_hal.o
LOAD ./Drivers/STM32G4xx_HAL_Driver/Src/stm32g4xx_hal_cortex.o
LOAD ./Drivers/STM32G4xx_HAL_Driver/Src/stm32g4xx_hal_dma.o
LOAD ./Drivers/STM32G4xx_HAL_Driver/Src/stm32g4xx_hal_dma_ex.o
LOAD ./Drivers/STM32G4xx_HAL_Driver/Src/stm32g4xx_hal_exti.o
LOAD ./Drivers/STM32G4xx_HAL_Driver/Src/stm32g4xx_hal_fdcan.o
LOAD ./Drivers/STM32G4xx_HAL_Driver/Src/stm32g4xx_hal_flash.o
LOAD ./Drivers/STM32G4xx_HAL_Driver/Src/stm32g4xx_hal_flash_ex.o
LOAD ./Drivers/STM32G4xx_HAL_Driver/Src/stm32g4xx_hal_flash_ramfunc.o
LOAD ./Drivers/STM32G4xx_HAL_Driver/Src/stm32g4xx_hal_gpio.o
LOAD ./Drivers/STM32G4xx_HAL_Driver/Src/stm32g4xx_hal_pwr.o
LOAD ./Drivers/STM32G4xx_HAL_Driver/Src/stm32g4xx_hal_pwr_ex.o
LOAD ./Drivers/STM32G4xx_HAL_Driver/Src/stm32g4xx_hal_rcc.o
LOAD ./Drivers/STM32G4xx_HAL_Driver/Src/stm32g4xx_hal_rcc_ex.o
LOAD ./Drivers/STM32G4xx_HAL_Driver/Src/stm32g4xx_hal_rtc.o
LOAD ./Drivers/STM32G4xx_HAL_Driver/Src/stm32g4xx_hal_rtc_ex.o
LOAD ./Drivers/STM32G4xx_HAL_Driver/Src/stm32g4xx_hal_spi.o
LOAD ./Drivers/STM32G4xx_HAL_Driver/Src/stm32g4xx_hal_spi_ex.o
LOAD ./Drivers/STM32G4xx_HAL_Driver/Src/stm32g4xx_hal_tim.o
LOAD ./Drivers/STM32G4xx_HAL_Driver/Src/stm32g4xx_hal_tim_ex.o
START GROUP
LOAD c:/st/stm32cubeide_1.3.0/stm32cubeide/plugins/com.st.stm32cube.ide.mcu.externaltools.gnu-tools-for-stm32.9-2020-q2-update.win32_2.0.0.202105311346/tools/bin/../lib/gcc/arm-none-eabi/9.3.1/../../../../arm-none-eabi/lib/thumb/v7e-m+fp/hard\libc_nano.a
LOAD c:/st/stm32cubeide_1.3.0/stm32cubeide/plugins/com.st.stm32cube.ide.mcu.externaltools.gnu-tools-for-stm32.9-2020-q2-update.win32_2.0.0.202105311346/tools/bin/../lib/gcc/arm-none-eabi/9.3.1/../../../../arm-none-eabi/lib/thumb/v7e-m+fp/hard\libm.a
END GROUP
START GROUP
LOAD c:/st/stm32cubeide_1.3.0/stm32cubeide/plugins/com.st.stm32cube.ide.mcu.externaltools.gnu-tools-for-stm32.9-2020-q2-update.win32_2.0.0.202105311346/tools/bin/../lib/gcc/arm-none-eabi/9.3.1/thumb/v7e-m+fp/hard\libgcc.a
LOAD c:/st/stm32cubeide_1.3.0/stm32cubeide/plugins/com.st.stm32cube.ide.mcu.externaltools.gnu-tools-for-stm32.9-2020-q2-update.win32_2.0.0.202105311346/tools/bin/../lib/gcc/arm-none-eabi/9.3.1/../../../../arm-none-eabi/lib/thumb/v7e-m+fp/hard\libc_nano.a
END GROUP
START GROUP
LOAD c:/st/stm32cubeide_1.3.0/stm32cubeide/plugins/com.st.stm32cube.ide.mcu.externaltools.gnu-tools-for-stm32.9-2020-q2-update.win32_2.0.0.202105311346/tools/bin/../lib/gcc/arm-none-eabi/9.3.1/thumb/v7e-m+fp/hard\libgcc.a
LOAD c:/st/stm32cubeide_1.3.0/stm32cubeide/plugins/com.st.stm32cube.ide.mcu.externaltools.gnu-tools-for-stm32.9-2020-q2-update.win32_2.0.0.202105311346/tools/bin/../lib/gcc/arm-none-eabi/9.3.1/../../../../arm-none-eabi/lib/thumb/v7e-m+fp/hard\libc_nano.a
LOAD c:/st/stm32cubeide_1.3.0/stm32cubeide/plugins/com.st.stm32cube.ide.mcu.externaltools.gnu-tools-for-stm32.9-2020-q2-update.win32_2.0.0.202105311346/tools/bin/../lib/gcc/arm-none-eabi/9.3.1/../../../../arm-none-eabi/lib/thumb/v7e-m+fp/hard\libnosys.a
END GROUP
START GROUP
LOAD c:/st/stm32cubeide_1.3.0/stm32cubeide/plugins/com.st.stm32cube.ide.mcu.externaltools.gnu-tools-for-stm32.9-2020-q2-update.win32_2.0.0.202105311346/tools/bin/../lib/gcc/arm-none-eabi/9.3.1/thumb/v7e-m+fp/hard\libgcc.a
LOAD c:/st/stm32cubeide_1.3.0/stm32cubeide/plugins/com.st.stm32cube.ide.mcu.externaltools.gnu-tools-for-stm32.9-2020-q2-update.win32_2.0.0.202105311346/tools/bin/../lib/gcc/arm-none-eabi/9.3.1/../../../../arm-none-eabi/lib/thumb/v7e-m+fp/hard\libc_nano.a
LOAD c:/st/stm32cubeide_1.3.0/stm32cubeide/plugins/com.st.stm32cube.ide.mcu.externaltools.gnu-tools-for-stm32.9-2020-q2-update.win32_2.0.0.202105311346/tools/bin/../lib/gcc/arm-none-eabi/9.3.1/../../../../arm-none-eabi/lib/thumb/v7e-m+fp/hard\libnosys.a
END GROUP
LOAD c:/st/stm32cubeide_1.3.0/stm32cubeide/plugins/com.st.stm32cube.ide.mcu.externaltools.gnu-tools-for-stm32.9-2020-q2-update.win32_2.0.0.202105311346/tools/bin/../lib/gcc/arm-none-eabi/9.3.1/thumb/v7e-m+fp/hard/crtend.o
LOAD c:/st/stm32cubeide_1.3.0/stm32cubeide/plugins/com.st.stm32cube.ide.mcu.externaltools.gnu-tools-for-stm32.9-2020-q2-update.win32_2.0.0.202105311346/tools/bin/../lib/gcc/arm-none-eabi/9.3.1/thumb/v7e-m+fp/hard/crtn.o
                0x0000000020020000                _estack = (ORIGIN (RAM) + LENGTH (RAM))
                0x0000000000000200                _Min_Heap_Size = 0x200
                0x0000000000000400                _Min_Stack_Size = 0x400

.isr_vector     0x0000000008000000      0x1d8
                0x0000000008000000                . = ALIGN (0x4)
 *(.isr_vector)
 .isr_vector    0x0000000008000000      0x1d8 ./Core/Startup/startup_stm32g474vetx.o
                0x0000000008000000                g_pfnVectors
                0x00000000080001d8                . = ALIGN (0x4)

.text           0x00000000080001d8     0x79c8
                0x00000000080001d8                . = ALIGN (0x4)
 *(.text)
 .text          0x00000000080001d8       0x40 c:/st/stm32cubeide_1.3.0/stm32cubeide/plugins/com.st.stm32cube.ide.mcu.externaltools.gnu-tools-for-stm32.9-2020-q2-update.win32_2.0.0.202105311346/tools/bin/../lib/gcc/arm-none-eabi/9.3.1/thumb/v7e-m+fp/hard/crtbegin.o
 *(.text*)
 .text.HAL_TIM_PeriodElapsedCallback
                0x0000000008000218      0x1f8 ./Core/Src/ctrl_routine.o
                0x0000000008000218                HAL_TIM_PeriodElapsedCallback
 .text.HAL_FDCAN_RxFifo0Callback
                0x0000000008000410       0x70 ./Core/Src/ctrl_routine.o
                0x0000000008000410                HAL_FDCAN_RxFifo0Callback
 .text.LocalToABU
                0x0000000008000480      0x2d4 ./Core/Src/ctrl_routine.o
                0x0000000008000480                LocalToABU
 .text.usToABU  0x0000000008000754       0xb0 ./Core/Src/ctrl_routine.o
                0x0000000008000754                usToABU
 .text.CanTxMessage
                0x0000000008000804       0x54 ./Core/Src/ctrl_routine.o
                0x0000000008000804                CanTxMessage
 .text.CanTx1Message
                0x0000000008000858       0x54 ./Core/Src/ctrl_routine.o
                0x0000000008000858                CanTx1Message
 .text.CANReStart
                0x00000000080008ac       0x50 ./Core/Src/ctrl_routine.o
                0x00000000080008ac                CANReStart
 .text.LampSWRead
                0x00000000080008fc      0x254 ./Core/Src/lamp_ctrl.o
                0x00000000080008fc                LampSWRead
 .text.InputSWChatt
                0x0000000008000b50      0x374 ./Core/Src/lamp_ctrl.o
                0x0000000008000b50                InputSWChatt
 .text.LampControl
                0x0000000008000ec4      0x678 ./Core/Src/lamp_ctrl.o
                0x0000000008000ec4                LampControl
 .text.RF_DoorControl
                0x000000000800153c       0x8c ./Core/Src/lamp_ctrl.o
                0x000000000800153c                RF_DoorControl
 .text.DoorControl
                0x00000000080015c8      0x3b0 ./Core/Src/lamp_ctrl.o
                0x00000000080015c8                DoorControl
 .text.DistantDoorControl
                0x0000000008001978       0x98 ./Core/Src/lamp_ctrl.o
                0x0000000008001978                DistantDoorControl
 .text.ButtonControl
                0x0000000008001a10       0x96 ./Core/Src/lamp_ctrl.o
                0x0000000008001a10                ButtonControl
 *fill*         0x0000000008001aa6        0x2 
 .text.LampDataConv
                0x0000000008001aa8      0x140 ./Core/Src/lamp_ctrl.o
                0x0000000008001aa8                LampDataConv
 .text.CMS_Control
                0x0000000008001be8       0x40 ./Core/Src/lamp_ctrl.o
                0x0000000008001be8                CMS_Control
 .text.boardingpass_AVAS_control
                0x0000000008001c28       0xac ./Core/Src/lamp_ctrl.o
                0x0000000008001c28                boardingpass_AVAS_control
 .text.doorwaring_AVAS_control
                0x0000000008001cd4       0x5c ./Core/Src/lamp_ctrl.o
                0x0000000008001cd4                doorwaring_AVAS_control
 .text.__NVIC_SystemReset
                0x0000000008001d30       0x2c ./Core/Src/main.o
 .text.main     0x0000000008001d5c       0x78 ./Core/Src/main.o
                0x0000000008001d5c                main
 .text.SystemClock_Config
                0x0000000008001dd4       0xe0 ./Core/Src/main.o
                0x0000000008001dd4                SystemClock_Config
 .text.MX_FDCAN1_Init
                0x0000000008001eb4       0xec ./Core/Src/main.o
 .text.MX_FDCAN2_Init
                0x0000000008001fa0      0x104 ./Core/Src/main.o
 .text.MX_RTC_Init
                0x00000000080020a4       0x6c ./Core/Src/main.o
 .text.MX_SPI2_Init
                0x0000000008002110       0x7c ./Core/Src/main.o
 .text.MX_TIM3_Init
                0x000000000800218c       0xb8 ./Core/Src/main.o
 .text.MX_TIM6_Init
                0x0000000008002244       0x6c ./Core/Src/main.o
 .text.MX_TIM8_Init
                0x00000000080022b0      0x12c ./Core/Src/main.o
 .text.MX_GPIO_Init
                0x00000000080023dc      0x1b0 ./Core/Src/main.o
 .text.CurrentDataReceive
                0x000000000800258c      0x240 ./Core/Src/main.o
                0x000000000800258c                CurrentDataReceive
 .text.StopModeStart
                0x00000000080027cc       0x54 ./Core/Src/main.o
                0x00000000080027cc                StopModeStart
 .text.Error_Handler
                0x0000000008002820        0xc ./Core/Src/main.o
                0x0000000008002820                Error_Handler
 .text.GnrlParamSave
                0x000000000800282c       0x6c ./Core/Src/param.o
                0x000000000800282c                GnrlParamSave
 .text.FlashRead
                0x0000000008002898       0x22 ./Core/Src/param.o
                0x0000000008002898                FlashRead
 *fill*         0x00000000080028ba        0x2 
 .text.FlashErase
                0x00000000080028bc       0x64 ./Core/Src/param.o
                0x00000000080028bc                FlashErase
 .text.FlashSave
                0x0000000008002920       0x44 ./Core/Src/param.o
                0x0000000008002920                FlashSave
 .text.ParamErrorHandler
                0x0000000008002964        0xe ./Core/Src/param.o
                0x0000000008002964                ParamErrorHandler
 *fill*         0x0000000008002972        0x2 
 .text.HAL_MspInit
                0x0000000008002974       0x48 ./Core/Src/stm32g4xx_hal_msp.o
                0x0000000008002974                HAL_MspInit
 .text.HAL_FDCAN_MspInit
                0x00000000080029bc      0x144 ./Core/Src/stm32g4xx_hal_msp.o
                0x00000000080029bc                HAL_FDCAN_MspInit
 .text.HAL_RTC_MspInit
                0x0000000008002b00       0x44 ./Core/Src/stm32g4xx_hal_msp.o
                0x0000000008002b00                HAL_RTC_MspInit
 .text.HAL_SPI_MspInit
                0x0000000008002b44       0x98 ./Core/Src/stm32g4xx_hal_msp.o
                0x0000000008002b44                HAL_SPI_MspInit
 .text.HAL_TIM_PWM_MspInit
                0x0000000008002bdc       0x68 ./Core/Src/stm32g4xx_hal_msp.o
                0x0000000008002bdc                HAL_TIM_PWM_MspInit
 .text.HAL_TIM_Base_MspInit
                0x0000000008002c44       0x4c ./Core/Src/stm32g4xx_hal_msp.o
                0x0000000008002c44                HAL_TIM_Base_MspInit
 .text.HAL_TIM_MspPostInit
                0x0000000008002c90       0xb8 ./Core/Src/stm32g4xx_hal_msp.o
                0x0000000008002c90                HAL_TIM_MspPostInit
 .text.NMI_Handler
                0x0000000008002d48        0x6 ./Core/Src/stm32g4xx_it.o
                0x0000000008002d48                NMI_Handler
 .text.HardFault_Handler
                0x0000000008002d4e        0x6 ./Core/Src/stm32g4xx_it.o
                0x0000000008002d4e                HardFault_Handler
 .text.MemManage_Handler
                0x0000000008002d54        0x6 ./Core/Src/stm32g4xx_it.o
                0x0000000008002d54                MemManage_Handler
 .text.BusFault_Handler
                0x0000000008002d5a        0x6 ./Core/Src/stm32g4xx_it.o
                0x0000000008002d5a                BusFault_Handler
 .text.UsageFault_Handler
                0x0000000008002d60        0x6 ./Core/Src/stm32g4xx_it.o
                0x0000000008002d60                UsageFault_Handler
 .text.SVC_Handler
                0x0000000008002d66        0xe ./Core/Src/stm32g4xx_it.o
                0x0000000008002d66                SVC_Handler
 .text.DebugMon_Handler
                0x0000000008002d74        0xe ./Core/Src/stm32g4xx_it.o
                0x0000000008002d74                DebugMon_Handler
 .text.PendSV_Handler
                0x0000000008002d82        0xe ./Core/Src/stm32g4xx_it.o
                0x0000000008002d82                PendSV_Handler
 .text.SysTick_Handler
                0x0000000008002d90        0xc ./Core/Src/stm32g4xx_it.o
                0x0000000008002d90                SysTick_Handler
 .text.RTC_WKUP_IRQHandler
                0x0000000008002d9c       0x14 ./Core/Src/stm32g4xx_it.o
                0x0000000008002d9c                RTC_WKUP_IRQHandler
 .text.FDCAN1_IT0_IRQHandler
                0x0000000008002db0       0x14 ./Core/Src/stm32g4xx_it.o
                0x0000000008002db0                FDCAN1_IT0_IRQHandler
 .text.FDCAN1_IT1_IRQHandler
                0x0000000008002dc4       0x14 ./Core/Src/stm32g4xx_it.o
                0x0000000008002dc4                FDCAN1_IT1_IRQHandler
 .text.SPI2_IRQHandler
                0x0000000008002dd8       0x14 ./Core/Src/stm32g4xx_it.o
                0x0000000008002dd8                SPI2_IRQHandler
 .text.TIM6_DAC_IRQHandler
                0x0000000008002dec       0x14 ./Core/Src/stm32g4xx_it.o
                0x0000000008002dec                TIM6_DAC_IRQHandler
 .text.FDCAN2_IT0_IRQHandler
                0x0000000008002e00       0x14 ./Core/Src/stm32g4xx_it.o
                0x0000000008002e00                FDCAN2_IT0_IRQHandler
 .text.SystemInit
                0x0000000008002e14       0x24 ./Core/Src/system_stm32g4xx.o
                0x0000000008002e14                SystemInit
 .text.Reset_Handler
                0x0000000008002e38       0x50 ./Core/Startup/startup_stm32g474vetx.o
                0x0000000008002e38                Reset_Handler
 .text.Default_Handler
                0x0000000008002e88        0x2 ./Core/Startup/startup_stm32g474vetx.o
                0x0000000008002e88                RTC_Alarm_IRQHandler
                0x0000000008002e88                EXTI2_IRQHandler
                0x0000000008002e88                TIM8_TRG_COM_IRQHandler
                0x0000000008002e88                TIM8_CC_IRQHandler
                0x0000000008002e88                HRTIM1_Master_IRQHandler
                0x0000000008002e88                SPI4_IRQHandler
                0x0000000008002e88                FDCAN3_IT0_IRQHandler
                0x0000000008002e88                TIM1_CC_IRQHandler
                0x0000000008002e88                HRTIM1_FLT_IRQHandler
                0x0000000008002e88                HRTIM1_TIMF_IRQHandler
                0x0000000008002e88                USB_HP_IRQHandler
                0x0000000008002e88                CORDIC_IRQHandler
                0x0000000008002e88                HRTIM1_TIMD_IRQHandler
                0x0000000008002e88                DMA2_Channel8_IRQHandler
                0x0000000008002e88                EXTI3_IRQHandler
                0x0000000008002e88                I2C3_ER_IRQHandler
                0x0000000008002e88                EXTI0_IRQHandler
                0x0000000008002e88                I2C2_EV_IRQHandler
                0x0000000008002e88                FPU_IRQHandler
                0x0000000008002e88                TIM1_UP_TIM16_IRQHandler
                0x0000000008002e88                ADC1_2_IRQHandler
                0x0000000008002e88                HRTIM1_TIME_IRQHandler
                0x0000000008002e88                SPI1_IRQHandler
                0x0000000008002e88                HRTIM1_TIMC_IRQHandler
                0x0000000008002e88                TIM8_UP_IRQHandler
                0x0000000008002e88                DMA2_Channel2_IRQHandler
                0x0000000008002e88                DMA1_Channel4_IRQHandler
                0x0000000008002e88                TIM20_TRG_COM_IRQHandler
                0x0000000008002e88                USART3_IRQHandler
                0x0000000008002e88                DMA1_Channel7_IRQHandler
                0x0000000008002e88                UART5_IRQHandler
                0x0000000008002e88                ADC3_IRQHandler
                0x0000000008002e88                TIM4_IRQHandler
                0x0000000008002e88                DMA2_Channel1_IRQHandler
                0x0000000008002e88                QUADSPI_IRQHandler
                0x0000000008002e88                I2C1_EV_IRQHandler
                0x0000000008002e88                DMA1_Channel6_IRQHandler
                0x0000000008002e88                UART4_IRQHandler
                0x0000000008002e88                DMA2_Channel4_IRQHandler
                0x0000000008002e88                TIM3_IRQHandler
                0x0000000008002e88                RCC_IRQHandler
                0x0000000008002e88                TIM20_UP_IRQHandler
                0x0000000008002e88                DMA1_Channel1_IRQHandler
                0x0000000008002e88                Default_Handler
                0x0000000008002e88                DMA2_Channel7_IRQHandler
                0x0000000008002e88                RTC_TAMP_LSECSS_IRQHandler
                0x0000000008002e88                FMAC_IRQHandler
                0x0000000008002e88                EXTI15_10_IRQHandler
                0x0000000008002e88                DMA1_Channel8_IRQHandler
                0x0000000008002e88                HRTIM1_TIMA_IRQHandler
                0x0000000008002e88                TIM7_DAC_IRQHandler
                0x0000000008002e88                FDCAN3_IT1_IRQHandler
                0x0000000008002e88                TIM5_IRQHandler
                0x0000000008002e88                UCPD1_IRQHandler
                0x0000000008002e88                I2C3_EV_IRQHandler
                0x0000000008002e88                EXTI9_5_IRQHandler
                0x0000000008002e88                PVD_PVM_IRQHandler
                0x0000000008002e88                ADC5_IRQHandler
                0x0000000008002e88                DMA2_Channel5_IRQHandler
                0x0000000008002e88                CRS_IRQHandler
                0x0000000008002e88                DMA1_Channel5_IRQHandler
                0x0000000008002e88                USB_LP_IRQHandler
                0x0000000008002e88                EXTI4_IRQHandler
                0x0000000008002e88                RNG_IRQHandler
                0x0000000008002e88                HRTIM1_TIMB_IRQHandler
                0x0000000008002e88                TIM1_TRG_COM_TIM17_IRQHandler
                0x0000000008002e88                FDCAN2_IT1_IRQHandler
                0x0000000008002e88                DMA1_Channel3_IRQHandler
                0x0000000008002e88                ADC4_IRQHandler
                0x0000000008002e88                WWDG_IRQHandler
                0x0000000008002e88                I2C4_EV_IRQHandler
                0x0000000008002e88                LPUART1_IRQHandler
                0x0000000008002e88                DMA2_Channel6_IRQHandler
                0x0000000008002e88                TIM2_IRQHandler
                0x0000000008002e88                COMP7_IRQHandler
                0x0000000008002e88                COMP1_2_3_IRQHandler
                0x0000000008002e88                EXTI1_IRQHandler
                0x0000000008002e88                USART2_IRQHandler
                0x0000000008002e88                COMP4_5_6_IRQHandler
                0x0000000008002e88                TIM20_BRK_IRQHandler
                0x0000000008002e88                I2C2_ER_IRQHandler
                0x0000000008002e88                DMA1_Channel2_IRQHandler
                0x0000000008002e88                TIM8_BRK_IRQHandler
                0x0000000008002e88                FLASH_IRQHandler
                0x0000000008002e88                TIM20_CC_IRQHandler
                0x0000000008002e88                USART1_IRQHandler
                0x0000000008002e88                SPI3_IRQHandler
                0x0000000008002e88                I2C1_ER_IRQHandler
                0x0000000008002e88                FMC_IRQHandler
                0x0000000008002e88                LPTIM1_IRQHandler
                0x0000000008002e88                DMAMUX_OVR_IRQHandler
                0x0000000008002e88                I2C4_ER_IRQHandler
                0x0000000008002e88                USBWakeUp_IRQHandler
                0x0000000008002e88                SAI1_IRQHandler
                0x0000000008002e88                DMA2_Channel3_IRQHandler
                0x0000000008002e88                TIM1_BRK_TIM15_IRQHandler
 .text.HAL_Init
                0x0000000008002e8a       0x30 ./Drivers/STM32G4xx_HAL_Driver/Src/stm32g4xx_hal.o
                0x0000000008002e8a                HAL_Init
 *fill*         0x0000000008002eba        0x2 
 .text.HAL_InitTick
                0x0000000008002ebc       0x74 ./Drivers/STM32G4xx_HAL_Driver/Src/stm32g4xx_hal.o
                0x0000000008002ebc                HAL_InitTick
 .text.HAL_IncTick
                0x0000000008002f30       0x24 ./Drivers/STM32G4xx_HAL_Driver/Src/stm32g4xx_hal.o
                0x0000000008002f30                HAL_IncTick
 .text.HAL_GetTick
                0x0000000008002f54       0x18 ./Drivers/STM32G4xx_HAL_Driver/Src/stm32g4xx_hal.o
                0x0000000008002f54                HAL_GetTick
 .text.HAL_SuspendTick
                0x0000000008002f6c       0x20 ./Drivers/STM32G4xx_HAL_Driver/Src/stm32g4xx_hal.o
                0x0000000008002f6c                HAL_SuspendTick
 .text.HAL_ResumeTick
                0x0000000008002f8c       0x20 ./Drivers/STM32G4xx_HAL_Driver/Src/stm32g4xx_hal.o
                0x0000000008002f8c                HAL_ResumeTick
 .text.__NVIC_SetPriorityGrouping
                0x0000000008002fac       0x48 ./Drivers/STM32G4xx_HAL_Driver/Src/stm32g4xx_hal_cortex.o
 .text.__NVIC_GetPriorityGrouping
                0x0000000008002ff4       0x1c ./Drivers/STM32G4xx_HAL_Driver/Src/stm32g4xx_hal_cortex.o
 .text.__NVIC_EnableIRQ
                0x0000000008003010       0x3c ./Drivers/STM32G4xx_HAL_Driver/Src/stm32g4xx_hal_cortex.o
 .text.__NVIC_SetPriority
                0x000000000800304c       0x54 ./Drivers/STM32G4xx_HAL_Driver/Src/stm32g4xx_hal_cortex.o
 .text.NVIC_EncodePriority
                0x00000000080030a0       0x66 ./Drivers/STM32G4xx_HAL_Driver/Src/stm32g4xx_hal_cortex.o
 *fill*         0x0000000008003106        0x2 
 .text.SysTick_Config
                0x0000000008003108       0x44 ./Drivers/STM32G4xx_HAL_Driver/Src/stm32g4xx_hal_cortex.o
 .text.HAL_NVIC_SetPriorityGrouping
                0x000000000800314c       0x16 ./Drivers/STM32G4xx_HAL_Driver/Src/stm32g4xx_hal_cortex.o
                0x000000000800314c                HAL_NVIC_SetPriorityGrouping
 .text.HAL_NVIC_SetPriority
                0x0000000008003162       0x34 ./Drivers/STM32G4xx_HAL_Driver/Src/stm32g4xx_hal_cortex.o
                0x0000000008003162                HAL_NVIC_SetPriority
 .text.HAL_NVIC_EnableIRQ
                0x0000000008003196       0x1c ./Drivers/STM32G4xx_HAL_Driver/Src/stm32g4xx_hal_cortex.o
                0x0000000008003196                HAL_NVIC_EnableIRQ
 .text.HAL_SYSTICK_Config
                0x00000000080031b2       0x18 ./Drivers/STM32G4xx_HAL_Driver/Src/stm32g4xx_hal_cortex.o
                0x00000000080031b2                HAL_SYSTICK_Config
 .text.HAL_DMA_Abort_IT
                0x00000000080031ca       0xce ./Drivers/STM32G4xx_HAL_Driver/Src/stm32g4xx_hal_dma.o
                0x00000000080031ca                HAL_DMA_Abort_IT
 .text.HAL_FDCAN_Init
                0x0000000008003298      0x2b4 ./Drivers/STM32G4xx_HAL_Driver/Src/stm32g4xx_hal_fdcan.o
                0x0000000008003298                HAL_FDCAN_Init
 .text.HAL_FDCAN_ConfigFilter
                0x000000000800354c       0xb4 ./Drivers/STM32G4xx_HAL_Driver/Src/stm32g4xx_hal_fdcan.o
                0x000000000800354c                HAL_FDCAN_ConfigFilter
 .text.HAL_FDCAN_ConfigGlobalFilter
                0x0000000008003600       0x62 ./Drivers/STM32G4xx_HAL_Driver/Src/stm32g4xx_hal_fdcan.o
                0x0000000008003600                HAL_FDCAN_ConfigGlobalFilter
 .text.HAL_FDCAN_Start
                0x0000000008003662       0x50 ./Drivers/STM32G4xx_HAL_Driver/Src/stm32g4xx_hal_fdcan.o
                0x0000000008003662                HAL_FDCAN_Start
 .text.HAL_FDCAN_Stop
                0x00000000080036b2       0xe0 ./Drivers/STM32G4xx_HAL_Driver/Src/stm32g4xx_hal_fdcan.o
                0x00000000080036b2                HAL_FDCAN_Stop
 .text.HAL_FDCAN_AddMessageToTxFifoQ
                0x0000000008003792       0x88 ./Drivers/STM32G4xx_HAL_Driver/Src/stm32g4xx_hal_fdcan.o
                0x0000000008003792                HAL_FDCAN_AddMessageToTxFifoQ
 *fill*         0x000000000800381a        0x2 
 .text.HAL_FDCAN_GetRxMessage
                0x000000000800381c      0x1b4 ./Drivers/STM32G4xx_HAL_Driver/Src/stm32g4xx_hal_fdcan.o
                0x000000000800381c                HAL_FDCAN_GetRxMessage
 .text.HAL_FDCAN_ActivateNotification
                0x00000000080039d0      0x1cc ./Drivers/STM32G4xx_HAL_Driver/Src/stm32g4xx_hal_fdcan.o
                0x00000000080039d0                HAL_FDCAN_ActivateNotification
 .text.HAL_FDCAN_IRQHandler
                0x0000000008003b9c      0x272 ./Drivers/STM32G4xx_HAL_Driver/Src/stm32g4xx_hal_fdcan.o
                0x0000000008003b9c                HAL_FDCAN_IRQHandler
 .text.HAL_FDCAN_TxEventFifoCallback
                0x0000000008003e0e       0x16 ./Drivers/STM32G4xx_HAL_Driver/Src/stm32g4xx_hal_fdcan.o
                0x0000000008003e0e                HAL_FDCAN_TxEventFifoCallback
 .text.HAL_FDCAN_RxFifo1Callback
                0x0000000008003e24       0x16 ./Drivers/STM32G4xx_HAL_Driver/Src/stm32g4xx_hal_fdcan.o
                0x0000000008003e24                HAL_FDCAN_RxFifo1Callback
 .text.HAL_FDCAN_TxFifoEmptyCallback
                0x0000000008003e3a       0x14 ./Drivers/STM32G4xx_HAL_Driver/Src/stm32g4xx_hal_fdcan.o
                0x0000000008003e3a                HAL_FDCAN_TxFifoEmptyCallback
 .text.HAL_FDCAN_TxBufferCompleteCallback
                0x0000000008003e4e       0x16 ./Drivers/STM32G4xx_HAL_Driver/Src/stm32g4xx_hal_fdcan.o
                0x0000000008003e4e                HAL_FDCAN_TxBufferCompleteCallback
 .text.HAL_FDCAN_TxBufferAbortCallback
                0x0000000008003e64       0x16 ./Drivers/STM32G4xx_HAL_Driver/Src/stm32g4xx_hal_fdcan.o
                0x0000000008003e64                HAL_FDCAN_TxBufferAbortCallback
 .text.HAL_FDCAN_TimestampWraparoundCallback
                0x0000000008003e7a       0x14 ./Drivers/STM32G4xx_HAL_Driver/Src/stm32g4xx_hal_fdcan.o
                0x0000000008003e7a                HAL_FDCAN_TimestampWraparoundCallback
 .text.HAL_FDCAN_TimeoutOccurredCallback
                0x0000000008003e8e       0x14 ./Drivers/STM32G4xx_HAL_Driver/Src/stm32g4xx_hal_fdcan.o
                0x0000000008003e8e                HAL_FDCAN_TimeoutOccurredCallback
 .text.HAL_FDCAN_HighPriorityMessageCallback
                0x0000000008003ea2       0x14 ./Drivers/STM32G4xx_HAL_Driver/Src/stm32g4xx_hal_fdcan.o
                0x0000000008003ea2                HAL_FDCAN_HighPriorityMessageCallback
 .text.HAL_FDCAN_ErrorCallback
                0x0000000008003eb6       0x14 ./Drivers/STM32G4xx_HAL_Driver/Src/stm32g4xx_hal_fdcan.o
                0x0000000008003eb6                HAL_FDCAN_ErrorCallback
 .text.HAL_FDCAN_ErrorStatusCallback
                0x0000000008003eca       0x16 ./Drivers/STM32G4xx_HAL_Driver/Src/stm32g4xx_hal_fdcan.o
                0x0000000008003eca                HAL_FDCAN_ErrorStatusCallback
 .text.FDCAN_CalcultateRamBlockAddresses
                0x0000000008003ee0       0xd8 ./Drivers/STM32G4xx_HAL_Driver/Src/stm32g4xx_hal_fdcan.o
 .text.FDCAN_CopyMessageToRAM
                0x0000000008003fb8       0xf8 ./Drivers/STM32G4xx_HAL_Driver/Src/stm32g4xx_hal_fdcan.o
 .text.HAL_FLASH_Program
                0x00000000080040b0       0xac ./Drivers/STM32G4xx_HAL_Driver/Src/stm32g4xx_hal_flash.o
                0x00000000080040b0                HAL_FLASH_Program
 .text.HAL_FLASH_Unlock
                0x000000000800415c       0x44 ./Drivers/STM32G4xx_HAL_Driver/Src/stm32g4xx_hal_flash.o
                0x000000000800415c                HAL_FLASH_Unlock
 .text.HAL_FLASH_Lock
                0x00000000080041a0       0x34 ./Drivers/STM32G4xx_HAL_Driver/Src/stm32g4xx_hal_flash.o
                0x00000000080041a0                HAL_FLASH_Lock
 .text.FLASH_WaitForLastOperation
                0x00000000080041d4       0xa8 ./Drivers/STM32G4xx_HAL_Driver/Src/stm32g4xx_hal_flash.o
                0x00000000080041d4                FLASH_WaitForLastOperation
 .text.FLASH_Program_DoubleWord
                0x000000000800427c       0x4c ./Drivers/STM32G4xx_HAL_Driver/Src/stm32g4xx_hal_flash.o
 .text.FLASH_Program_Fast
                0x00000000080042c8       0x6c ./Drivers/STM32G4xx_HAL_Driver/Src/stm32g4xx_hal_flash.o
 .text.HAL_FLASHEx_Erase
                0x0000000008004334      0x144 ./Drivers/STM32G4xx_HAL_Driver/Src/stm32g4xx_hal_flash_ex.o
                0x0000000008004334                HAL_FLASHEx_Erase
 .text.FLASH_MassErase
                0x0000000008004478       0x70 ./Drivers/STM32G4xx_HAL_Driver/Src/stm32g4xx_hal_flash_ex.o
 .text.FLASH_PageErase
                0x00000000080044e8       0x88 ./Drivers/STM32G4xx_HAL_Driver/Src/stm32g4xx_hal_flash_ex.o
                0x00000000080044e8                FLASH_PageErase
 .text.FLASH_FlushCaches
                0x0000000008004570       0x88 ./Drivers/STM32G4xx_HAL_Driver/Src/stm32g4xx_hal_flash_ex.o
                0x0000000008004570                FLASH_FlushCaches
 .text.HAL_GPIO_Init
                0x00000000080045f8      0x304 ./Drivers/STM32G4xx_HAL_Driver/Src/stm32g4xx_hal_gpio.o
                0x00000000080045f8                HAL_GPIO_Init
 .text.HAL_GPIO_ReadPin
                0x00000000080048fc       0x30 ./Drivers/STM32G4xx_HAL_Driver/Src/stm32g4xx_hal_gpio.o
                0x00000000080048fc                HAL_GPIO_ReadPin
 .text.HAL_GPIO_WritePin
                0x000000000800492c       0x30 ./Drivers/STM32G4xx_HAL_Driver/Src/stm32g4xx_hal_gpio.o
                0x000000000800492c                HAL_GPIO_WritePin
 .text.HAL_PWR_EnterSTOPMode
                0x000000000800495c       0x2e ./Drivers/STM32G4xx_HAL_Driver/Src/stm32g4xx_hal_pwr.o
                0x000000000800495c                HAL_PWR_EnterSTOPMode
 *fill*         0x000000000800498a        0x2 
 .text.HAL_PWREx_ControlVoltageScaling
                0x000000000800498c      0x148 ./Drivers/STM32G4xx_HAL_Driver/Src/stm32g4xx_hal_pwr_ex.o
                0x000000000800498c                HAL_PWREx_ControlVoltageScaling
 .text.HAL_PWREx_EnterSTOP0Mode
                0x0000000008004ad4       0x54 ./Drivers/STM32G4xx_HAL_Driver/Src/stm32g4xx_hal_pwr_ex.o
                0x0000000008004ad4                HAL_PWREx_EnterSTOP0Mode
 .text.HAL_PWREx_EnterSTOP1Mode
                0x0000000008004b28       0x58 ./Drivers/STM32G4xx_HAL_Driver/Src/stm32g4xx_hal_pwr_ex.o
                0x0000000008004b28                HAL_PWREx_EnterSTOP1Mode
 .text.HAL_PWREx_DisableUCPDDeadBattery
                0x0000000008004b80       0x20 ./Drivers/STM32G4xx_HAL_Driver/Src/stm32g4xx_hal_pwr_ex.o
                0x0000000008004b80                HAL_PWREx_DisableUCPDDeadBattery
 .text.HAL_RCC_OscConfig
                0x0000000008004ba0      0x630 ./Drivers/STM32G4xx_HAL_Driver/Src/stm32g4xx_hal_rcc.o
                0x0000000008004ba0                HAL_RCC_OscConfig
 .text.HAL_RCC_ClockConfig
                0x00000000080051d0      0x278 ./Drivers/STM32G4xx_HAL_Driver/Src/stm32g4xx_hal_rcc.o
                0x00000000080051d0                HAL_RCC_ClockConfig
 .text.HAL_RCC_GetSysClockFreq
                0x0000000008005448       0xc4 ./Drivers/STM32G4xx_HAL_Driver/Src/stm32g4xx_hal_rcc.o
                0x0000000008005448                HAL_RCC_GetSysClockFreq
 .text.RCC_GetSysClockFreqFromPLLSource
                0x000000000800550c       0x8c ./Drivers/STM32G4xx_HAL_Driver/Src/stm32g4xx_hal_rcc.o
 .text.HAL_RCCEx_PeriphCLKConfig
                0x0000000008005598      0x498 ./Drivers/STM32G4xx_HAL_Driver/Src/stm32g4xx_hal_rcc_ex.o
                0x0000000008005598                HAL_RCCEx_PeriphCLKConfig
 .text.HAL_RTC_Init
                0x0000000008005a30       0xdc ./Drivers/STM32G4xx_HAL_Driver/Src/stm32g4xx_hal_rtc.o
                0x0000000008005a30                HAL_RTC_Init
 .text.HAL_RTC_WaitForSynchro
                0x0000000008005b0c       0x4c ./Drivers/STM32G4xx_HAL_Driver/Src/stm32g4xx_hal_rtc.o
                0x0000000008005b0c                HAL_RTC_WaitForSynchro
 .text.RTC_EnterInitMode
                0x0000000008005b58       0x68 ./Drivers/STM32G4xx_HAL_Driver/Src/stm32g4xx_hal_rtc.o
                0x0000000008005b58                RTC_EnterInitMode
 .text.RTC_ExitInitMode
                0x0000000008005bc0       0x7c ./Drivers/STM32G4xx_HAL_Driver/Src/stm32g4xx_hal_rtc.o
                0x0000000008005bc0                RTC_ExitInitMode
 .text.HAL_RTCEx_SetWakeUpTimer_IT
                0x0000000008005c3c       0xfc ./Drivers/STM32G4xx_HAL_Driver/Src/stm32g4xx_hal_rtc_ex.o
                0x0000000008005c3c                HAL_RTCEx_SetWakeUpTimer_IT
 .text.HAL_RTCEx_DeactivateWakeUpTimer
                0x0000000008005d38       0xac ./Drivers/STM32G4xx_HAL_Driver/Src/stm32g4xx_hal_rtc_ex.o
                0x0000000008005d38                HAL_RTCEx_DeactivateWakeUpTimer
 .text.HAL_RTCEx_WakeUpTimerIRQHandler
                0x0000000008005de4       0x40 ./Drivers/STM32G4xx_HAL_Driver/Src/stm32g4xx_hal_rtc_ex.o
                0x0000000008005de4                HAL_RTCEx_WakeUpTimerIRQHandler
 .text.HAL_RTCEx_WakeUpTimerEventCallback
                0x0000000008005e24       0x14 ./Drivers/STM32G4xx_HAL_Driver/Src/stm32g4xx_hal_rtc_ex.o
                0x0000000008005e24                HAL_RTCEx_WakeUpTimerEventCallback
 .text.HAL_SPI_Init
                0x0000000008005e38      0x156 ./Drivers/STM32G4xx_HAL_Driver/Src/stm32g4xx_hal_spi.o
                0x0000000008005e38                HAL_SPI_Init
 .text.HAL_SPI_TransmitReceive
                0x0000000008005f8e      0x426 ./Drivers/STM32G4xx_HAL_Driver/Src/stm32g4xx_hal_spi.o
                0x0000000008005f8e                HAL_SPI_TransmitReceive
 .text.HAL_SPI_IRQHandler
                0x00000000080063b4      0x200 ./Drivers/STM32G4xx_HAL_Driver/Src/stm32g4xx_hal_spi.o
                0x00000000080063b4                HAL_SPI_IRQHandler
 .text.HAL_SPI_ErrorCallback
                0x00000000080065b4       0x14 ./Drivers/STM32G4xx_HAL_Driver/Src/stm32g4xx_hal_spi.o
                0x00000000080065b4                HAL_SPI_ErrorCallback
 .text.SPI_DMAAbortOnError
                0x00000000080065c8       0x2a ./Drivers/STM32G4xx_HAL_Driver/Src/stm32g4xx_hal_spi.o
 *fill*         0x00000000080065f2        0x2 
 .text.SPI_WaitFlagStateUntilTimeout
                0x00000000080065f4      0x110 ./Drivers/STM32G4xx_HAL_Driver/Src/stm32g4xx_hal_spi.o
 .text.SPI_WaitFifoStateUntilTimeout
                0x0000000008006704      0x124 ./Drivers/STM32G4xx_HAL_Driver/Src/stm32g4xx_hal_spi.o
 .text.SPI_EndRxTxTransaction
                0x0000000008006828       0x8c ./Drivers/STM32G4xx_HAL_Driver/Src/stm32g4xx_hal_spi.o
 .text.HAL_TIM_Base_Init
                0x00000000080068b4       0xae ./Drivers/STM32G4xx_HAL_Driver/Src/stm32g4xx_hal_tim.o
                0x00000000080068b4                HAL_TIM_Base_Init
 *fill*         0x0000000008006962        0x2 
 .text.HAL_TIM_Base_Start_IT
                0x0000000008006964       0xf0 ./Drivers/STM32G4xx_HAL_Driver/Src/stm32g4xx_hal_tim.o
                0x0000000008006964                HAL_TIM_Base_Start_IT
 .text.HAL_TIM_PWM_Init
                0x0000000008006a54       0xae ./Drivers/STM32G4xx_HAL_Driver/Src/stm32g4xx_hal_tim.o
                0x0000000008006a54                HAL_TIM_PWM_Init
 .text.HAL_TIM_IRQHandler
                0x0000000008006b02      0x2fe ./Drivers/STM32G4xx_HAL_Driver/Src/stm32g4xx_hal_tim.o
                0x0000000008006b02                HAL_TIM_IRQHandler
 .text.HAL_TIM_PWM_ConfigChannel
                0x0000000008006e00      0x220 ./Drivers/STM32G4xx_HAL_Driver/Src/stm32g4xx_hal_tim.o
                0x0000000008006e00                HAL_TIM_PWM_ConfigChannel
 .text.HAL_TIM_OC_DelayElapsedCallback
                0x0000000008007020       0x14 ./Drivers/STM32G4xx_HAL_Driver/Src/stm32g4xx_hal_tim.o
                0x0000000008007020                HAL_TIM_OC_DelayElapsedCallback
 .text.HAL_TIM_IC_CaptureCallback
                0x0000000008007034       0x14 ./Drivers/STM32G4xx_HAL_Driver/Src/stm32g4xx_hal_tim.o
                0x0000000008007034                HAL_TIM_IC_CaptureCallback
 .text.HAL_TIM_PWM_PulseFinishedCallback
                0x0000000008007048       0x14 ./Drivers/STM32G4xx_HAL_Driver/Src/stm32g4xx_hal_tim.o
                0x0000000008007048                HAL_TIM_PWM_PulseFinishedCallback
 .text.HAL_TIM_TriggerCallback
                0x000000000800705c       0x14 ./Drivers/STM32G4xx_HAL_Driver/Src/stm32g4xx_hal_tim.o
                0x000000000800705c                HAL_TIM_TriggerCallback
 .text.TIM_Base_SetConfig
                0x0000000008007070      0x150 ./Drivers/STM32G4xx_HAL_Driver/Src/stm32g4xx_hal_tim.o
                0x0000000008007070                TIM_Base_SetConfig
 .text.TIM_OC1_SetConfig
                0x00000000080071c0      0x134 ./Drivers/STM32G4xx_HAL_Driver/Src/stm32g4xx_hal_tim.o
 .text.TIM_OC2_SetConfig
                0x00000000080072f4      0x128 ./Drivers/STM32G4xx_HAL_Driver/Src/stm32g4xx_hal_tim.o
                0x00000000080072f4                TIM_OC2_SetConfig
 .text.TIM_OC3_SetConfig
                0x000000000800741c      0x124 ./Drivers/STM32G4xx_HAL_Driver/Src/stm32g4xx_hal_tim.o
 .text.TIM_OC4_SetConfig
                0x0000000008007540      0x128 ./Drivers/STM32G4xx_HAL_Driver/Src/stm32g4xx_hal_tim.o
 .text.TIM_OC5_SetConfig
                0x0000000008007668       0xd4 ./Drivers/STM32G4xx_HAL_Driver/Src/stm32g4xx_hal_tim.o
 .text.TIM_OC6_SetConfig
                0x000000000800773c       0xd8 ./Drivers/STM32G4xx_HAL_Driver/Src/stm32g4xx_hal_tim.o
 .text.HAL_TIMEx_MasterConfigSynchronization
                0x0000000008007814      0x12c ./Drivers/STM32G4xx_HAL_Driver/Src/stm32g4xx_hal_tim_ex.o
                0x0000000008007814                HAL_TIMEx_MasterConfigSynchronization
 .text.HAL_TIMEx_ConfigBreakDeadTime
                0x0000000008007940      0x164 ./Drivers/STM32G4xx_HAL_Driver/Src/stm32g4xx_hal_tim_ex.o
                0x0000000008007940                HAL_TIMEx_ConfigBreakDeadTime
 .text.HAL_TIMEx_CommutCallback
                0x0000000008007aa4       0x14 ./Drivers/STM32G4xx_HAL_Driver/Src/stm32g4xx_hal_tim_ex.o
                0x0000000008007aa4                HAL_TIMEx_CommutCallback
 .text.HAL_TIMEx_BreakCallback
                0x0000000008007ab8       0x14 ./Drivers/STM32G4xx_HAL_Driver/Src/stm32g4xx_hal_tim_ex.o
                0x0000000008007ab8                HAL_TIMEx_BreakCallback
 .text.HAL_TIMEx_Break2Callback
                0x0000000008007acc       0x14 ./Drivers/STM32G4xx_HAL_Driver/Src/stm32g4xx_hal_tim_ex.o
                0x0000000008007acc                HAL_TIMEx_Break2Callback
 .text.HAL_TIMEx_EncoderIndexCallback
                0x0000000008007ae0       0x14 ./Drivers/STM32G4xx_HAL_Driver/Src/stm32g4xx_hal_tim_ex.o
                0x0000000008007ae0                HAL_TIMEx_EncoderIndexCallback
 .text.HAL_TIMEx_DirectionChangeCallback
                0x0000000008007af4       0x14 ./Drivers/STM32G4xx_HAL_Driver/Src/stm32g4xx_hal_tim_ex.o
                0x0000000008007af4                HAL_TIMEx_DirectionChangeCallback
 .text.HAL_TIMEx_IndexErrorCallback
                0x0000000008007b08       0x14 ./Drivers/STM32G4xx_HAL_Driver/Src/stm32g4xx_hal_tim_ex.o
                0x0000000008007b08                HAL_TIMEx_IndexErrorCallback
 .text.HAL_TIMEx_TransitionErrorCallback
                0x0000000008007b1c       0x14 ./Drivers/STM32G4xx_HAL_Driver/Src/stm32g4xx_hal_tim_ex.o
                0x0000000008007b1c                HAL_TIMEx_TransitionErrorCallback
 .text.__libc_init_array
                0x0000000008007b30       0x48 c:/st/stm32cubeide_1.3.0/stm32cubeide/plugins/com.st.stm32cube.ide.mcu.externaltools.gnu-tools-for-stm32.9-2020-q2-update.win32_2.0.0.202105311346/tools/bin/../lib/gcc/arm-none-eabi/9.3.1/../../../../arm-none-eabi/lib/thumb/v7e-m+fp/hard\libc_nano.a(lib_a-init.o)
                0x0000000008007b30                __libc_init_array
 .text.memset   0x0000000008007b78       0x10 c:/st/stm32cubeide_1.3.0/stm32cubeide/plugins/com.st.stm32cube.ide.mcu.externaltools.gnu-tools-for-stm32.9-2020-q2-update.win32_2.0.0.202105311346/tools/bin/../lib/gcc/arm-none-eabi/9.3.1/../../../../arm-none-eabi/lib/thumb/v7e-m+fp/hard\libc_nano.a(lib_a-memset.o)
                0x0000000008007b78                memset
 *(.glue_7)
 .glue_7        0x0000000008007b88        0x0 linker stubs
 *(.glue_7t)
 .glue_7t       0x0000000008007b88        0x0 linker stubs
 *(.eh_frame)
 .eh_frame      0x0000000008007b88        0x0 c:/st/stm32cubeide_1.3.0/stm32cubeide/plugins/com.st.stm32cube.ide.mcu.externaltools.gnu-tools-for-stm32.9-2020-q2-update.win32_2.0.0.202105311346/tools/bin/../lib/gcc/arm-none-eabi/9.3.1/thumb/v7e-m+fp/hard/crtbegin.o
 *(.init)
 .init          0x0000000008007b88        0x4 c:/st/stm32cubeide_1.3.0/stm32cubeide/plugins/com.st.stm32cube.ide.mcu.externaltools.gnu-tools-for-stm32.9-2020-q2-update.win32_2.0.0.202105311346/tools/bin/../lib/gcc/arm-none-eabi/9.3.1/thumb/v7e-m+fp/hard/crti.o
                0x0000000008007b88                _init
 .init          0x0000000008007b8c        0x8 c:/st/stm32cubeide_1.3.0/stm32cubeide/plugins/com.st.stm32cube.ide.mcu.externaltools.gnu-tools-for-stm32.9-2020-q2-update.win32_2.0.0.202105311346/tools/bin/../lib/gcc/arm-none-eabi/9.3.1/thumb/v7e-m+fp/hard/crtn.o
 *(.fini)
 .fini          0x0000000008007b94        0x4 c:/st/stm32cubeide_1.3.0/stm32cubeide/plugins/com.st.stm32cube.ide.mcu.externaltools.gnu-tools-for-stm32.9-2020-q2-update.win32_2.0.0.202105311346/tools/bin/../lib/gcc/arm-none-eabi/9.3.1/thumb/v7e-m+fp/hard/crti.o
                0x0000000008007b94                _fini
 .fini          0x0000000008007b98        0x8 c:/st/stm32cubeide_1.3.0/stm32cubeide/plugins/com.st.stm32cube.ide.mcu.externaltools.gnu-tools-for-stm32.9-2020-q2-update.win32_2.0.0.202105311346/tools/bin/../lib/gcc/arm-none-eabi/9.3.1/thumb/v7e-m+fp/hard/crtn.o
                0x0000000008007ba0                . = ALIGN (0x4)
                0x0000000008007ba0                _etext = .

.vfp11_veneer   0x0000000008007ba0        0x0
 .vfp11_veneer  0x0000000008007ba0        0x0 linker stubs

.v4_bx          0x0000000008007ba0        0x0
 .v4_bx         0x0000000008007ba0        0x0 linker stubs

.iplt           0x0000000008007ba0        0x0
 .iplt          0x0000000008007ba0        0x0 c:/st/stm32cubeide_1.3.0/stm32cubeide/plugins/com.st.stm32cube.ide.mcu.externaltools.gnu-tools-for-stm32.9-2020-q2-update.win32_2.0.0.202105311346/tools/bin/../lib/gcc/arm-none-eabi/9.3.1/thumb/v7e-m+fp/hard/crtbegin.o

.rodata         0x0000000008007ba0       0x20
                0x0000000008007ba0                . = ALIGN (0x4)
 *(.rodata)
 *(.rodata*)
 .rodata.AHBPrescTable
                0x0000000008007ba0       0x10 ./Core/Src/system_stm32g4xx.o
                0x0000000008007ba0                AHBPrescTable
 .rodata.DLCtoBytes
                0x0000000008007bb0       0x10 ./Drivers/STM32G4xx_HAL_Driver/Src/stm32g4xx_hal_fdcan.o
                0x0000000008007bc0                . = ALIGN (0x4)

.rel.dyn        0x0000000008007bc0        0x0
 .rel.iplt      0x0000000008007bc0        0x0 c:/st/stm32cubeide_1.3.0/stm32cubeide/plugins/com.st.stm32cube.ide.mcu.externaltools.gnu-tools-for-stm32.9-2020-q2-update.win32_2.0.0.202105311346/tools/bin/../lib/gcc/arm-none-eabi/9.3.1/thumb/v7e-m+fp/hard/crtbegin.o

.ARM.extab      0x0000000008007bc0        0x0
                0x0000000008007bc0                . = ALIGN (0x4)
 *(.ARM.extab* .gnu.linkonce.armextab.*)
                0x0000000008007bc0                . = ALIGN (0x4)

.ARM            0x0000000008007bc0        0x0
                0x0000000008007bc0                . = ALIGN (0x4)
                0x0000000008007bc0                __exidx_start = .
 *(.ARM.exidx*)
                0x0000000008007bc0                __exidx_end = .
                0x0000000008007bc0                . = ALIGN (0x4)

.preinit_array  0x0000000008007bc0        0x0
                0x0000000008007bc0                . = ALIGN (0x4)
                0x0000000008007bc0                PROVIDE (__preinit_array_start = .)
 *(.preinit_array*)
                0x0000000008007bc0                PROVIDE (__preinit_array_end = .)
                0x0000000008007bc0                . = ALIGN (0x4)

.init_array     0x0000000008007bc0        0x4
                0x0000000008007bc0                . = ALIGN (0x4)
                0x0000000008007bc0                PROVIDE (__init_array_start = .)
 *(SORT_BY_NAME(.init_array.*))
 *(.init_array*)
 .init_array    0x0000000008007bc0        0x4 c:/st/stm32cubeide_1.3.0/stm32cubeide/plugins/com.st.stm32cube.ide.mcu.externaltools.gnu-tools-for-stm32.9-2020-q2-update.win32_2.0.0.202105311346/tools/bin/../lib/gcc/arm-none-eabi/9.3.1/thumb/v7e-m+fp/hard/crtbegin.o
                0x0000000008007bc4                PROVIDE (__init_array_end = .)
                0x0000000008007bc4                . = ALIGN (0x4)

.fini_array     0x0000000008007bc4        0x4
                0x0000000008007bc4                . = ALIGN (0x4)
                [!provide]                        PROVIDE (__fini_array_start = .)
 *(SORT_BY_NAME(.fini_array.*))
 *(.fini_array*)
 .fini_array    0x0000000008007bc4        0x4 c:/st/stm32cubeide_1.3.0/stm32cubeide/plugins/com.st.stm32cube.ide.mcu.externaltools.gnu-tools-for-stm32.9-2020-q2-update.win32_2.0.0.202105311346/tools/bin/../lib/gcc/arm-none-eabi/9.3.1/thumb/v7e-m+fp/hard/crtbegin.o
                [!provide]                        PROVIDE (__fini_array_end = .)
                0x0000000008007bc8                . = ALIGN (0x4)
                0x0000000008007bc8                _sidata = LOADADDR (.data)

.data           0x0000000020000000       0x2c load address 0x0000000008007bc8
                0x0000000020000000                . = ALIGN (0x4)
                0x0000000020000000                _sdata = .
 *(.data)
 *(.data*)
 .data.SystemCoreClock
                0x0000000020000000        0x4 ./Core/Src/system_stm32g4xx.o
                0x0000000020000000                SystemCoreClock
 .data.uwTickPrio
                0x0000000020000004        0x4 ./Drivers/STM32G4xx_HAL_Driver/Src/stm32g4xx_hal.o
                0x0000000020000004                uwTickPrio
 .data.uwTickFreq
                0x0000000020000008        0x4 ./Drivers/STM32G4xx_HAL_Driver/Src/stm32g4xx_hal.o
                0x0000000020000008                uwTickFreq
 .data.pFlash   0x000000002000000c       0x20 ./Drivers/STM32G4xx_HAL_Driver/Src/stm32g4xx_hal_flash.o
                0x000000002000000c                pFlash
 *(.RamFunc)
 *(.RamFunc*)
                0x000000002000002c                . = ALIGN (0x4)
                0x000000002000002c                _edata = .

.igot.plt       0x000000002000002c        0x0 load address 0x0000000008007bf4
 .igot.plt      0x000000002000002c        0x0 c:/st/stm32cubeide_1.3.0/stm32cubeide/plugins/com.st.stm32cube.ide.mcu.externaltools.gnu-tools-for-stm32.9-2020-q2-update.win32_2.0.0.202105311346/tools/bin/../lib/gcc/arm-none-eabi/9.3.1/thumb/v7e-m+fp/hard/crtbegin.o
                0x000000002000002c                . = ALIGN (0x4)

.bss            0x000000002000002c      0x618 load address 0x0000000008007bf4
                0x000000002000002c                _sbss = .
                0x000000002000002c                __bss_start__ = _sbss
 *(.bss)
 .bss           0x000000002000002c       0x1c c:/st/stm32cubeide_1.3.0/stm32cubeide/plugins/com.st.stm32cube.ide.mcu.externaltools.gnu-tools-for-stm32.9-2020-q2-update.win32_2.0.0.202105311346/tools/bin/../lib/gcc/arm-none-eabi/9.3.1/thumb/v7e-m+fp/hard/crtbegin.o
 *(.bss*)
 .bss.boardingpassAVAS_first_step
                0x0000000020000048        0x1 ./Core/Src/lamp_ctrl.o
                0x0000000020000048                boardingpassAVAS_first_step
 .bss.speaker_on_cnt.9943
                0x0000000020000049        0x1 ./Core/Src/lamp_ctrl.o
 .bss.speaker_off_cnt.9944
                0x000000002000004a        0x1 ./Core/Src/lamp_ctrl.o
 .bss.akit_door_open_prev.9949
                0x000000002000004b        0x1 ./Core/Src/lamp_ctrl.o
 .bss.akit_door_close_prev.9950
                0x000000002000004c        0x1 ./Core/Src/lamp_ctrl.o
 *fill*         0x000000002000004d        0x3 
 .bss.EraseInitStruct
                0x0000000020000050       0x10 ./Core/Src/param.o
 .bss.gnrl_2    0x0000000020000060        0x4 ./Core/Src/param.o
 .bss.HAL_RCC_FDCAN_CLK_ENABLED
                0x0000000020000064        0x4 ./Core/Src/stm32g4xx_hal_msp.o
 *(COMMON)
 COMMON         0x0000000020000068      0x41f ./Core/Src/ctrl_routine.o
                0x0000000020000068                distant_data
                0x000000002000006c                l_can_tx_header
                0x0000000020000090                distant_door_open
                0x0000000020000091                convertor_status
                0x0000000020000092                RF_door_open_sig
                0x0000000020000093                stop_enable
                0x0000000020000094                param
                0x00000000200000e4                vehicle_vel_prev
                0x00000000200000e5                us_door_opening_cnt
                0x00000000200000e6                turn_lamp_left_fail_cnt
                0x00000000200000e7                charge_door_status
                0x00000000200000e8                auto_tail_off_cnt
                0x00000000200000e9                gear_position
                0x00000000200000ec                can1_tx_data
                0x00000000200000f4                PS_door_close
                0x00000000200000f5                DRV_door_close
                0x00000000200000f6                check_us_door_open_cnt
                0x00000000200000f8                door_open_on_cnt
                0x00000000200000fa                check_door_warning_sensor_cnt
                0x00000000200000fb                turn_lamp_right_delay_cnt
                0x00000000200000fc                can_not_receive_cnt
                0x00000000200000fd                auto_light_status
                0x00000000200000fe                check_pBrake_status
                0x00000000200000ff                hazard_sw_on
                0x0000000020000100                RF_door_open_sig_on_prev
                0x0000000020000101                PS_door_open_prev
                0x0000000020000102                RF_door_open_seq
                0x0000000020000103                RF_door_open_seq_cnt
                0x0000000020000104                turn_lamp_left_delay_cnt
                0x0000000020000105                RF_door_close_sig_on_prev
                0x0000000020000108                a_can_rx_header
                0x0000000020000130                auto_tail_on_cnt
                0x0000000020000131                us_door_closing
                0x0000000020000132                test_tx_flag
                0x0000000020000133                door_close_on_cnt
                0x0000000020000134                RF_door_open_sig_on
                0x0000000020000135                check_us_door_open
                0x0000000020000138                hfdcan3
                0x000000002000019c                convertor_on_delay
                0x000000002000019d                PS_door_open
                0x000000002000019e                door_open_status_prev
                0x000000002000019f                ign1_status_old
                0x00000000200001a0                Input_Status_Prev
                0x00000000200001b0                hazard_onoff_cnt
                0x00000000200001b2                door_open_on
                0x00000000200001b3                turnlamp_right_onoff_cnt
                0x00000000200001b4                doorwarning_AVAS_cnt
                0x00000000200001b8                can1_tx_header
                0x00000000200001dc                door_open_comp
                0x00000000200001dd                dec_hazard_on
                0x00000000200001de                door_open_comp_cnt
                0x00000000200001e0                sidelamp_onoff
                0x00000000200001e1                turn_lamp_right_fail_cnt
                0x00000000200001e4                akit_command
                0x00000000200001ec                stop_lamp_on
                0x00000000200001ed                check_us_door_close_cnt
                0x00000000200001ee                RF_door_close_sig
                0x00000000200001ef                door_close_on
                0x00000000200001f0                l_can_rx_header
                0x0000000020000218                turn_left_curr
                0x000000002000021c                can2_tx_header
                0x0000000020000240                ign1_status_check
                0x0000000020000241                lamp_tx_flag
                0x0000000020000242                check_us_door_close
                0x0000000020000244                can2_tx_data
                0x000000002000024c                hazard_dec_cnt
                0x0000000020000250                can1_rx_header
                0x0000000020000278                door_warning_closing_cnt
                0x0000000020000279                us_door_closing_cnt
                0x000000002000027a                boardingpass_AVAS_trigger
                0x000000002000027c                turn_right_curr
                0x0000000020000280                Input_Status
                0x000000002000028f                RKE_door_lock_status
                0x0000000020000290                RF_door_close_sig_on
                0x0000000020000291                brake_status
                0x0000000020000292                auto_mode
                0x0000000020000293                auto_head_off_cnt
                0x0000000020000294                hfdcan1
                0x00000000200002f8                testdata
                0x0000000020000300                Us_rear
                0x0000000020000308                boardingpass_AVAS_cnt
                0x000000002000030a                RF_open_hazard_on
                0x000000002000030b                RF_close_hazard_on
                0x000000002000030c                headlamp_H_onoff
                0x0000000020000310                Chattering
                0x000000002000031f                RF_door_open_sig_cnt
                0x0000000020000320                can2_rx_header
                0x0000000020000348                distant_door_open_cnt
                0x0000000020000349                RF_door_close_sig_cnt
                0x000000002000034a                light_data
                0x000000002000034c                Door_Status
                0x0000000020000350                c_can_tx_header
                0x0000000020000374                DRV_door_open
                0x0000000020000378                c_can_rx_header
                0x00000000200003a0                turn_lamp_left_fail
                0x00000000200003a4                can1_rx_data
                0x00000000200003ac                DRV_door_open_prev
                0x00000000200003ad                turnlamp_left_onoff_cnt
                0x00000000200003ae                auto_head_on_cnt
                0x00000000200003b0                lamp_tx_data
                0x00000000200003b8                Lamp_Status
                0x00000000200003c0                romdata
                0x00000000200003c4                Us_front
                0x00000000200003cc                doorwarning_AVAS_trigger
                0x00000000200003cd                PS_door_close_prev
                0x00000000200003ce                headlamp_L_onoff
                0x00000000200003cf                testAVAS
                0x00000000200003d0                timer6_cmd_num
                0x00000000200003d1                turn_lamp_right_fail
                0x00000000200003d4                a_can_tx_header
                0x00000000200003f8                Button_Status
                0x00000000200003fc                pBrake_status
                0x00000000200003fd                DRV_door_close_prev
                0x00000000200003fe                ign1_status
                0x0000000020000400                hfdcan2
                0x0000000020000464                stop_mode_cnt
                0x0000000020000468                can2_rx_data
                0x0000000020000470                savedata
                0x0000000020000472                vehicle_vel
                0x0000000020000474                param_seq
                0x0000000020000478                Input_Status_Raw
 *fill*         0x0000000020000487        0x1 
 COMMON         0x0000000020000488      0x1b8 ./Core/Src/main.o
                0x0000000020000488                hspi2
                0x00000000200004ec                htim8
                0x0000000020000538                spi2_rx_data
                0x0000000020000540                htim3
                0x000000002000058c                spi2_tx_data
                0x0000000020000594                can1_filter
                0x00000000200005ac                hrtc
                0x00000000200005d4                htim6
                0x0000000020000620                can2_filter
                0x0000000020000638                torque_air_data
 COMMON         0x0000000020000640        0x4 ./Drivers/STM32G4xx_HAL_Driver/Src/stm32g4xx_hal.o
                0x0000000020000640                uwTick
                0x0000000020000644                . = ALIGN (0x4)
                0x0000000020000644                _ebss = .
                0x0000000020000644                __bss_end__ = _ebss

._user_heap_stack
                0x0000000020000644      0x604 load address 0x0000000008007bf4
                0x0000000020000648                . = ALIGN (0x8)
 *fill*         0x0000000020000644        0x4 
                [!provide]                        PROVIDE (end = .)
                0x0000000020000648                PROVIDE (_end = .)
                0x0000000020000848                . = (. + _Min_Heap_Size)
 *fill*         0x0000000020000648      0x200 
                0x0000000020000c48                . = (. + _Min_Stack_Size)
 *fill*         0x0000000020000848      0x400 
                0x0000000020000c48                . = ALIGN (0x8)

/DISCARD/
 libc.a(*)
 libm.a(*)
 libgcc.a(*)

.ARM.attributes
                0x0000000000000000       0x30
 *(.ARM.attributes)
 .ARM.attributes
                0x0000000000000000       0x1e c:/st/stm32cubeide_1.3.0/stm32cubeide/plugins/com.st.stm32cube.ide.mcu.externaltools.gnu-tools-for-stm32.9-2020-q2-update.win32_2.0.0.202105311346/tools/bin/../lib/gcc/arm-none-eabi/9.3.1/thumb/v7e-m+fp/hard/crti.o
 .ARM.attributes
                0x000000000000001e       0x34 c:/st/stm32cubeide_1.3.0/stm32cubeide/plugins/com.st.stm32cube.ide.mcu.externaltools.gnu-tools-for-stm32.9-2020-q2-update.win32_2.0.0.202105311346/tools/bin/../lib/gcc/arm-none-eabi/9.3.1/thumb/v7e-m+fp/hard/crtbegin.o
 .ARM.attributes
                0x0000000000000052       0x34 ./Core/Src/ctrl_routine.o
 .ARM.attributes
                0x0000000000000086       0x34 ./Core/Src/lamp_ctrl.o
 .ARM.attributes
                0x00000000000000ba       0x34 ./Core/Src/main.o
 .ARM.attributes
                0x00000000000000ee       0x34 ./Core/Src/param.o
 .ARM.attributes
                0x0000000000000122       0x34 ./Core/Src/stm32g4xx_hal_msp.o
 .ARM.attributes
                0x0000000000000156       0x34 ./Core/Src/stm32g4xx_it.o
 .ARM.attributes
                0x000000000000018a       0x34 ./Core/Src/system_stm32g4xx.o
 .ARM.attributes
                0x00000000000001be       0x21 ./Core/Startup/startup_stm32g474vetx.o
 .ARM.attributes
                0x00000000000001df       0x34 ./Drivers/STM32G4xx_HAL_Driver/Src/stm32g4xx_hal.o
 .ARM.attributes
                0x0000000000000213       0x34 ./Drivers/STM32G4xx_HAL_Driver/Src/stm32g4xx_hal_cortex.o
 .ARM.attributes
                0x0000000000000247       0x34 ./Drivers/STM32G4xx_HAL_Driver/Src/stm32g4xx_hal_dma.o
 .ARM.attributes
                0x000000000000027b       0x34 ./Drivers/STM32G4xx_HAL_Driver/Src/stm32g4xx_hal_fdcan.o
 .ARM.attributes
                0x00000000000002af       0x34 ./Drivers/STM32G4xx_HAL_Driver/Src/stm32g4xx_hal_flash.o
 .ARM.attributes
                0x00000000000002e3       0x34 ./Drivers/STM32G4xx_HAL_Driver/Src/stm32g4xx_hal_flash_ex.o
 .ARM.attributes
                0x0000000000000317       0x34 ./Drivers/STM32G4xx_HAL_Driver/Src/stm32g4xx_hal_gpio.o
 .ARM.attributes
                0x000000000000034b       0x34 ./Drivers/STM32G4xx_HAL_Driver/Src/stm32g4xx_hal_pwr.o
 .ARM.attributes
                0x000000000000037f       0x34 ./Drivers/STM32G4xx_HAL_Driver/Src/stm32g4xx_hal_pwr_ex.o
 .ARM.attributes
                0x00000000000003b3       0x34 ./Drivers/STM32G4xx_HAL_Driver/Src/stm32g4xx_hal_rcc.o
 .ARM.attributes
                0x00000000000003e7       0x34 ./Drivers/STM32G4xx_HAL_Driver/Src/stm32g4xx_hal_rcc_ex.o
 .ARM.attributes
                0x000000000000041b       0x34 ./Drivers/STM32G4xx_HAL_Driver/Src/stm32g4xx_hal_rtc.o
 .ARM.attributes
                0x000000000000044f       0x34 ./Drivers/STM32G4xx_HAL_Driver/Src/stm32g4xx_hal_rtc_ex.o
 .ARM.attributes
                0x0000000000000483       0x34 ./Drivers/STM32G4xx_HAL_Driver/Src/stm32g4xx_hal_spi.o
 .ARM.attributes
                0x00000000000004b7       0x34 ./Drivers/STM32G4xx_HAL_Driver/Src/stm32g4xx_hal_tim.o
 .ARM.attributes
                0x00000000000004eb       0x34 ./Drivers/STM32G4xx_HAL_Driver/Src/stm32g4xx_hal_tim_ex.o
 .ARM.attributes
                0x000000000000051f       0x34 c:/st/stm32cubeide_1.3.0/stm32cubeide/plugins/com.st.stm32cube.ide.mcu.externaltools.gnu-tools-for-stm32.9-2020-q2-update.win32_2.0.0.202105311346/tools/bin/../lib/gcc/arm-none-eabi/9.3.1/../../../../arm-none-eabi/lib/thumb/v7e-m+fp/hard\libc_nano.a(lib_a-init.o)
 .ARM.attributes
                0x0000000000000553       0x34 c:/st/stm32cubeide_1.3.0/stm32cubeide/plugins/com.st.stm32cube.ide.mcu.externaltools.gnu-tools-for-stm32.9-2020-q2-update.win32_2.0.0.202105311346/tools/bin/../lib/gcc/arm-none-eabi/9.3.1/../../../../arm-none-eabi/lib/thumb/v7e-m+fp/hard\libc_nano.a(lib_a-memset.o)
 .ARM.attributes
                0x0000000000000587       0x1e c:/st/stm32cubeide_1.3.0/stm32cubeide/plugins/com.st.stm32cube.ide.mcu.externaltools.gnu-tools-for-stm32.9-2020-q2-update.win32_2.0.0.202105311346/tools/bin/../lib/gcc/arm-none-eabi/9.3.1/thumb/v7e-m+fp/hard/crtn.o
OUTPUT(42DOT_aDRT_2nd_12V_LAMP_ABU.elf elf32-littlearm)
LOAD linker stubs
LOAD c:/st/stm32cubeide_1.3.0/stm32cubeide/plugins/com.st.stm32cube.ide.mcu.externaltools.gnu-tools-for-stm32.9-2020-q2-update.win32_2.0.0.202105311346/tools/bin/../lib/gcc/arm-none-eabi/9.3.1/../../../../arm-none-eabi/lib/thumb/v7e-m+fp/hard\libc.a
LOAD c:/st/stm32cubeide_1.3.0/stm32cubeide/plugins/com.st.stm32cube.ide.mcu.externaltools.gnu-tools-for-stm32.9-2020-q2-update.win32_2.0.0.202105311346/tools/bin/../lib/gcc/arm-none-eabi/9.3.1/../../../../arm-none-eabi/lib/thumb/v7e-m+fp/hard\libm.a
LOAD c:/st/stm32cubeide_1.3.0/stm32cubeide/plugins/com.st.stm32cube.ide.mcu.externaltools.gnu-tools-for-stm32.9-2020-q2-update.win32_2.0.0.202105311346/tools/bin/../lib/gcc/arm-none-eabi/9.3.1/thumb/v7e-m+fp/hard\libgcc.a

.debug_info     0x0000000000000000    0x22ef7
 .debug_info    0x0000000000000000     0x2b09 ./Core/Src/ctrl_routine.o
 .debug_info    0x0000000000002b09     0x2410 ./Core/Src/lamp_ctrl.o
 .debug_info    0x0000000000004f19     0x3b00 ./Core/Src/main.o
 .debug_info    0x0000000000008a19     0x18d5 ./Core/Src/param.o
 .debug_info    0x000000000000a2ee     0x371d ./Core/Src/stm32g4xx_hal_msp.o
 .debug_info    0x000000000000da0b     0x2ed3 ./Core/Src/stm32g4xx_it.o
 .debug_info    0x00000000000108de      0x718 ./Core/Src/system_stm32g4xx.o
 .debug_info    0x0000000000010ff6       0x22 ./Core/Startup/startup_stm32g474vetx.o
 .debug_info    0x0000000000011018      0xcfd ./Drivers/STM32G4xx_HAL_Driver/Src/stm32g4xx_hal.o
 .debug_info    0x0000000000011d15     0x1032 ./Drivers/STM32G4xx_HAL_Driver/Src/stm32g4xx_hal_cortex.o
 .debug_info    0x0000000000012d47      0xa9e ./Drivers/STM32G4xx_HAL_Driver/Src/stm32g4xx_hal_dma.o
 .debug_info    0x00000000000137e5     0x1b03 ./Drivers/STM32G4xx_HAL_Driver/Src/stm32g4xx_hal_fdcan.o
 .debug_info    0x00000000000152e8      0x80b ./Drivers/STM32G4xx_HAL_Driver/Src/stm32g4xx_hal_flash.o
 .debug_info    0x0000000000015af3      0xb12 ./Drivers/STM32G4xx_HAL_Driver/Src/stm32g4xx_hal_flash_ex.o
 .debug_info    0x0000000000016605      0xa13 ./Drivers/STM32G4xx_HAL_Driver/Src/stm32g4xx_hal_gpio.o
 .debug_info    0x0000000000017018      0xaf1 ./Drivers/STM32G4xx_HAL_Driver/Src/stm32g4xx_hal_pwr.o
 .debug_info    0x0000000000017b09      0xb3a ./Drivers/STM32G4xx_HAL_Driver/Src/stm32g4xx_hal_pwr_ex.o
 .debug_info    0x0000000000018643      0xddd ./Drivers/STM32G4xx_HAL_Driver/Src/stm32g4xx_hal_rcc.o
 .debug_info    0x0000000000019420      0xeac ./Drivers/STM32G4xx_HAL_Driver/Src/stm32g4xx_hal_rcc_ex.o
 .debug_info    0x000000000001a2cc     0x10ff ./Drivers/STM32G4xx_HAL_Driver/Src/stm32g4xx_hal_rtc.o
 .debug_info    0x000000000001b3cb     0x14f4 ./Drivers/STM32G4xx_HAL_Driver/Src/stm32g4xx_hal_rtc_ex.o
 .debug_info    0x000000000001c8bf     0x19d5 ./Drivers/STM32G4xx_HAL_Driver/Src/stm32g4xx_hal_spi.o
 .debug_info    0x000000000001e294     0x2dc8 ./Drivers/STM32G4xx_HAL_Driver/Src/stm32g4xx_hal_tim.o
 .debug_info    0x000000000002105c     0x1e9b ./Drivers/STM32G4xx_HAL_Driver/Src/stm32g4xx_hal_tim_ex.o

.debug_abbrev   0x0000000000000000     0x3694
 .debug_abbrev  0x0000000000000000      0x291 ./Core/Src/ctrl_routine.o
 .debug_abbrev  0x0000000000000291      0x2d7 ./Core/Src/lamp_ctrl.o
 .debug_abbrev  0x0000000000000568      0x35d ./Core/Src/main.o
 .debug_abbrev  0x00000000000008c5      0x28f ./Core/Src/param.o
 .debug_abbrev  0x0000000000000b54      0x2e5 ./Core/Src/stm32g4xx_hal_msp.o
 .debug_abbrev  0x0000000000000e39      0x264 ./Core/Src/stm32g4xx_it.o
 .debug_abbrev  0x000000000000109d      0x165 ./Core/Src/system_stm32g4xx.o
 .debug_abbrev  0x0000000000001202       0x12 ./Core/Startup/startup_stm32g474vetx.o
 .debug_abbrev  0x0000000000001214      0x227 ./Drivers/STM32G4xx_HAL_Driver/Src/stm32g4xx_hal.o
 .debug_abbrev  0x000000000000143b      0x333 ./Drivers/STM32G4xx_HAL_Driver/Src/stm32g4xx_hal_cortex.o
 .debug_abbrev  0x000000000000176e      0x201 ./Drivers/STM32G4xx_HAL_Driver/Src/stm32g4xx_hal_dma.o
 .debug_abbrev  0x000000000000196f      0x1e4 ./Drivers/STM32G4xx_HAL_Driver/Src/stm32g4xx_hal_fdcan.o
 .debug_abbrev  0x0000000000001b53      0x2ed ./Drivers/STM32G4xx_HAL_Driver/Src/stm32g4xx_hal_flash.o
 .debug_abbrev  0x0000000000001e40      0x27f ./Drivers/STM32G4xx_HAL_Driver/Src/stm32g4xx_hal_flash_ex.o
 .debug_abbrev  0x00000000000020bf      0x1e8 ./Drivers/STM32G4xx_HAL_Driver/Src/stm32g4xx_hal_gpio.o
 .debug_abbrev  0x00000000000022a7      0x1a2 ./Drivers/STM32G4xx_HAL_Driver/Src/stm32g4xx_hal_pwr.o
 .debug_abbrev  0x0000000000002449      0x229 ./Drivers/STM32G4xx_HAL_Driver/Src/stm32g4xx_hal_pwr_ex.o
 .debug_abbrev  0x0000000000002672      0x275 ./Drivers/STM32G4xx_HAL_Driver/Src/stm32g4xx_hal_rcc.o
 .debug_abbrev  0x00000000000028e7      0x230 ./Drivers/STM32G4xx_HAL_Driver/Src/stm32g4xx_hal_rcc_ex.o
 .debug_abbrev  0x0000000000002b17      0x1ea ./Drivers/STM32G4xx_HAL_Driver/Src/stm32g4xx_hal_rtc.o
 .debug_abbrev  0x0000000000002d01      0x219 ./Drivers/STM32G4xx_HAL_Driver/Src/stm32g4xx_hal_rtc_ex.o
 .debug_abbrev  0x0000000000002f1a      0x254 ./Drivers/STM32G4xx_HAL_Driver/Src/stm32g4xx_hal_spi.o
 .debug_abbrev  0x000000000000316e      0x28f ./Drivers/STM32G4xx_HAL_Driver/Src/stm32g4xx_hal_tim.o
 .debug_abbrev  0x00000000000033fd      0x297 ./Drivers/STM32G4xx_HAL_Driver/Src/stm32g4xx_hal_tim_ex.o

.debug_aranges  0x0000000000000000     0x1720
 .debug_aranges
                0x0000000000000000       0x50 ./Core/Src/ctrl_routine.o
 .debug_aranges
                0x0000000000000050       0x78 ./Core/Src/lamp_ctrl.o
 .debug_aranges
                0x00000000000000c8       0x88 ./Core/Src/main.o
 .debug_aranges
                0x0000000000000150       0x78 ./Core/Src/param.o
 .debug_aranges
                0x00000000000001c8       0x78 ./Core/Src/stm32g4xx_hal_msp.o
 .debug_aranges
                0x0000000000000240       0x90 ./Core/Src/stm32g4xx_it.o
 .debug_aranges
                0x00000000000002d0       0x28 ./Core/Src/system_stm32g4xx.o
 .debug_aranges
                0x00000000000002f8       0x28 ./Core/Startup/startup_stm32g474vetx.o
 .debug_aranges
                0x0000000000000320      0x130 ./Drivers/STM32G4xx_HAL_Driver/Src/stm32g4xx_hal.o
 .debug_aranges
                0x0000000000000450      0x118 ./Drivers/STM32G4xx_HAL_Driver/Src/stm32g4xx_hal_cortex.o
 .debug_aranges
                0x0000000000000568       0x90 ./Drivers/STM32G4xx_HAL_Driver/Src/stm32g4xx_hal_dma.o
 .debug_aranges
                0x00000000000005f8      0x208 ./Drivers/STM32G4xx_HAL_Driver/Src/stm32g4xx_hal_fdcan.o
 .debug_aranges
                0x0000000000000800       0x88 ./Drivers/STM32G4xx_HAL_Driver/Src/stm32g4xx_hal_flash.o
 .debug_aranges
                0x0000000000000888       0xc8 ./Drivers/STM32G4xx_HAL_Driver/Src/stm32g4xx_hal_flash_ex.o
 .debug_aranges
                0x0000000000000950       0x58 ./Drivers/STM32G4xx_HAL_Driver/Src/stm32g4xx_hal_gpio.o
 .debug_aranges
                0x00000000000009a8       0x98 ./Drivers/STM32G4xx_HAL_Driver/Src/stm32g4xx_hal_pwr.o
 .debug_aranges
                0x0000000000000a40      0x140 ./Drivers/STM32G4xx_HAL_Driver/Src/stm32g4xx_hal_pwr_ex.o
 .debug_aranges
                0x0000000000000b80       0x98 ./Drivers/STM32G4xx_HAL_Driver/Src/stm32g4xx_hal_rcc.o
 .debug_aranges
                0x0000000000000c18       0xb0 ./Drivers/STM32G4xx_HAL_Driver/Src/stm32g4xx_hal_rcc_ex.o
 .debug_aranges
                0x0000000000000cc8       0xe8 ./Drivers/STM32G4xx_HAL_Driver/Src/stm32g4xx_hal_rtc.o
 .debug_aranges
                0x0000000000000db0      0x178 ./Drivers/STM32G4xx_HAL_Driver/Src/stm32g4xx_hal_rtc_ex.o
 .debug_aranges
                0x0000000000000f28      0x1d8 ./Drivers/STM32G4xx_HAL_Driver/Src/stm32g4xx_hal_spi.o
 .debug_aranges
                0x0000000000001100      0x3e0 ./Drivers/STM32G4xx_HAL_Driver/Src/stm32g4xx_hal_tim.o
 .debug_aranges
                0x00000000000014e0      0x240 ./Drivers/STM32G4xx_HAL_Driver/Src/stm32g4xx_hal_tim_ex.o

.debug_ranges   0x0000000000000000     0x15a8
 .debug_ranges  0x0000000000000000       0x40 ./Core/Src/ctrl_routine.o
 .debug_ranges  0x0000000000000040       0x68 ./Core/Src/lamp_ctrl.o
 .debug_ranges  0x00000000000000a8       0x78 ./Core/Src/main.o
 .debug_ranges  0x0000000000000120       0x68 ./Core/Src/param.o
 .debug_ranges  0x0000000000000188       0x68 ./Core/Src/stm32g4xx_hal_msp.o
 .debug_ranges  0x00000000000001f0       0x80 ./Core/Src/stm32g4xx_it.o
 .debug_ranges  0x0000000000000270       0x18 ./Core/Src/system_stm32g4xx.o
 .debug_ranges  0x0000000000000288       0x20 ./Core/Startup/startup_stm32g474vetx.o
 .debug_ranges  0x00000000000002a8      0x120 ./Drivers/STM32G4xx_HAL_Driver/Src/stm32g4xx_hal.o
 .debug_ranges  0x00000000000003c8      0x108 ./Drivers/STM32G4xx_HAL_Driver/Src/stm32g4xx_hal_cortex.o
 .debug_ranges  0x00000000000004d0       0x80 ./Drivers/STM32G4xx_HAL_Driver/Src/stm32g4xx_hal_dma.o
 .debug_ranges  0x0000000000000550      0x1f8 ./Drivers/STM32G4xx_HAL_Driver/Src/stm32g4xx_hal_fdcan.o
 .debug_ranges  0x0000000000000748       0x78 ./Drivers/STM32G4xx_HAL_Driver/Src/stm32g4xx_hal_flash.o
 .debug_ranges  0x00000000000007c0       0xb8 ./Drivers/STM32G4xx_HAL_Driver/Src/stm32g4xx_hal_flash_ex.o
 .debug_ranges  0x0000000000000878       0x48 ./Drivers/STM32G4xx_HAL_Driver/Src/stm32g4xx_hal_gpio.o
 .debug_ranges  0x00000000000008c0       0x88 ./Drivers/STM32G4xx_HAL_Driver/Src/stm32g4xx_hal_pwr.o
 .debug_ranges  0x0000000000000948      0x130 ./Drivers/STM32G4xx_HAL_Driver/Src/stm32g4xx_hal_pwr_ex.o
 .debug_ranges  0x0000000000000a78       0x88 ./Drivers/STM32G4xx_HAL_Driver/Src/stm32g4xx_hal_rcc.o
 .debug_ranges  0x0000000000000b00       0xa0 ./Drivers/STM32G4xx_HAL_Driver/Src/stm32g4xx_hal_rcc_ex.o
 .debug_ranges  0x0000000000000ba0       0xd8 ./Drivers/STM32G4xx_HAL_Driver/Src/stm32g4xx_hal_rtc.o
 .debug_ranges  0x0000000000000c78      0x168 ./Drivers/STM32G4xx_HAL_Driver/Src/stm32g4xx_hal_rtc_ex.o
 .debug_ranges  0x0000000000000de0      0x1c8 ./Drivers/STM32G4xx_HAL_Driver/Src/stm32g4xx_hal_spi.o
 .debug_ranges  0x0000000000000fa8      0x3d0 ./Drivers/STM32G4xx_HAL_Driver/Src/stm32g4xx_hal_tim.o
 .debug_ranges  0x0000000000001378      0x230 ./Drivers/STM32G4xx_HAL_Driver/Src/stm32g4xx_hal_tim_ex.o

.debug_macro    0x0000000000000000    0x2819e
 .debug_macro   0x0000000000000000      0x2ff ./Core/Src/ctrl_routine.o
 .debug_macro   0x00000000000002ff      0xaa8 ./Core/Src/ctrl_routine.o
 .debug_macro   0x0000000000000da7      0x167 ./Core/Src/ctrl_routine.o
 .debug_macro   0x0000000000000f0e       0x2e ./Core/Src/ctrl_routine.o
 .debug_macro   0x0000000000000f3c       0x28 ./Core/Src/ctrl_routine.o
 .debug_macro   0x0000000000000f64       0x22 ./Core/Src/ctrl_routine.o
 .debug_macro   0x0000000000000f86       0x8e ./Core/Src/ctrl_routine.o
 .debug_macro   0x0000000000001014       0x51 ./Core/Src/ctrl_routine.o
 .debug_macro   0x0000000000001065      0x103 ./Core/Src/ctrl_routine.o
 .debug_macro   0x0000000000001168       0x6a ./Core/Src/ctrl_routine.o
 .debug_macro   0x00000000000011d2      0x1df ./Core/Src/ctrl_routine.o
 .debug_macro   0x00000000000013b1       0x1c ./Core/Src/ctrl_routine.o
 .debug_macro   0x00000000000013cd       0x22 ./Core/Src/ctrl_routine.o
 .debug_macro   0x00000000000013ef      0x101 ./Core/Src/ctrl_routine.o
 .debug_macro   0x00000000000014f0     0x1011 ./Core/Src/ctrl_routine.o
 .debug_macro   0x0000000000002501      0x11f ./Core/Src/ctrl_routine.o
 .debug_macro   0x0000000000002620    0x18596 ./Core/Src/ctrl_routine.o
 .debug_macro   0x000000000001abb6       0x43 ./Core/Src/ctrl_routine.o
 .debug_macro   0x000000000001abf9     0x34f4 ./Core/Src/ctrl_routine.o
 .debug_macro   0x000000000001e0ed      0x174 ./Core/Src/ctrl_routine.o
 .debug_macro   0x000000000001e261       0x5c ./Core/Src/ctrl_routine.o
 .debug_macro   0x000000000001e2bd     0x16e0 ./Core/Src/ctrl_routine.o
 .debug_macro   0x000000000001f99d      0x600 ./Core/Src/ctrl_routine.o
 .debug_macro   0x000000000001ff9d      0x137 ./Core/Src/ctrl_routine.o
 .debug_macro   0x00000000000200d4      0x34b ./Core/Src/ctrl_routine.o
 .debug_macro   0x000000000002041f      0x53c ./Core/Src/ctrl_routine.o
 .debug_macro   0x000000000002095b      0x18b ./Core/Src/ctrl_routine.o
 .debug_macro   0x0000000000020ae6       0x43 ./Core/Src/ctrl_routine.o
 .debug_macro   0x0000000000020b29      0x23d ./Core/Src/ctrl_routine.o
 .debug_macro   0x0000000000020d66      0x212 ./Core/Src/ctrl_routine.o
 .debug_macro   0x0000000000020f78      0x6af ./Core/Src/ctrl_routine.o
 .debug_macro   0x0000000000021627      0x45c ./Core/Src/ctrl_routine.o
 .debug_macro   0x0000000000021a83      0x11c ./Core/Src/ctrl_routine.o
 .debug_macro   0x0000000000021b9f      0x122 ./Core/Src/ctrl_routine.o
 .debug_macro   0x0000000000021cc1      0x3d1 ./Core/Src/ctrl_routine.o
 .debug_macro   0x0000000000022092      0x360 ./Core/Src/ctrl_routine.o
 .debug_macro   0x00000000000223f2      0x5b3 ./Core/Src/ctrl_routine.o
 .debug_macro   0x00000000000229a5       0xdd ./Core/Src/ctrl_routine.o
 .debug_macro   0x0000000000022a82      0x2fe ./Core/Src/ctrl_routine.o
 .debug_macro   0x0000000000022d80      0xbef ./Core/Src/ctrl_routine.o
 .debug_macro   0x000000000002396f      0x71a ./Core/Src/ctrl_routine.o
 .debug_macro   0x0000000000024089      0x359 ./Core/Src/ctrl_routine.o
 .debug_macro   0x00000000000243e2       0x64 ./Core/Src/ctrl_routine.o
 .debug_macro   0x0000000000024446       0x52 ./Core/Src/ctrl_routine.o
 .debug_macro   0x0000000000024498       0x18 ./Core/Src/ctrl_routine.o
 .debug_macro   0x00000000000244b0       0x3c ./Core/Src/ctrl_routine.o
 .debug_macro   0x00000000000244ec       0x34 ./Core/Src/ctrl_routine.o
 .debug_macro   0x0000000000024520       0x16 ./Core/Src/ctrl_routine.o
 .debug_macro   0x0000000000024536       0x43 ./Core/Src/ctrl_routine.o
 .debug_macro   0x0000000000024579       0x34 ./Core/Src/ctrl_routine.o
 .debug_macro   0x00000000000245ad       0x10 ./Core/Src/ctrl_routine.o
 .debug_macro   0x00000000000245bd       0x58 ./Core/Src/ctrl_routine.o
 .debug_macro   0x0000000000024615       0x71 ./Core/Src/ctrl_routine.o
 .debug_macro   0x0000000000024686       0x1c ./Core/Src/ctrl_routine.o
 .debug_macro   0x00000000000246a2      0x12a ./Core/Src/ctrl_routine.o
 .debug_macro   0x00000000000247cc      0x333 ./Core/Src/ctrl_routine.o
 .debug_macro   0x0000000000024aff       0x10 ./Core/Src/ctrl_routine.o
 .debug_macro   0x0000000000024b0f       0x35 ./Core/Src/ctrl_routine.o
 .debug_macro   0x0000000000024b44       0x20 ./Core/Src/ctrl_routine.o
 .debug_macro   0x0000000000024b64      0x346 ./Core/Src/ctrl_routine.o
 .debug_macro   0x0000000000024eaa       0x40 ./Core/Src/ctrl_routine.o
 .debug_macro   0x0000000000024eea      0x2ff ./Core/Src/lamp_ctrl.o
 .debug_macro   0x00000000000251e9      0x319 ./Core/Src/main.o
 .debug_macro   0x0000000000025502       0x6a ./Core/Src/main.o
 .debug_macro   0x000000000002556c      0x2cf ./Core/Src/param.o
 .debug_macro   0x000000000002583b      0x2f5 ./Core/Src/stm32g4xx_hal_msp.o
 .debug_macro   0x0000000000025b30      0x2ff ./Core/Src/stm32g4xx_it.o
 .debug_macro   0x0000000000025e2f      0x1f2 ./Core/Src/system_stm32g4xx.o
 .debug_macro   0x0000000000026021      0x240 ./Drivers/STM32G4xx_HAL_Driver/Src/stm32g4xx_hal.o
 .debug_macro   0x0000000000026261      0x1f2 ./Drivers/STM32G4xx_HAL_Driver/Src/stm32g4xx_hal_cortex.o
 .debug_macro   0x0000000000026453      0x1f2 ./Drivers/STM32G4xx_HAL_Driver/Src/stm32g4xx_hal_dma.o
 .debug_macro   0x0000000000026645      0x304 ./Drivers/STM32G4xx_HAL_Driver/Src/stm32g4xx_hal_fdcan.o
 .debug_macro   0x0000000000026949      0x1f8 ./Drivers/STM32G4xx_HAL_Driver/Src/stm32g4xx_hal_flash.o
 .debug_macro   0x0000000000026b41      0x1f2 ./Drivers/STM32G4xx_HAL_Driver/Src/stm32g4xx_hal_flash_ex.o
 .debug_macro   0x0000000000026d33      0x22a ./Drivers/STM32G4xx_HAL_Driver/Src/stm32g4xx_hal_gpio.o
 .debug_macro   0x0000000000026f5d      0x20a ./Drivers/STM32G4xx_HAL_Driver/Src/stm32g4xx_hal_pwr.o
 .debug_macro   0x0000000000027167      0x21c ./Drivers/STM32G4xx_HAL_Driver/Src/stm32g4xx_hal_pwr_ex.o
 .debug_macro   0x0000000000027383      0x22e ./Drivers/STM32G4xx_HAL_Driver/Src/stm32g4xx_hal_rcc.o
 .debug_macro   0x00000000000275b1      0x21c ./Drivers/STM32G4xx_HAL_Driver/Src/stm32g4xx_hal_rcc_ex.o
 .debug_macro   0x00000000000277cd      0x1f3 ./Drivers/STM32G4xx_HAL_Driver/Src/stm32g4xx_hal_rtc.o
 .debug_macro   0x00000000000279c0      0x1f2 ./Drivers/STM32G4xx_HAL_Driver/Src/stm32g4xx_hal_rtc_ex.o
 .debug_macro   0x0000000000027bb2      0x1fa ./Drivers/STM32G4xx_HAL_Driver/Src/stm32g4xx_hal_spi.o
 .debug_macro   0x0000000000027dac      0x1fa ./Drivers/STM32G4xx_HAL_Driver/Src/stm32g4xx_hal_tim.o
 .debug_macro   0x0000000000027fa6      0x1f8 ./Drivers/STM32G4xx_HAL_Driver/Src/stm32g4xx_hal_tim_ex.o

.debug_line     0x0000000000000000    0x19596
 .debug_line    0x0000000000000000      0xc13 ./Core/Src/ctrl_routine.o
 .debug_line    0x0000000000000c13     0x14fd ./Core/Src/lamp_ctrl.o
 .debug_line    0x0000000000002110      0xe0e ./Core/Src/main.o
 .debug_line    0x0000000000002f1e      0xcae ./Core/Src/param.o
 .debug_line    0x0000000000003bcc      0xad3 ./Core/Src/stm32g4xx_hal_msp.o
 .debug_line    0x000000000000469f      0xa08 ./Core/Src/stm32g4xx_it.o
 .debug_line    0x00000000000050a7      0x793 ./Core/Src/system_stm32g4xx.o
 .debug_line    0x000000000000583a       0x89 ./Core/Startup/startup_stm32g474vetx.o
 .debug_line    0x00000000000058c3      0xb0a ./Drivers/STM32G4xx_HAL_Driver/Src/stm32g4xx_hal.o
 .debug_line    0x00000000000063cd      0xcbd ./Drivers/STM32G4xx_HAL_Driver/Src/stm32g4xx_hal_cortex.o
 .debug_line    0x000000000000708a      0xe76 ./Drivers/STM32G4xx_HAL_Driver/Src/stm32g4xx_hal_dma.o
 .debug_line    0x0000000000007f00     0x1883 ./Drivers/STM32G4xx_HAL_Driver/Src/stm32g4xx_hal_fdcan.o
 .debug_line    0x0000000000009783      0xacd ./Drivers/STM32G4xx_HAL_Driver/Src/stm32g4xx_hal_flash.o
 .debug_line    0x000000000000a250      0xfa1 ./Drivers/STM32G4xx_HAL_Driver/Src/stm32g4xx_hal_flash_ex.o
 .debug_line    0x000000000000b1f1      0xb57 ./Drivers/STM32G4xx_HAL_Driver/Src/stm32g4xx_hal_gpio.o
 .debug_line    0x000000000000bd48      0x8f7 ./Drivers/STM32G4xx_HAL_Driver/Src/stm32g4xx_hal_pwr.o
 .debug_line    0x000000000000c63f      0xcb5 ./Drivers/STM32G4xx_HAL_Driver/Src/stm32g4xx_hal_pwr_ex.o
 .debug_line    0x000000000000d2f4      0xf0a ./Drivers/STM32G4xx_HAL_Driver/Src/stm32g4xx_hal_rcc.o
 .debug_line    0x000000000000e1fe     0x122d ./Drivers/STM32G4xx_HAL_Driver/Src/stm32g4xx_hal_rcc_ex.o
 .debug_line    0x000000000000f42b      0xff4 ./Drivers/STM32G4xx_HAL_Driver/Src/stm32g4xx_hal_rtc.o
 .debug_line    0x000000000001041f     0x12c3 ./Drivers/STM32G4xx_HAL_Driver/Src/stm32g4xx_hal_rtc_ex.o
 .debug_line    0x00000000000116e2     0x1f43 ./Drivers/STM32G4xx_HAL_Driver/Src/stm32g4xx_hal_spi.o
 .debug_line    0x0000000000013625     0x3e8f ./Drivers/STM32G4xx_HAL_Driver/Src/stm32g4xx_hal_tim.o
 .debug_line    0x00000000000174b4     0x20e2 ./Drivers/STM32G4xx_HAL_Driver/Src/stm32g4xx_hal_tim_ex.o

.debug_str      0x0000000000000000   0x103095
 .debug_str     0x0000000000000000    0xfbdb1 ./Core/Src/ctrl_routine.o
                                      0xfc232 (size before relaxing)
 .debug_str     0x00000000000fbdb1      0x158 ./Core/Src/lamp_ctrl.o
                                      0xfbcf3 (size before relaxing)
 .debug_str     0x00000000000fbf09      0xb34 ./Core/Src/main.o
                                      0xfcd17 (size before relaxing)
 .debug_str     0x00000000000fca3d      0x1d1 ./Core/Src/param.o
                                      0xfadd1 (size before relaxing)
 .debug_str     0x00000000000fcc0e      0x75a ./Core/Src/stm32g4xx_hal_msp.o
                                      0xfcd42 (size before relaxing)
 .debug_str     0x00000000000fd368      0x137 ./Core/Src/stm32g4xx_it.o
                                      0xfc5a4 (size before relaxing)
 .debug_str     0x00000000000fd49f       0x5b ./Core/Src/system_stm32g4xx.o
                                      0xf5f52 (size before relaxing)
 .debug_str     0x00000000000fd4fa       0x36 ./Core/Startup/startup_stm32g474vetx.o
                                         0x95 (size before relaxing)
 .debug_str     0x00000000000fd530      0x591 ./Drivers/STM32G4xx_HAL_Driver/Src/stm32g4xx_hal.o
                                      0xf6bfa (size before relaxing)
 .debug_str     0x00000000000fdac1      0x37e ./Drivers/STM32G4xx_HAL_Driver/Src/stm32g4xx_hal_cortex.o
                                      0xf6902 (size before relaxing)
 .debug_str     0x00000000000fde3f      0x2c8 ./Drivers/STM32G4xx_HAL_Driver/Src/stm32g4xx_hal_dma.o
                                      0xf6327 (size before relaxing)
 .debug_str     0x00000000000fe107     0x1204 ./Drivers/STM32G4xx_HAL_Driver/Src/stm32g4xx_hal_fdcan.o
                                      0xf74d4 (size before relaxing)
 .debug_str     0x00000000000ff30b      0x224 ./Drivers/STM32G4xx_HAL_Driver/Src/stm32g4xx_hal_flash.o
                                      0xf608b (size before relaxing)
 .debug_str     0x00000000000ff52f      0x32a ./Drivers/STM32G4xx_HAL_Driver/Src/stm32g4xx_hal_flash_ex.o
                                      0xf6200 (size before relaxing)
 .debug_str     0x00000000000ff859      0x213 ./Drivers/STM32G4xx_HAL_Driver/Src/stm32g4xx_hal_gpio.o
                                      0xf61d6 (size before relaxing)
 .debug_str     0x00000000000ffa6c      0x2e5 ./Drivers/STM32G4xx_HAL_Driver/Src/stm32g4xx_hal_pwr.o
                                      0xf627b (size before relaxing)
 .debug_str     0x00000000000ffd51      0x468 ./Drivers/STM32G4xx_HAL_Driver/Src/stm32g4xx_hal_pwr_ex.o
                                      0xf6448 (size before relaxing)
 .debug_str     0x00000000001001b9      0x35e ./Drivers/STM32G4xx_HAL_Driver/Src/stm32g4xx_hal_rcc.o
                                      0xf6508 (size before relaxing)
 .debug_str     0x0000000000100517      0x3f2 ./Drivers/STM32G4xx_HAL_Driver/Src/stm32g4xx_hal_rcc_ex.o
                                      0xf664a (size before relaxing)
 .debug_str     0x0000000000100909      0x414 ./Drivers/STM32G4xx_HAL_Driver/Src/stm32g4xx_hal_rtc.o
                                      0xf63fd (size before relaxing)
 .debug_str     0x0000000000100d1d      0x6d3 ./Drivers/STM32G4xx_HAL_Driver/Src/stm32g4xx_hal_rtc_ex.o
                                      0xf6809 (size before relaxing)
 .debug_str     0x00000000001013f0      0x56b ./Drivers/STM32G4xx_HAL_Driver/Src/stm32g4xx_hal_spi.o
                                      0xf6829 (size before relaxing)
 .debug_str     0x000000000010195b      0xe08 ./Drivers/STM32G4xx_HAL_Driver/Src/stm32g4xx_hal_tim.o
                                      0xf731e (size before relaxing)
 .debug_str     0x0000000000102763      0x932 ./Drivers/STM32G4xx_HAL_Driver/Src/stm32g4xx_hal_tim_ex.o
                                      0xf6fb9 (size before relaxing)

.comment        0x0000000000000000       0x53
 .comment       0x0000000000000000       0x53 ./Core/Src/ctrl_routine.o
                                         0x54 (size before relaxing)
 .comment       0x0000000000000053       0x54 ./Core/Src/lamp_ctrl.o
 .comment       0x0000000000000053       0x54 ./Core/Src/main.o
 .comment       0x0000000000000053       0x54 ./Core/Src/param.o
 .comment       0x0000000000000053       0x54 ./Core/Src/stm32g4xx_hal_msp.o
 .comment       0x0000000000000053       0x54 ./Core/Src/stm32g4xx_it.o
 .comment       0x0000000000000053       0x54 ./Core/Src/system_stm32g4xx.o
 .comment       0x0000000000000053       0x54 ./Drivers/STM32G4xx_HAL_Driver/Src/stm32g4xx_hal.o
 .comment       0x0000000000000053       0x54 ./Drivers/STM32G4xx_HAL_Driver/Src/stm32g4xx_hal_cortex.o
 .comment       0x0000000000000053       0x54 ./Drivers/STM32G4xx_HAL_Driver/Src/stm32g4xx_hal_dma.o
 .comment       0x0000000000000053       0x54 ./Drivers/STM32G4xx_HAL_Driver/Src/stm32g4xx_hal_fdcan.o
 .comment       0x0000000000000053       0x54 ./Drivers/STM32G4xx_HAL_Driver/Src/stm32g4xx_hal_flash.o
 .comment       0x0000000000000053       0x54 ./Drivers/STM32G4xx_HAL_Driver/Src/stm32g4xx_hal_flash_ex.o
 .comment       0x0000000000000053       0x54 ./Drivers/STM32G4xx_HAL_Driver/Src/stm32g4xx_hal_gpio.o
 .comment       0x0000000000000053       0x54 ./Drivers/STM32G4xx_HAL_Driver/Src/stm32g4xx_hal_pwr.o
 .comment       0x0000000000000053       0x54 ./Drivers/STM32G4xx_HAL_Driver/Src/stm32g4xx_hal_pwr_ex.o
 .comment       0x0000000000000053       0x54 ./Drivers/STM32G4xx_HAL_Driver/Src/stm32g4xx_hal_rcc.o
 .comment       0x0000000000000053       0x54 ./Drivers/STM32G4xx_HAL_Driver/Src/stm32g4xx_hal_rcc_ex.o
 .comment       0x0000000000000053       0x54 ./Drivers/STM32G4xx_HAL_Driver/Src/stm32g4xx_hal_rtc.o
 .comment       0x0000000000000053       0x54 ./Drivers/STM32G4xx_HAL_Driver/Src/stm32g4xx_hal_rtc_ex.o
 .comment       0x0000000000000053       0x54 ./Drivers/STM32G4xx_HAL_Driver/Src/stm32g4xx_hal_spi.o
 .comment       0x0000000000000053       0x54 ./Drivers/STM32G4xx_HAL_Driver/Src/stm32g4xx_hal_tim.o
 .comment       0x0000000000000053       0x54 ./Drivers/STM32G4xx_HAL_Driver/Src/stm32g4xx_hal_tim_ex.o

.debug_frame    0x0000000000000000     0x61f8
 .debug_frame   0x0000000000000000      0x10c ./Core/Src/ctrl_routine.o
 .debug_frame   0x000000000000010c      0x1a8 ./Core/Src/lamp_ctrl.o
 .debug_frame   0x00000000000002b4      0x1dc ./Core/Src/main.o
 .debug_frame   0x0000000000000490      0x1d0 ./Core/Src/param.o
 .debug_frame   0x0000000000000660      0x1c8 ./Core/Src/stm32g4xx_hal_msp.o
 .debug_frame   0x0000000000000828      0x1ac ./Core/Src/stm32g4xx_it.o
 .debug_frame   0x00000000000009d4       0x58 ./Core/Src/system_stm32g4xx.o
 .debug_frame   0x0000000000000a2c      0x4a0 ./Drivers/STM32G4xx_HAL_Driver/Src/stm32g4xx_hal.o
 .debug_frame   0x0000000000000ecc      0x498 ./Drivers/STM32G4xx_HAL_Driver/Src/stm32g4xx_hal_cortex.o
 .debug_frame   0x0000000000001364      0x24c ./Drivers/STM32G4xx_HAL_Driver/Src/stm32g4xx_hal_dma.o
 .debug_frame   0x00000000000015b0      0x9b0 ./Drivers/STM32G4xx_HAL_Driver/Src/stm32g4xx_hal_fdcan.o
 .debug_frame   0x0000000000001f60      0x21c ./Drivers/STM32G4xx_HAL_Driver/Src/stm32g4xx_hal_flash.o
 .debug_frame   0x000000000000217c      0x344 ./Drivers/STM32G4xx_HAL_Driver/Src/stm32g4xx_hal_flash_ex.o
 .debug_frame   0x00000000000024c0      0x14c ./Drivers/STM32G4xx_HAL_Driver/Src/stm32g4xx_hal_gpio.o
 .debug_frame   0x000000000000260c      0x230 ./Drivers/STM32G4xx_HAL_Driver/Src/stm32g4xx_hal_pwr.o
 .debug_frame   0x000000000000283c      0x4fc ./Drivers/STM32G4xx_HAL_Driver/Src/stm32g4xx_hal_pwr_ex.o
 .debug_frame   0x0000000000002d38      0x23c ./Drivers/STM32G4xx_HAL_Driver/Src/stm32g4xx_hal_rcc.o
 .debug_frame   0x0000000000002f74      0x2ac ./Drivers/STM32G4xx_HAL_Driver/Src/stm32g4xx_hal_rcc_ex.o
 .debug_frame   0x0000000000003220      0x3f4 ./Drivers/STM32G4xx_HAL_Driver/Src/stm32g4xx_hal_rtc.o
 .debug_frame   0x0000000000003614      0x6b0 ./Drivers/STM32G4xx_HAL_Driver/Src/stm32g4xx_hal_rtc_ex.o
 .debug_frame   0x0000000000003cc4      0x860 ./Drivers/STM32G4xx_HAL_Driver/Src/stm32g4xx_hal_spi.o
 .debug_frame   0x0000000000004524     0x1220 ./Drivers/STM32G4xx_HAL_Driver/Src/stm32g4xx_hal_tim.o
 .debug_frame   0x0000000000005744      0xa68 ./Drivers/STM32G4xx_HAL_Driver/Src/stm32g4xx_hal_tim_ex.o
 .debug_frame   0x00000000000061ac       0x2c c:/st/stm32cubeide_1.3.0/stm32cubeide/plugins/com.st.stm32cube.ide.mcu.externaltools.gnu-tools-for-stm32.9-2020-q2-update.win32_2.0.0.202105311346/tools/bin/../lib/gcc/arm-none-eabi/9.3.1/../../../../arm-none-eabi/lib/thumb/v7e-m+fp/hard\libc_nano.a(lib_a-init.o)
 .debug_frame   0x00000000000061d8       0x20 c:/st/stm32cubeide_1.3.0/stm32cubeide/plugins/com.st.stm32cube.ide.mcu.externaltools.gnu-tools-for-stm32.9-2020-q2-update.win32_2.0.0.202105311346/tools/bin/../lib/gcc/arm-none-eabi/9.3.1/../../../../arm-none-eabi/lib/thumb/v7e-m+fp/hard\libc_nano.a(lib_a-memset.o)