ctrl_routine.c:13:6:HAL_TIM_PeriodElapsedCallback	16	static
ctrl_routine.c:137:6:HAL_CAN_RxFifo0MsgPendingCallback	16	static
ctrl_routine.c:154:6:ClusterToILC	16	static
ctrl_routine.c:162:6:LocalToILC	16	static
ctrl_routine.c:210:6:LLCToILC	16	static
ctrl_routine.c:230:6:ULCTxMessage	24	static
ctrl_routine.c:251:6:LocalTxMessage	24	static
ctrl_routine.c:266:6:LLCTxMessage	24	static
ctrl_routine.c:281:6:BC2ICDataConv	16	static
ctrl_routine.c:317:6:DTCDataConv	16	static
ctrl_routine.c:338:6:SM2ICDataConv	24	static
ctrl_routine.c:370:6:CC2ICDataConv	40	static
ctrl_routine.c:392:6:BCMDataConv	16	static
ctrl_routine.c:406:6:AkitCmdConv	24	static
ctrl_routine.c:413:6:CANReStart	8	static
