../Core/Src/ctrl_routine.c:13:6:HAL_TIM_PeriodElapsedCallback	16	static
../Core/Src/ctrl_routine.c:137:6:HAL_CAN_RxFifo0MsgPendingCallback	16	static
../Core/Src/ctrl_routine.c:154:6:ClusterToILC	16	static
../Core/Src/ctrl_routine.c:162:6:LocalToILC	16	static
../Core/Src/ctrl_routine.c:208:6:LLCToILC	16	static
../Core/Src/ctrl_routine.c:229:6:ULCTxMessage	24	static
../Core/Src/ctrl_routine.c:250:6:LocalTxMessage	24	static
../Core/Src/ctrl_routine.c:265:6:LLCTxMessage	24	static
../Core/Src/ctrl_routine.c:280:6:BC2ICDataConv	16	static
../Core/Src/ctrl_routine.c:316:6:DTCDataConv	16	static
../Core/Src/ctrl_routine.c:337:6:SM2ICDataConv	24	static
../Core/Src/ctrl_routine.c:369:6:CC2ICDataConv	40	static
../Core/Src/ctrl_routine.c:391:6:BCMDataConv	16	static
../Core/Src/ctrl_routine.c:405:6:AkitCmdConv	24	static
../Core/Src/ctrl_routine.c:412:6:CANReStart	8	static
