../Drivers/CMSIS/Include/core_cm7.h:2147:34:__NVIC_SystemReset	4	static,ignoring_inline_asm
../Core/Src/main.c:80:5:main	8	static
../Core/Src/main.c:135:6:SystemClock_Config	232	static
../Core/Src/main.c:194:13:MX_CAN1_Init	8	static
../Core/Src/main.c:249:13:MX_CAN2_Init	8	static
../Core/Src/main.c:304:13:MX_CAN3_Init	8	static
../Core/Src/main.c:359:13:MX_RTC_Init	8	static
../Core/Src/main.c:399:13:MX_TIM6_Init	24	static
../Core/Src/main.c:437:13:MX_GPIO_Init	56	static
../Core/Src/main.c:494:6:StopModeStart	16	static
../Core/Src/main.c:522:6:Error_Handler	8	static,ignoring_inline_asm
