Archive member included to satisfy reference by file (symbol)

c:/st/stm32cubeide_1.3.0/stm32cubeide/plugins/com.st.stm32cube.ide.mcu.externaltools.gnu-tools-for-stm32.9-2020-q2-update.win32_2.0.0.202105311346/tools/bin/../lib/gcc/arm-none-eabi/9.3.1/../../../../arm-none-eabi/lib/thumb/v7e-m+fp/hard\libc_nano.a(lib_a-errno.o)
                              ./Core/Src/syscalls.o (__errno)
c:/st/stm32cubeide_1.3.0/stm32cubeide/plugins/com.st.stm32cube.ide.mcu.externaltools.gnu-tools-for-stm32.9-2020-q2-update.win32_2.0.0.202105311346/tools/bin/../lib/gcc/arm-none-eabi/9.3.1/../../../../arm-none-eabi/lib/thumb/v7e-m+fp/hard\libc_nano.a(lib_a-exit.o)
                              c:/st/stm32cubeide_1.3.0/stm32cubeide/plugins/com.st.stm32cube.ide.mcu.externaltools.gnu-tools-for-stm32.9-2020-q2-update.win32_2.0.0.202105311346/tools/bin/../lib/gcc/arm-none-eabi/9.3.1/../../../../arm-none-eabi/lib/thumb/v7e-m+fp/hard/crt0.o (exit)
c:/st/stm32cubeide_1.3.0/stm32cubeide/plugins/com.st.stm32cube.ide.mcu.externaltools.gnu-tools-for-stm32.9-2020-q2-update.win32_2.0.0.202105311346/tools/bin/../lib/gcc/arm-none-eabi/9.3.1/../../../../arm-none-eabi/lib/thumb/v7e-m+fp/hard\libc_nano.a(lib_a-impure.o)
                              c:/st/stm32cubeide_1.3.0/stm32cubeide/plugins/com.st.stm32cube.ide.mcu.externaltools.gnu-tools-for-stm32.9-2020-q2-update.win32_2.0.0.202105311346/tools/bin/../lib/gcc/arm-none-eabi/9.3.1/../../../../arm-none-eabi/lib/thumb/v7e-m+fp/hard\libc_nano.a(lib_a-exit.o) (_global_impure_ptr)
c:/st/stm32cubeide_1.3.0/stm32cubeide/plugins/com.st.stm32cube.ide.mcu.externaltools.gnu-tools-for-stm32.9-2020-q2-update.win32_2.0.0.202105311346/tools/bin/../lib/gcc/arm-none-eabi/9.3.1/../../../../arm-none-eabi/lib/thumb/v7e-m+fp/hard\libc_nano.a(lib_a-init.o)
                              c:/st/stm32cubeide_1.3.0/stm32cubeide/plugins/com.st.stm32cube.ide.mcu.externaltools.gnu-tools-for-stm32.9-2020-q2-update.win32_2.0.0.202105311346/tools/bin/../lib/gcc/arm-none-eabi/9.3.1/../../../../arm-none-eabi/lib/thumb/v7e-m+fp/hard/crt0.o (__libc_init_array)
c:/st/stm32cubeide_1.3.0/stm32cubeide/plugins/com.st.stm32cube.ide.mcu.externaltools.gnu-tools-for-stm32.9-2020-q2-update.win32_2.0.0.202105311346/tools/bin/../lib/gcc/arm-none-eabi/9.3.1/../../../../arm-none-eabi/lib/thumb/v7e-m+fp/hard\libc_nano.a(lib_a-memset.o)
                              c:/st/stm32cubeide_1.3.0/stm32cubeide/plugins/com.st.stm32cube.ide.mcu.externaltools.gnu-tools-for-stm32.9-2020-q2-update.win32_2.0.0.202105311346/tools/bin/../lib/gcc/arm-none-eabi/9.3.1/../../../../arm-none-eabi/lib/thumb/v7e-m+fp/hard/crt0.o (memset)
c:/st/stm32cubeide_1.3.0/stm32cubeide/plugins/com.st.stm32cube.ide.mcu.externaltools.gnu-tools-for-stm32.9-2020-q2-update.win32_2.0.0.202105311346/tools/bin/../lib/gcc/arm-none-eabi/9.3.1/thumb/v7e-m+fp/hard\libgcc.a(_aeabi_uldivmod.o)
                              ./Drivers/STM32G4xx_HAL_Driver/Src/stm32g4xx_hal_uart.o (__aeabi_uldivmod)
c:/st/stm32cubeide_1.3.0/stm32cubeide/plugins/com.st.stm32cube.ide.mcu.externaltools.gnu-tools-for-stm32.9-2020-q2-update.win32_2.0.0.202105311346/tools/bin/../lib/gcc/arm-none-eabi/9.3.1/thumb/v7e-m+fp/hard\libgcc.a(_udivmoddi4.o)
                              c:/st/stm32cubeide_1.3.0/stm32cubeide/plugins/com.st.stm32cube.ide.mcu.externaltools.gnu-tools-for-stm32.9-2020-q2-update.win32_2.0.0.202105311346/tools/bin/../lib/gcc/arm-none-eabi/9.3.1/thumb/v7e-m+fp/hard\libgcc.a(_aeabi_uldivmod.o) (__udivmoddi4)
c:/st/stm32cubeide_1.3.0/stm32cubeide/plugins/com.st.stm32cube.ide.mcu.externaltools.gnu-tools-for-stm32.9-2020-q2-update.win32_2.0.0.202105311346/tools/bin/../lib/gcc/arm-none-eabi/9.3.1/thumb/v7e-m+fp/hard\libgcc.a(_dvmd_tls.o)
                              c:/st/stm32cubeide_1.3.0/stm32cubeide/plugins/com.st.stm32cube.ide.mcu.externaltools.gnu-tools-for-stm32.9-2020-q2-update.win32_2.0.0.202105311346/tools/bin/../lib/gcc/arm-none-eabi/9.3.1/thumb/v7e-m+fp/hard\libgcc.a(_aeabi_uldivmod.o) (__aeabi_ldiv0)

Allocating common symbols
Common symbol       size              file

head_low_lamp_fail  0x1               ./Core/Src/ctrl_routine.o
Input_Status_Raw_Prev
                    0x1               ./Core/Src/ctrl_routine.o
welcome_off         0x1               ./Core/Src/ctrl_routine.o
taillamp_on_prev    0x1               ./Core/Src/ctrl_routine.o
distant_alarm_prev  0x1               ./Core/Src/ctrl_routine.o
seatbelt_R0_C3      0x1               ./Core/Src/ctrl_routine.o
RF_door_open_sig    0x1               ./Core/Src/ctrl_routine.o
RF_door_close_sig_prev
                    0x1               ./Core/Src/ctrl_routine.o
RF_close_lamp_on_cnt
                    0x1               ./Core/Src/ctrl_routine.o
stop_enable         0x1               ./Core/Src/ctrl_routine.o
turnlamp_right_on   0x1               ./Core/Src/ctrl_routine.o
hspi2               0x64              ./Core/Src/main.o
head_low_lamp_fail_cnt
                    0x1               ./Core/Src/ctrl_routine.o
[...]
Memory Configuration

Name             Origin             Length             Attributes
RAM              0x0000000020000000 0x0000000000020000 xrw
FLASH            0x0000000008000000 0x0000000000080000 xr
*default*        0x0000000000000000 0xffffffffffffffff

Linker script and memory map

LOAD c:/st/stm32cubeide_1.3.0/stm32cubeide/plugins/com.st.stm32cube.ide.mcu.externaltools.gnu-tools-for-stm32.9-2020-q2-update.win32_2.0.0.202105311346/tools/bin/../lib/gcc/arm-none-eabi/9.3.1/thumb/v7e-m+fp/hard/crti.o
LOAD c:/st/stm32cubeide_1.3.0/stm32cubeide/plugins/com.st.stm32cube.ide.mcu.externaltools.gnu-tools-for-stm32.9-2020-q2-update.win32_2.0.0.202105311346/tools/bin/../lib/gcc/arm-none-eabi/9.3.1/thumb/v7e-m+fp/hard/crtbegin.o
LOAD c:/st/stm32cubeide_1.3.0/stm32cubeide/plugins/com.st.stm32cube.ide.mcu.externaltools.gnu-tools-for-stm32.9-2020-q2-update.win32_2.0.0.202105311346/tools/bin/../lib/gcc/arm-none-eabi/9.3.1/../../../../arm-none-eabi/lib/thumb/v7e-m+fp/hard/crt0.o
LOAD ./Core/Src/ctrl_routine.o
LOAD ./Core/Src/door_ctrl.o
LOAD ./Core/Src/lamp_ctrl.o
LOAD ./Core/Src/main.o
LOAD ./Core/Src/stm32g4xx_hal_msp.o
LOAD ./Core/Src/stm32g4xx_it.o
LOAD ./Core/Src/syscalls.o
LOAD ./Core/Src/sysmem.o
LOAD ./Core/Src/system_stm32g4xx.o
LOAD ./Core/Startup/startup_stm32g474vetx.o
LOAD ./Drivers/STM32G4xx_HAL_Driver/Src/stm32g4xx_hal.o
LOAD ./Drivers/STM32G4xx_HAL_Driver/Src/stm32g4xx_hal_cortex.o
LOAD ./Drivers/STM32G4xx_HAL_Driver/Src/stm32g4xx_hal_dma.o
LOAD ./Drivers/STM32G4xx_HAL_Driver/Src/stm32g4xx_hal_dma_ex.o
LOAD ./Drivers/STM32G4xx_HAL_Driver/Src/stm32g4xx_hal_exti.o
LOAD ./Drivers/STM32G4xx_HAL_Driver/Src/stm32g4xx_hal_fdcan.o
LOAD ./Drivers/STM32G4xx_HAL_Driver/Src/stm32g4xx_hal_flash.o
LOAD ./Drivers/STM32G4xx_HAL_Driver/Src/stm32g4xx_hal_flash_ex.o
LOAD ./Drivers/STM32G4xx_HAL_Driver/Src/stm32g4xx_hal_flash_ramfunc.o
LOAD ./Drivers/STM32G4xx_HAL_Driver/Src/stm32g4xx_hal_gpio.o
LOAD ./Drivers/STM32G4xx_HAL_Driver/Src/stm32g4xx_hal_pwr.o
LOAD ./Drivers/STM32G4xx_HAL_Driver/Src/stm32g4xx_hal_pwr_ex.o
LOAD ./Drivers/STM32G4xx_HAL_Driver/Src/stm32g4xx_hal_rcc.o
LOAD ./Drivers/STM32G4xx_HAL_Driver/Src/stm32g4xx_hal_rcc_ex.o
LOAD ./Drivers/STM32G4xx_HAL_Driver/Src/stm32g4xx_hal_rtc.o
LOAD ./Drivers/STM32G4xx_HAL_Driver/Src/stm32g4xx_hal_rtc_ex.o
LOAD ./Drivers/STM32G4xx_HAL_Driver/Src/stm32g4xx_hal_spi.o
LOAD ./Drivers/STM32G4xx_HAL_Driver/Src/stm32g4xx_hal_spi_ex.o
LOAD ./Drivers/STM32G4xx_HAL_Driver/Src/stm32g4xx_hal_tim.o
LOAD ./Drivers/STM32G4xx_HAL_Driver/Src/stm32g4xx_hal_tim_ex.o
LOAD ./Drivers/STM32G4xx_HAL_Driver/Src/stm32g4xx_hal_uart.o
LOAD ./Drivers/STM32G4xx_HAL_Driver/Src/stm32g4xx_hal_uart_ex.o
START GROUP
LOAD c:/st/stm32cubeide_1.3.0/stm32cubeide/plugins/com.st.stm32cube.ide.mcu.externaltools.gnu-tools-for-stm32.9-2020-q2-update.win32_2.0.0.202105311346/tools/bin/../lib/gcc/arm-none-eabi/9.3.1/../../../../arm-none-eabi/lib/thumb/v7e-m+fp/hard\libc_nano.a
LOAD c:/st/stm32cubeide_1.3.0/stm32cubeide/plugins/com.st.stm32cube.ide.mcu.externaltools.gnu-tools-for-stm32.9-2020-q2-update.win32_2.0.0.202105311346/tools/bin/../lib/gcc/arm-none-eabi/9.3.1/../../../../arm-none-eabi/lib/thumb/v7e-m+fp/hard\libm.a
END GROUP
START GROUP
LOAD c:/st/stm32cubeide_1.3.0/stm32cubeide/plugins/com.st.stm32cube.ide.mcu.externaltools.gnu-tools-for-stm32.9-2020-q2-update.win32_2.0.0.202105311346/tools/bin/../lib/gcc/arm-none-eabi/9.3.1/thumb/v7e-m+fp/hard\libgcc.a
LOAD c:/st/stm32cubeide_1.3.0/stm32cubeide/plugins/com.st.stm32cube.ide.mcu.externaltools.gnu-tools-for-stm32.9-2020-q2-update.win32_2.0.0.202105311346/tools/bin/../lib/gcc/arm-none-eabi/9.3.1/../../../../arm-none-eabi/lib/thumb/v7e-m+fp/hard\libc_nano.a
END GROUP
START GROUP
LOAD c:/st/stm32cubeide_1.3.0/stm32cubeide/plugins/com.st.stm32cube.ide.mcu.externaltools.gnu-tools-for-stm32.9-2020-q2-update.win32_2.0.0.202105311346/tools/bin/../lib/gcc/arm-none-eabi/9.3.1/thumb/v7e-m+fp/hard\libgcc.a
LOAD c:/st/stm32cubeide_1.3.0/stm32cubeide/plugins/com.st.stm32cube.ide.mcu.externaltools.gnu-tools-for-stm32.9-2020-q2-update.win32_2.0.0.202105311346/tools/bin/../lib/gcc/arm-none-eabi/9.3.1/../../../../arm-none-eabi/lib/thumb/v7e-m+fp/hard\libc_nano.a
LOAD c:/st/stm32cubeide_1.3.0/stm32cubeide/plugins/com.st.stm32cube.ide.mcu.externaltools.gnu-tools-for-stm32.9-2020-q2-update.win32_2.0.0.202105311346/tools/bin/../lib/gcc/arm-none-eabi/9.3.1/../../../../arm-none-eabi/lib/thumb/v7e-m+fp/hard\libnosys.a
END GROUP
START GROUP
LOAD c:/st/stm32cubeide_1.3.0/stm32cubeide/plugins/com.st.stm32cube.ide.mcu.externaltools.gnu-tools-for-stm32.9-2020-q2-update.win32_2.0.0.202105311346/tools/bin/../lib/gcc/arm-none-eabi/9.3.1/thumb/v7e-m+fp/hard\libgcc.a
LOAD c:/st/stm32cubeide_1.3.0/stm32cubeide/plugins/com.st.stm32cube.ide.mcu.externaltools.gnu-tools-for-stm32.9-2020-q2-update.win32_2.0.0.202105311346/tools/bin/../lib/gcc/arm-none-eabi/9.3.1/../../../../arm-none-eabi/lib/thumb/v7e-m+fp/hard\libc_nano.a
LOAD c:/st/stm32cubeide_1.3.0/stm32cubeide/plugins/com.st.stm32cube.ide.mcu.externaltools.gnu-tools-for-stm32.9-2020-q2-update.win32_2.0.0.202105311346/tools/bin/../lib/gcc/arm-none-eabi/9.3.1/../../../../arm-none-eabi/lib/thumb/v7e-m+fp/hard\libnosys.a
END GROUP
LOAD c:/st/stm32cubeide_1.3.0/stm32cubeide/plugins/com.st.stm32cube.ide.mcu.externaltools.gnu-tools-for-stm32.9-2020-q2-update.win32_2.0.0.202105311346/tools/bin/../lib/gcc/arm-none-eabi/9.3.1/thumb/v7e-m+fp/hard/crtend.o
LOAD c:/st/stm32cubeide_1.3.0/stm32cubeide/plugins/com.st.stm32cube.ide.mcu.externaltools.gnu-tools-for-stm32.9-2020-q2-update.win32_2.0.0.202105311346/tools/bin/../lib/gcc/arm-none-eabi/9.3.1/thumb/v7e-m+fp/hard/crtn.o
                0x0000000020020000                _estack = (ORIGIN (RAM) + LENGTH (RAM))
                0x0000000000000200                _Min_Heap_Size = 0x200
                0x0000000000000400                _Min_Stack_Size = 0x400

.isr_vector     0x0000000008000000      0x1d8
                0x0000000008000000                . = ALIGN (0x4)
 *(.isr_vector)
 .isr_vector    0x0000000008000000      0x1d8 ./Core/Startup/startup_stm32g474vetx.o
                0x0000000008000000                g_pfnVectors
                0x00000000080001d8                . = ALIGN (0x4)

.text           0x00000000080001d8     0x845c
                0x00000000080001d8                . = ALIGN (0x4)
 *(.text)
 .text          0x00000000080001d8       0x40 c:/st/stm32cubeide_1.3.0/stm32cubeide/plugins/com.st.stm32cube.ide.mcu.externaltools.gnu-tools-for-stm32.9-2020-q2-update.win32_2.0.0.202105311346/tools/bin/../lib/gcc/arm-none-eabi/9.3.1/thumb/v7e-m+fp/hard/crtbegin.o
 .text          0x0000000008000218       0x30 c:/st/stm32cubeide_1.3.0/stm32cubeide/plugins/com.st.stm32cube.ide.mcu.externaltools.gnu-tools-for-stm32.9-2020-q2-update.win32_2.0.0.202105311346/tools/bin/../lib/gcc/arm-none-eabi/9.3.1/thumb/v7e-m+fp/hard\libgcc.a(_aeabi_uldivmod.o)
                0x0000000008000218                __aeabi_uldivmod
 .text          0x0000000008000248      0x2c4 c:/st/stm32cubeide_1.3.0/stm32cubeide/plugins/com.st.stm32cube.ide.mcu.externaltools.gnu-tools-for-stm32.9-2020-q2-update.win32_2.0.0.202105311346/tools/bin/../lib/gcc/arm-none-eabi/9.3.1/thumb/v7e-m+fp/hard\libgcc.a(_udivmoddi4.o)
                0x0000000008000248                __udivmoddi4
 .text          0x000000000800050c        0x4 c:/st/stm32cubeide_1.3.0/stm32cubeide/plugins/com.st.stm32cube.ide.mcu.externaltools.gnu-tools-for-stm32.9-2020-q2-update.win32_2.0.0.202105311346/tools/bin/../lib/gcc/arm-none-eabi/9.3.1/thumb/v7e-m+fp/hard\libgcc.a(_dvmd_tls.o)
                0x000000000800050c                __aeabi_idiv0
                0x000000000800050c                __aeabi_ldiv0
 *(.text*)
 .text.HAL_TIM_PeriodElapsedCallback
                0x0000000008000510      0x1c0 ./Core/Src/ctrl_routine.o
                0x0000000008000510                HAL_TIM_PeriodElapsedCallback
 .text.HAL_FDCAN_RxFifo0Callback
                0x00000000080006d0       0x74 ./Core/Src/ctrl_routine.o
                0x00000000080006d0                HAL_FDCAN_RxFifo0Callback
 .text.VehicleToABU
                0x0000000008000744      0x150 ./Core/Src/ctrl_routine.o
                0x0000000008000744                VehicleToABU
 .text.LocalToABU
                0x0000000008000894      0x258 ./Core/Src/ctrl_routine.o
                0x0000000008000894                LocalToABU
 .text.CanTxMessage
                0x0000000008000aec       0x54 ./Core/Src/ctrl_routine.o
                0x0000000008000aec                CanTxMessage
 .text.VehicleDataConv
                0x0000000008000b40      0x130 ./Core/Src/ctrl_routine.o
                0x0000000008000b40                VehicleDataConv
 .text.CANReStart
                0x0000000008000c70       0x54 ./Core/Src/ctrl_routine.o
                0x0000000008000c70                CANReStart
 .text.DoorWarningControl
                0x0000000008000cc4       0x74 ./Core/Src/door_ctrl.o
                0x0000000008000cc4                DoorWarningControl
 .text.PBrakeWarningControl
                0x0000000008000d38       0x60 ./Core/Src/door_ctrl.o
                0x0000000008000d38                PBrakeWarningControl
 .text.SeatBeltRead
                0x0000000008000d98      0x2a8 ./Core/Src/door_ctrl.o
                0x0000000008000d98                SeatBeltRead
 .text.SeatbeltWarningControl
                0x0000000008001040      0x164 ./Core/Src/door_ctrl.o
                0x0000000008001040                SeatbeltWarningControl
 .text.SeatbeltDataConv
                0x00000000080011a4      0x1b4 ./Core/Src/door_ctrl.o
                0x00000000080011a4                SeatbeltDataConv
 .text.WarningAlarmControl
                0x0000000008001358      0x1d0 ./Core/Src/door_ctrl.o
                0x0000000008001358                WarningAlarmControl
 .text.LampSWRead
                0x0000000008001528       0x8c ./Core/Src/lamp_ctrl.o
                0x0000000008001528                LampSWRead
 .text.InputSWChatt
                0x00000000080015b4       0xd0 ./Core/Src/lamp_ctrl.o
                0x00000000080015b4                InputSWChatt
 .text.LampControl
                0x0000000008001684      0x6bc ./Core/Src/lamp_ctrl.o
                0x0000000008001684                LampControl
 .text.LampDataConv
                0x0000000008001d40       0xb4 ./Core/Src/lamp_ctrl.o
                0x0000000008001d40                LampDataConv
 .text.__NVIC_SystemReset
                0x0000000008001df4       0x2c ./Core/Src/main.o
 .text.main     0x0000000008001e20       0x64 ./Core/Src/main.o
                0x0000000008001e20                main
 .text.SystemClock_Config
                0x0000000008001e84       0xe8 ./Core/Src/main.o
                0x0000000008001e84                SystemClock_Config
 .text.MX_FDCAN1_Init
                0x0000000008001f6c      0x10c ./Core/Src/main.o
 .text.MX_FDCAN2_Init
                0x0000000008002078      0x104 ./Core/Src/main.o
 .text.MX_RTC_Init
                0x000000000800217c       0x6c ./Core/Src/main.o
 .text.MX_SPI2_Init
                0x00000000080021e8       0x7c ./Core/Src/main.o
 .text.MX_TIM3_Init
                0x0000000008002264       0xd4 ./Core/Src/main.o
 .text.MX_TIM4_Init
                0x0000000008002338       0xd4 ./Core/Src/main.o
 .text.MX_TIM6_Init
                0x000000000800240c       0x6c ./Core/Src/main.o
 .text.MX_USART1_UART_Init
                0x0000000008002478       0x98 ./Core/Src/main.o
 .text.MX_GPIO_Init
                0x0000000008002510      0x190 ./Core/Src/main.o
 .text.CurrentDataReceive
                0x00000000080026a0      0x2f0 ./Core/Src/main.o
                0x00000000080026a0                CurrentDataReceive
 .text.StopModeStart
                0x0000000008002990       0x54 ./Core/Src/main.o
                0x0000000008002990                StopModeStart
 .text.Error_Handler
                0x00000000080029e4        0xc ./Core/Src/main.o
                0x00000000080029e4                Error_Handler
 .text.HAL_MspInit
                0x00000000080029f0       0x48 ./Core/Src/stm32g4xx_hal_msp.o
                0x00000000080029f0                HAL_MspInit
 .text.HAL_FDCAN_MspInit
                0x0000000008002a38      0x134 ./Core/Src/stm32g4xx_hal_msp.o
                0x0000000008002a38                HAL_FDCAN_MspInit
 .text.HAL_RTC_MspInit
                0x0000000008002b6c       0x44 ./Core/Src/stm32g4xx_hal_msp.o
                0x0000000008002b6c                HAL_RTC_MspInit
 .text.HAL_SPI_MspInit
                0x0000000008002bb0       0x98 ./Core/Src/stm32g4xx_hal_msp.o
                0x0000000008002bb0                HAL_SPI_MspInit
 .text.HAL_TIM_PWM_MspInit
                0x0000000008002c48       0x68 ./Core/Src/stm32g4xx_hal_msp.o
                0x0000000008002c48                HAL_TIM_PWM_MspInit
 .text.HAL_TIM_Base_MspInit
                0x0000000008002cb0       0x4c ./Core/Src/stm32g4xx_hal_msp.o
                0x0000000008002cb0                HAL_TIM_Base_MspInit
 .text.HAL_TIM_MspPostInit
                0x0000000008002cfc       0xbc ./Core/Src/stm32g4xx_hal_msp.o
                0x0000000008002cfc                HAL_TIM_MspPostInit
 .text.HAL_UART_MspInit
                0x0000000008002db8       0x88 ./Core/Src/stm32g4xx_hal_msp.o
                0x0000000008002db8                HAL_UART_MspInit
 .text.NMI_Handler
                0x0000000008002e40        0x6 ./Core/Src/stm32g4xx_it.o
                0x0000000008002e40                NMI_Handler
 .text.HardFault_Handler
                0x0000000008002e46        0x6 ./Core/Src/stm32g4xx_it.o
                0x0000000008002e46                HardFault_Handler
 .text.MemManage_Handler
                0x0000000008002e4c        0x6 ./Core/Src/stm32g4xx_it.o
                0x0000000008002e4c                MemManage_Handler
 .text.BusFault_Handler
                0x0000000008002e52        0x6 ./Core/Src/stm32g4xx_it.o
                0x0000000008002e52                BusFault_Handler
 .text.UsageFault_Handler
                0x0000000008002e58        0x6 ./Core/Src/stm32g4xx_it.o
                0x0000000008002e58                UsageFault_Handler
 .text.SVC_Handler
                0x0000000008002e5e        0xe ./Core/Src/stm32g4xx_it.o
                0x0000000008002e5e                SVC_Handler
 .text.DebugMon_Handler
                0x0000000008002e6c        0xe ./Core/Src/stm32g4xx_it.o
                0x0000000008002e6c                DebugMon_Handler
 .text.PendSV_Handler
                0x0000000008002e7a        0xe ./Core/Src/stm32g4xx_it.o
                0x0000000008002e7a                PendSV_Handler
 .text.SysTick_Handler
                0x0000000008002e88        0xc ./Core/Src/stm32g4xx_it.o
                0x0000000008002e88                SysTick_Handler
 .text.RTC_WKUP_IRQHandler
                0x0000000008002e94       0x14 ./Core/Src/stm32g4xx_it.o
                0x0000000008002e94                RTC_WKUP_IRQHandler
 .text.FDCAN1_IT0_IRQHandler
                0x0000000008002ea8       0x14 ./Core/Src/stm32g4xx_it.o
                0x0000000008002ea8                FDCAN1_IT0_IRQHandler
 .text.SPI2_IRQHandler
                0x0000000008002ebc       0x14 ./Core/Src/stm32g4xx_it.o
                0x0000000008002ebc                SPI2_IRQHandler
 .text.TIM6_DAC_IRQHandler
                0x0000000008002ed0       0x14 ./Core/Src/stm32g4xx_it.o
                0x0000000008002ed0                TIM6_DAC_IRQHandler
 .text.FDCAN2_IT0_IRQHandler
                0x0000000008002ee4       0x14 ./Core/Src/stm32g4xx_it.o
                0x0000000008002ee4                FDCAN2_IT0_IRQHandler
 .text.SystemInit
                0x0000000008002ef8       0x24 ./Core/Src/system_stm32g4xx.o
                0x0000000008002ef8                SystemInit
 .text.Reset_Handler
                0x0000000008002f1c       0x50 ./Core/Startup/startup_stm32g474vetx.o
                0x0000000008002f1c                Reset_Handler
 .text.Default_Handler
                0x0000000008002f6c        0x2 ./Core/Startup/startup_stm32g474vetx.o
                0x0000000008002f6c                RTC_Alarm_IRQHandler
                0x0000000008002f6c                EXTI2_IRQHandler
                0x0000000008002f6c                TIM8_TRG_COM_IRQHandler
                0x0000000008002f6c                TIM8_CC_IRQHandler
                0x0000000008002f6c                HRTIM1_Master_IRQHandler
                0x0000000008002f6c                SPI4_IRQHandler
                0x0000000008002f6c                FDCAN3_IT0_IRQHandler
                0x0000000008002f6c                TIM1_CC_IRQHandler
                0x0000000008002f6c                HRTIM1_FLT_IRQHandler
                0x0000000008002f6c                HRTIM1_TIMF_IRQHandler
                0x0000000008002f6c                USB_HP_IRQHandler
                0x0000000008002f6c                CORDIC_IRQHandler
                0x0000000008002f6c                HRTIM1_TIMD_IRQHandler
                0x0000000008002f6c                DMA2_Channel8_IRQHandler
                0x0000000008002f6c                EXTI3_IRQHandler
                0x0000000008002f6c                I2C3_ER_IRQHandler
                0x0000000008002f6c                EXTI0_IRQHandler
                0x0000000008002f6c                I2C2_EV_IRQHandler
                0x0000000008002f6c                FPU_IRQHandler
                0x0000000008002f6c                FDCAN1_IT1_IRQHandler
                0x0000000008002f6c                TIM1_UP_TIM16_IRQHandler
                0x0000000008002f6c                ADC1_2_IRQHandler
                0x0000000008002f6c                HRTIM1_TIME_IRQHandler
                0x0000000008002f6c                SPI1_IRQHandler
                0x0000000008002f6c                HRTIM1_TIMC_IRQHandler
                0x0000000008002f6c                TIM8_UP_IRQHandler
                0x0000000008002f6c                DMA2_Channel2_IRQHandler
                0x0000000008002f6c                DMA1_Channel4_IRQHandler
                0x0000000008002f6c                TIM20_TRG_COM_IRQHandler
                0x0000000008002f6c                USART3_IRQHandler
                0x0000000008002f6c                DMA1_Channel7_IRQHandler
                0x0000000008002f6c                UART5_IRQHandler
                0x0000000008002f6c                ADC3_IRQHandler
                0x0000000008002f6c                TIM4_IRQHandler
                0x0000000008002f6c                DMA2_Channel1_IRQHandler
                0x0000000008002f6c                QUADSPI_IRQHandler
                0x0000000008002f6c                I2C1_EV_IRQHandler
                0x0000000008002f6c                DMA1_Channel6_IRQHandler
                0x0000000008002f6c                UART4_IRQHandler
                0x0000000008002f6c                DMA2_Channel4_IRQHandler
                0x0000000008002f6c                TIM3_IRQHandler
                0x0000000008002f6c                RCC_IRQHandler
                0x0000000008002f6c                TIM20_UP_IRQHandler
                0x0000000008002f6c                DMA1_Channel1_IRQHandler
                0x0000000008002f6c                Default_Handler
                0x0000000008002f6c                DMA2_Channel7_IRQHandler
                0x0000000008002f6c                RTC_TAMP_LSECSS_IRQHandler
                0x0000000008002f6c                FMAC_IRQHandler
                0x0000000008002f6c                EXTI15_10_IRQHandler
                0x0000000008002f6c                DMA1_Channel8_IRQHandler
                0x0000000008002f6c                HRTIM1_TIMA_IRQHandler
                0x0000000008002f6c                TIM7_DAC_IRQHandler
                0x0000000008002f6c                FDCAN3_IT1_IRQHandler
                0x0000000008002f6c                TIM5_IRQHandler
                0x0000000008002f6c                UCPD1_IRQHandler
                0x0000000008002f6c                I2C3_EV_IRQHandler
                0x0000000008002f6c                EXTI9_5_IRQHandler
                0x0000000008002f6c                PVD_PVM_IRQHandler
                0x0000000008002f6c                ADC5_IRQHandler
                0x0000000008002f6c                DMA2_Channel5_IRQHandler
                0x0000000008002f6c                CRS_IRQHandler
                0x0000000008002f6c                DMA1_Channel5_IRQHandler
                0x0000000008002f6c                USB_LP_IRQHandler
                0x0000000008002f6c                EXTI4_IRQHandler
                0x0000000008002f6c                RNG_IRQHandler
                0x0000000008002f6c                HRTIM1_TIMB_IRQHandler
                0x0000000008002f6c                TIM1_TRG_COM_TIM17_IRQHandler
                0x0000000008002f6c                FDCAN2_IT1_IRQHandler
                0x0000000008002f6c                DMA1_Channel3_IRQHandler
                0x0000000008002f6c                ADC4_IRQHandler
                0x0000000008002f6c                WWDG_IRQHandler
                0x0000000008002f6c                I2C4_EV_IRQHandler
                0x0000000008002f6c                LPUART1_IRQHandler
                0x0000000008002f6c                DMA2_Channel6_IRQHandler
                0x0000000008002f6c                TIM2_IRQHandler
                0x0000000008002f6c                COMP7_IRQHandler
                0x0000000008002f6c                COMP1_2_3_IRQHandler
                0x0000000008002f6c                EXTI1_IRQHandler
                0x0000000008002f6c                USART2_IRQHandler
                0x0000000008002f6c                COMP4_5_6_IRQHandler
                0x0000000008002f6c                TIM20_BRK_IRQHandler
                0x0000000008002f6c                I2C2_ER_IRQHandler
                0x0000000008002f6c                DMA1_Channel2_IRQHandler
                0x0000000008002f6c                TIM8_BRK_IRQHandler
                0x0000000008002f6c                FLASH_IRQHandler
                0x0000000008002f6c                TIM20_CC_IRQHandler
                0x0000000008002f6c                USART1_IRQHandler
                0x0000000008002f6c                SPI3_IRQHandler
                0x0000000008002f6c                I2C1_ER_IRQHandler
                0x0000000008002f6c                FMC_IRQHandler
                0x0000000008002f6c                LPTIM1_IRQHandler
                0x0000000008002f6c                DMAMUX_OVR_IRQHandler
                0x0000000008002f6c                I2C4_ER_IRQHandler
                0x0000000008002f6c                USBWakeUp_IRQHandler
                0x0000000008002f6c                SAI1_IRQHandler
                0x0000000008002f6c                DMA2_Channel3_IRQHandler
                0x0000000008002f6c                TIM1_BRK_TIM15_IRQHandler
 .text.HAL_Init
                0x0000000008002f6e       0x30 ./Drivers/STM32G4xx_HAL_Driver/Src/stm32g4xx_hal.o
                0x0000000008002f6e                HAL_Init
 *fill*         0x0000000008002f9e        0x2 
 .text.HAL_InitTick
                0x0000000008002fa0       0x74 ./Drivers/STM32G4xx_HAL_Driver/Src/stm32g4xx_hal.o
                0x0000000008002fa0                HAL_InitTick
 .text.HAL_IncTick
                0x0000000008003014       0x24 ./Drivers/STM32G4xx_HAL_Driver/Src/stm32g4xx_hal.o
                0x0000000008003014                HAL_IncTick
 .text.HAL_GetTick
                0x0000000008003038       0x18 ./Drivers/STM32G4xx_HAL_Driver/Src/stm32g4xx_hal.o
                0x0000000008003038                HAL_GetTick
 .text.HAL_SuspendTick
                0x0000000008003050       0x20 ./Drivers/STM32G4xx_HAL_Driver/Src/stm32g4xx_hal.o
                0x0000000008003050                HAL_SuspendTick
 .text.HAL_ResumeTick
                0x0000000008003070       0x20 ./Drivers/STM32G4xx_HAL_Driver/Src/stm32g4xx_hal.o
                0x0000000008003070                HAL_ResumeTick
 .text.__NVIC_SetPriorityGrouping
                0x0000000008003090       0x48 ./Drivers/STM32G4xx_HAL_Driver/Src/stm32g4xx_hal_cortex.o
 .text.__NVIC_GetPriorityGrouping
                0x00000000080030d8       0x1c ./Drivers/STM32G4xx_HAL_Driver/Src/stm32g4xx_hal_cortex.o
 .text.__NVIC_EnableIRQ
                0x00000000080030f4       0x3c ./Drivers/STM32G4xx_HAL_Driver/Src/stm32g4xx_hal_cortex.o
 .text.__NVIC_SetPriority
                0x0000000008003130       0x54 ./Drivers/STM32G4xx_HAL_Driver/Src/stm32g4xx_hal_cortex.o
 .text.NVIC_EncodePriority
                0x0000000008003184       0x66 ./Drivers/STM32G4xx_HAL_Driver/Src/stm32g4xx_hal_cortex.o
 *fill*         0x00000000080031ea        0x2 
 .text.SysTick_Config
                0x00000000080031ec       0x44 ./Drivers/STM32G4xx_HAL_Driver/Src/stm32g4xx_hal_cortex.o
 .text.HAL_NVIC_SetPriorityGrouping
                0x0000000008003230       0x16 ./Drivers/STM32G4xx_HAL_Driver/Src/stm32g4xx_hal_cortex.o
                0x0000000008003230                HAL_NVIC_SetPriorityGrouping
 .text.HAL_NVIC_SetPriority
                0x0000000008003246       0x34 ./Drivers/STM32G4xx_HAL_Driver/Src/stm32g4xx_hal_cortex.o
                0x0000000008003246                HAL_NVIC_SetPriority
 .text.HAL_NVIC_EnableIRQ
                0x000000000800327a       0x1c ./Drivers/STM32G4xx_HAL_Driver/Src/stm32g4xx_hal_cortex.o
                0x000000000800327a                HAL_NVIC_EnableIRQ
 .text.HAL_SYSTICK_Config
                0x0000000008003296       0x18 ./Drivers/STM32G4xx_HAL_Driver/Src/stm32g4xx_hal_cortex.o
                0x0000000008003296                HAL_SYSTICK_Config
 .text.HAL_DMA_Abort_IT
                0x00000000080032ae       0xce ./Drivers/STM32G4xx_HAL_Driver/Src/stm32g4xx_hal_dma.o
                0x00000000080032ae                HAL_DMA_Abort_IT
 .text.HAL_FDCAN_Init
                0x000000000800337c      0x2b4 ./Drivers/STM32G4xx_HAL_Driver/Src/stm32g4xx_hal_fdcan.o
                0x000000000800337c                HAL_FDCAN_Init
 .text.HAL_FDCAN_ConfigFilter
                0x0000000008003630       0xb4 ./Drivers/STM32G4xx_HAL_Driver/Src/stm32g4xx_hal_fdcan.o
                0x0000000008003630                HAL_FDCAN_ConfigFilter
 .text.HAL_FDCAN_ConfigGlobalFilter
                0x00000000080036e4       0x62 ./Drivers/STM32G4xx_HAL_Driver/Src/stm32g4xx_hal_fdcan.o
                0x00000000080036e4                HAL_FDCAN_ConfigGlobalFilter
 .text.HAL_FDCAN_Start
                0x0000000008003746       0x50 ./Drivers/STM32G4xx_HAL_Driver/Src/stm32g4xx_hal_fdcan.o
                0x0000000008003746                HAL_FDCAN_Start
 .text.HAL_FDCAN_Stop
                0x0000000008003796       0xe0 ./Drivers/STM32G4xx_HAL_Driver/Src/stm32g4xx_hal_fdcan.o
                0x0000000008003796                HAL_FDCAN_Stop
 .text.HAL_FDCAN_AddMessageToTxFifoQ
                0x0000000008003876       0x88 ./Drivers/STM32G4xx_HAL_Driver/Src/stm32g4xx_hal_fdcan.o
                0x0000000008003876                HAL_FDCAN_AddMessageToTxFifoQ
 *fill*         0x00000000080038fe        0x2 
 .text.HAL_FDCAN_GetRxMessage
                0x0000000008003900      0x1b4 ./Drivers/STM32G4xx_HAL_Driver/Src/stm32g4xx_hal_fdcan.o
                0x0000000008003900                HAL_FDCAN_GetRxMessage
 .text.HAL_FDCAN_ActivateNotification
                0x0000000008003ab4      0x1cc ./Drivers/STM32G4xx_HAL_Driver/Src/stm32g4xx_hal_fdcan.o
                0x0000000008003ab4                HAL_FDCAN_ActivateNotification
 .text.HAL_FDCAN_IRQHandler
                0x0000000008003c80      0x272 ./Drivers/STM32G4xx_HAL_Driver/Src/stm32g4xx_hal_fdcan.o
                0x0000000008003c80                HAL_FDCAN_IRQHandler
 .text.HAL_FDCAN_TxEventFifoCallback
                0x0000000008003ef2       0x16 ./Drivers/STM32G4xx_HAL_Driver/Src/stm32g4xx_hal_fdcan.o
                0x0000000008003ef2                HAL_FDCAN_TxEventFifoCallback
 .text.HAL_FDCAN_RxFifo1Callback
                0x0000000008003f08       0x16 ./Drivers/STM32G4xx_HAL_Driver/Src/stm32g4xx_hal_fdcan.o
                0x0000000008003f08                HAL_FDCAN_RxFifo1Callback
 .text.HAL_FDCAN_TxFifoEmptyCallback
                0x0000000008003f1e       0x14 ./Drivers/STM32G4xx_HAL_Driver/Src/stm32g4xx_hal_fdcan.o
                0x0000000008003f1e                HAL_FDCAN_TxFifoEmptyCallback
 .text.HAL_FDCAN_TxBufferCompleteCallback
                0x0000000008003f32       0x16 ./Drivers/STM32G4xx_HAL_Driver/Src/stm32g4xx_hal_fdcan.o
                0x0000000008003f32                HAL_FDCAN_TxBufferCompleteCallback
 .text.HAL_FDCAN_TxBufferAbortCallback
                0x0000000008003f48       0x16 ./Drivers/STM32G4xx_HAL_Driver/Src/stm32g4xx_hal_fdcan.o
                0x0000000008003f48                HAL_FDCAN_TxBufferAbortCallback
 .text.HAL_FDCAN_TimestampWraparoundCallback
                0x0000000008003f5e       0x14 ./Drivers/STM32G4xx_HAL_Driver/Src/stm32g4xx_hal_fdcan.o
                0x0000000008003f5e                HAL_FDCAN_TimestampWraparoundCallback
 .text.HAL_FDCAN_TimeoutOccurredCallback
                0x0000000008003f72       0x14 ./Drivers/STM32G4xx_HAL_Driver/Src/stm32g4xx_hal_fdcan.o
                0x0000000008003f72                HAL_FDCAN_TimeoutOccurredCallback
 .text.HAL_FDCAN_HighPriorityMessageCallback
                0x0000000008003f86       0x14 ./Drivers/STM32G4xx_HAL_Driver/Src/stm32g4xx_hal_fdcan.o
                0x0000000008003f86                HAL_FDCAN_HighPriorityMessageCallback
 .text.HAL_FDCAN_ErrorCallback
                0x0000000008003f9a       0x14 ./Drivers/STM32G4xx_HAL_Driver/Src/stm32g4xx_hal_fdcan.o
                0x0000000008003f9a                HAL_FDCAN_ErrorCallback
 .text.HAL_FDCAN_ErrorStatusCallback
                0x0000000008003fae       0x16 ./Drivers/STM32G4xx_HAL_Driver/Src/stm32g4xx_hal_fdcan.o
                0x0000000008003fae                HAL_FDCAN_ErrorStatusCallback
 .text.FDCAN_CalcultateRamBlockAddresses
                0x0000000008003fc4       0xd8 ./Drivers/STM32G4xx_HAL_Driver/Src/stm32g4xx_hal_fdcan.o
 .text.FDCAN_CopyMessageToRAM
                0x000000000800409c       0xf8 ./Drivers/STM32G4xx_HAL_Driver/Src/stm32g4xx_hal_fdcan.o
 .text.HAL_GPIO_Init
                0x0000000008004194      0x304 ./Drivers/STM32G4xx_HAL_Driver/Src/stm32g4xx_hal_gpio.o
                0x0000000008004194                HAL_GPIO_Init
 .text.HAL_GPIO_ReadPin
                0x0000000008004498       0x30 ./Drivers/STM32G4xx_HAL_Driver/Src/stm32g4xx_hal_gpio.o
                0x0000000008004498                HAL_GPIO_ReadPin
 .text.HAL_GPIO_WritePin
                0x00000000080044c8       0x30 ./Drivers/STM32G4xx_HAL_Driver/Src/stm32g4xx_hal_gpio.o
                0x00000000080044c8                HAL_GPIO_WritePin
 .text.HAL_PWR_EnterSTOPMode
                0x00000000080044f8       0x2e ./Drivers/STM32G4xx_HAL_Driver/Src/stm32g4xx_hal_pwr.o
                0x00000000080044f8                HAL_PWR_EnterSTOPMode
 *fill*         0x0000000008004526        0x2 
 .text.HAL_PWREx_ControlVoltageScaling
                0x0000000008004528      0x148 ./Drivers/STM32G4xx_HAL_Driver/Src/stm32g4xx_hal_pwr_ex.o
                0x0000000008004528                HAL_PWREx_ControlVoltageScaling
 .text.HAL_PWREx_EnterSTOP0Mode
                0x0000000008004670       0x54 ./Drivers/STM32G4xx_HAL_Driver/Src/stm32g4xx_hal_pwr_ex.o
                0x0000000008004670                HAL_PWREx_EnterSTOP0Mode
 .text.HAL_PWREx_EnterSTOP1Mode
                0x00000000080046c4       0x58 ./Drivers/STM32G4xx_HAL_Driver/Src/stm32g4xx_hal_pwr_ex.o
                0x00000000080046c4                HAL_PWREx_EnterSTOP1Mode
 .text.HAL_PWREx_DisableUCPDDeadBattery
                0x000000000800471c       0x20 ./Drivers/STM32G4xx_HAL_Driver/Src/stm32g4xx_hal_pwr_ex.o
                0x000000000800471c                HAL_PWREx_DisableUCPDDeadBattery
 .text.HAL_RCC_OscConfig
                0x000000000800473c      0x630 ./Drivers/STM32G4xx_HAL_Driver/Src/stm32g4xx_hal_rcc.o
                0x000000000800473c                HAL_RCC_OscConfig
 .text.HAL_RCC_ClockConfig
                0x0000000008004d6c      0x278 ./Drivers/STM32G4xx_HAL_Driver/Src/stm32g4xx_hal_rcc.o
                0x0000000008004d6c                HAL_RCC_ClockConfig
 .text.HAL_RCC_GetSysClockFreq
                0x0000000008004fe4       0xc4 ./Drivers/STM32G4xx_HAL_Driver/Src/stm32g4xx_hal_rcc.o
                0x0000000008004fe4                HAL_RCC_GetSysClockFreq
 .text.HAL_RCC_GetHCLKFreq
                0x00000000080050a8       0x18 ./Drivers/STM32G4xx_HAL_Driver/Src/stm32g4xx_hal_rcc.o
                0x00000000080050a8                HAL_RCC_GetHCLKFreq
 .text.HAL_RCC_GetPCLK1Freq
                0x00000000080050c0       0x2c ./Drivers/STM32G4xx_HAL_Driver/Src/stm32g4xx_hal_rcc.o
                0x00000000080050c0                HAL_RCC_GetPCLK1Freq
 .text.HAL_RCC_GetPCLK2Freq
                0x00000000080050ec       0x2c ./Drivers/STM32G4xx_HAL_Driver/Src/stm32g4xx_hal_rcc.o
                0x00000000080050ec                HAL_RCC_GetPCLK2Freq
 .text.RCC_GetSysClockFreqFromPLLSource
                0x0000000008005118       0x8c ./Drivers/STM32G4xx_HAL_Driver/Src/stm32g4xx_hal_rcc.o
 .text.HAL_RCCEx_PeriphCLKConfig
                0x00000000080051a4      0x498 ./Drivers/STM32G4xx_HAL_Driver/Src/stm32g4xx_hal_rcc_ex.o
                0x00000000080051a4                HAL_RCCEx_PeriphCLKConfig
 .text.HAL_RTC_Init
                0x000000000800563c       0xdc ./Drivers/STM32G4xx_HAL_Driver/Src/stm32g4xx_hal_rtc.o
                0x000000000800563c                HAL_RTC_Init
 .text.HAL_RTC_WaitForSynchro
                0x0000000008005718       0x4c ./Drivers/STM32G4xx_HAL_Driver/Src/stm32g4xx_hal_rtc.o
                0x0000000008005718                HAL_RTC_WaitForSynchro
 .text.RTC_EnterInitMode
                0x0000000008005764       0x68 ./Drivers/STM32G4xx_HAL_Driver/Src/stm32g4xx_hal_rtc.o
                0x0000000008005764                RTC_EnterInitMode
 .text.RTC_ExitInitMode
                0x00000000080057cc       0x7c ./Drivers/STM32G4xx_HAL_Driver/Src/stm32g4xx_hal_rtc.o
                0x00000000080057cc                RTC_ExitInitMode
 .text.HAL_RTCEx_SetWakeUpTimer_IT
                0x0000000008005848       0xfc ./Drivers/STM32G4xx_HAL_Driver/Src/stm32g4xx_hal_rtc_ex.o
                0x0000000008005848                HAL_RTCEx_SetWakeUpTimer_IT
 .text.HAL_RTCEx_DeactivateWakeUpTimer
                0x0000000008005944       0xac ./Drivers/STM32G4xx_HAL_Driver/Src/stm32g4xx_hal_rtc_ex.o
                0x0000000008005944                HAL_RTCEx_DeactivateWakeUpTimer
 .text.HAL_RTCEx_WakeUpTimerIRQHandler
                0x00000000080059f0       0x40 ./Drivers/STM32G4xx_HAL_Driver/Src/stm32g4xx_hal_rtc_ex.o
                0x00000000080059f0                HAL_RTCEx_WakeUpTimerIRQHandler
 .text.HAL_RTCEx_WakeUpTimerEventCallback
                0x0000000008005a30       0x14 ./Drivers/STM32G4xx_HAL_Driver/Src/stm32g4xx_hal_rtc_ex.o
                0x0000000008005a30                HAL_RTCEx_WakeUpTimerEventCallback
 .text.HAL_SPI_Init
                0x0000000008005a44      0x156 ./Drivers/STM32G4xx_HAL_Driver/Src/stm32g4xx_hal_spi.o
                0x0000000008005a44                HAL_SPI_Init
 .text.HAL_SPI_TransmitReceive
                0x0000000008005b9a      0x426 ./Drivers/STM32G4xx_HAL_Driver/Src/stm32g4xx_hal_spi.o
                0x0000000008005b9a                HAL_SPI_TransmitReceive
 .text.HAL_SPI_IRQHandler
                0x0000000008005fc0      0x200 ./Drivers/STM32G4xx_HAL_Driver/Src/stm32g4xx_hal_spi.o
                0x0000000008005fc0                HAL_SPI_IRQHandler
 .text.HAL_SPI_ErrorCallback
                0x00000000080061c0       0x14 ./Drivers/STM32G4xx_HAL_Driver/Src/stm32g4xx_hal_spi.o
                0x00000000080061c0                HAL_SPI_ErrorCallback
 .text.SPI_DMAAbortOnError
                0x00000000080061d4       0x2a ./Drivers/STM32G4xx_HAL_Driver/Src/stm32g4xx_hal_spi.o
 *fill*         0x00000000080061fe        0x2 
 .text.SPI_WaitFlagStateUntilTimeout
                0x0000000008006200      0x110 ./Drivers/STM32G4xx_HAL_Driver/Src/stm32g4xx_hal_spi.o
 .text.SPI_WaitFifoStateUntilTimeout
                0x0000000008006310      0x124 ./Drivers/STM32G4xx_HAL_Driver/Src/stm32g4xx_hal_spi.o
 .text.SPI_EndRxTxTransaction
                0x0000000008006434       0x8c ./Drivers/STM32G4xx_HAL_Driver/Src/stm32g4xx_hal_spi.o
 .text.HAL_TIM_Base_Init
                0x00000000080064c0       0xae ./Drivers/STM32G4xx_HAL_Driver/Src/stm32g4xx_hal_tim.o
                0x00000000080064c0                HAL_TIM_Base_Init
 *fill*         0x000000000800656e        0x2 
 .text.HAL_TIM_Base_Start_IT
                0x0000000008006570       0xf0 ./Drivers/STM32G4xx_HAL_Driver/Src/stm32g4xx_hal_tim.o
                0x0000000008006570                HAL_TIM_Base_Start_IT
 .text.HAL_TIM_PWM_Init
                0x0000000008006660       0xae ./Drivers/STM32G4xx_HAL_Driver/Src/stm32g4xx_hal_tim.o
                0x0000000008006660                HAL_TIM_PWM_Init
 *fill*         0x000000000800670e        0x2 
 .text.HAL_TIM_PWM_Start
                0x0000000008006710      0x224 ./Drivers/STM32G4xx_HAL_Driver/Src/stm32g4xx_hal_tim.o
                0x0000000008006710                HAL_TIM_PWM_Start
 .text.HAL_TIM_PWM_Stop
                0x0000000008006934      0x138 ./Drivers/STM32G4xx_HAL_Driver/Src/stm32g4xx_hal_tim.o
                0x0000000008006934                HAL_TIM_PWM_Stop
 .text.HAL_TIM_IRQHandler
                0x0000000008006a6c      0x2fe ./Drivers/STM32G4xx_HAL_Driver/Src/stm32g4xx_hal_tim.o
                0x0000000008006a6c                HAL_TIM_IRQHandler
 *fill*         0x0000000008006d6a        0x2 
 .text.HAL_TIM_PWM_ConfigChannel
                0x0000000008006d6c      0x220 ./Drivers/STM32G4xx_HAL_Driver/Src/stm32g4xx_hal_tim.o
                0x0000000008006d6c                HAL_TIM_PWM_ConfigChannel
 .text.HAL_TIM_OC_DelayElapsedCallback
                0x0000000008006f8c       0x14 ./Drivers/STM32G4xx_HAL_Driver/Src/stm32g4xx_hal_tim.o
                0x0000000008006f8c                HAL_TIM_OC_DelayElapsedCallback
 .text.HAL_TIM_IC_CaptureCallback
                0x0000000008006fa0       0x14 ./Drivers/STM32G4xx_HAL_Driver/Src/stm32g4xx_hal_tim.o
                0x0000000008006fa0                HAL_TIM_IC_CaptureCallback
 .text.HAL_TIM_PWM_PulseFinishedCallback
                0x0000000008006fb4       0x14 ./Drivers/STM32G4xx_HAL_Driver/Src/stm32g4xx_hal_tim.o
                0x0000000008006fb4                HAL_TIM_PWM_PulseFinishedCallback
 .text.HAL_TIM_TriggerCallback
                0x0000000008006fc8       0x14 ./Drivers/STM32G4xx_HAL_Driver/Src/stm32g4xx_hal_tim.o
                0x0000000008006fc8                HAL_TIM_TriggerCallback
 .text.TIM_Base_SetConfig
                0x0000000008006fdc      0x150 ./Drivers/STM32G4xx_HAL_Driver/Src/stm32g4xx_hal_tim.o
                0x0000000008006fdc                TIM_Base_SetConfig
 .text.TIM_OC1_SetConfig
                0x000000000800712c      0x134 ./Drivers/STM32G4xx_HAL_Driver/Src/stm32g4xx_hal_tim.o
 .text.TIM_OC2_SetConfig
                0x0000000008007260      0x128 ./Drivers/STM32G4xx_HAL_Driver/Src/stm32g4xx_hal_tim.o
                0x0000000008007260                TIM_OC2_SetConfig
 .text.TIM_OC3_SetConfig
                0x0000000008007388      0x124 ./Drivers/STM32G4xx_HAL_Driver/Src/stm32g4xx_hal_tim.o
 .text.TIM_OC4_SetConfig
                0x00000000080074ac      0x128 ./Drivers/STM32G4xx_HAL_Driver/Src/stm32g4xx_hal_tim.o
 .text.TIM_OC5_SetConfig
                0x00000000080075d4       0xd4 ./Drivers/STM32G4xx_HAL_Driver/Src/stm32g4xx_hal_tim.o
 .text.TIM_OC6_SetConfig
                0x00000000080076a8       0xd8 ./Drivers/STM32G4xx_HAL_Driver/Src/stm32g4xx_hal_tim.o
 .text.TIM_CCxChannelCmd
                0x0000000008007780       0x4a ./Drivers/STM32G4xx_HAL_Driver/Src/stm32g4xx_hal_tim.o
                0x0000000008007780                TIM_CCxChannelCmd
 *fill*         0x00000000080077ca        0x2 
 .text.HAL_TIMEx_MasterConfigSynchronization
                0x00000000080077cc      0x12c ./Drivers/STM32G4xx_HAL_Driver/Src/stm32g4xx_hal_tim_ex.o
                0x00000000080077cc                HAL_TIMEx_MasterConfigSynchronization
 .text.HAL_TIMEx_CommutCallback
                0x00000000080078f8       0x14 ./Drivers/STM32G4xx_HAL_Driver/Src/stm32g4xx_hal_tim_ex.o
                0x00000000080078f8                HAL_TIMEx_CommutCallback
 .text.HAL_TIMEx_BreakCallback
                0x000000000800790c       0x14 ./Drivers/STM32G4xx_HAL_Driver/Src/stm32g4xx_hal_tim_ex.o
                0x000000000800790c                HAL_TIMEx_BreakCallback
 .text.HAL_TIMEx_Break2Callback
                0x0000000008007920       0x14 ./Drivers/STM32G4xx_HAL_Driver/Src/stm32g4xx_hal_tim_ex.o
                0x0000000008007920                HAL_TIMEx_Break2Callback
 .text.HAL_TIMEx_EncoderIndexCallback
                0x0000000008007934       0x14 ./Drivers/STM32G4xx_HAL_Driver/Src/stm32g4xx_hal_tim_ex.o
                0x0000000008007934                HAL_TIMEx_EncoderIndexCallback
 .text.HAL_TIMEx_DirectionChangeCallback
                0x0000000008007948       0x14 ./Drivers/STM32G4xx_HAL_Driver/Src/stm32g4xx_hal_tim_ex.o
                0x0000000008007948                HAL_TIMEx_DirectionChangeCallback
 .text.HAL_TIMEx_IndexErrorCallback
                0x000000000800795c       0x14 ./Drivers/STM32G4xx_HAL_Driver/Src/stm32g4xx_hal_tim_ex.o
                0x000000000800795c                HAL_TIMEx_IndexErrorCallback
 .text.HAL_TIMEx_TransitionErrorCallback
                0x0000000008007970       0x14 ./Drivers/STM32G4xx_HAL_Driver/Src/stm32g4xx_hal_tim_ex.o
                0x0000000008007970                HAL_TIMEx_TransitionErrorCallback
 .text.HAL_UART_Init
                0x0000000008007984       0xa0 ./Drivers/STM32G4xx_HAL_Driver/Src/stm32g4xx_hal_uart.o
                0x0000000008007984                HAL_UART_Init
 .text.HAL_UART_Transmit
                0x0000000008007a24      0x12c ./Drivers/STM32G4xx_HAL_Driver/Src/stm32g4xx_hal_uart.o
                0x0000000008007a24                HAL_UART_Transmit
 .text.UART_SetConfig
                0x0000000008007b50      0x594 ./Drivers/STM32G4xx_HAL_Driver/Src/stm32g4xx_hal_uart.o
                0x0000000008007b50                UART_SetConfig
 .text.UART_AdvFeatureConfig
                0x00000000080080e4      0x144 ./Drivers/STM32G4xx_HAL_Driver/Src/stm32g4xx_hal_uart.o
                0x00000000080080e4                UART_AdvFeatureConfig
 .text.UART_CheckIdleState
                0x0000000008008228       0x96 ./Drivers/STM32G4xx_HAL_Driver/Src/stm32g4xx_hal_uart.o
                0x0000000008008228                UART_CheckIdleState
 .text.UART_WaitOnFlagUntilTimeout
                0x00000000080082be      0x100 ./Drivers/STM32G4xx_HAL_Driver/Src/stm32g4xx_hal_uart.o
                0x00000000080082be                UART_WaitOnFlagUntilTimeout
 .text.HAL_UARTEx_DisableFifoMode
                0x00000000080083be       0x72 ./Drivers/STM32G4xx_HAL_Driver/Src/stm32g4xx_hal_uart_ex.o
                0x00000000080083be                HAL_UARTEx_DisableFifoMode
 .text.HAL_UARTEx_SetTxFifoThreshold
                0x0000000008008430       0x7c ./Drivers/STM32G4xx_HAL_Driver/Src/stm32g4xx_hal_uart_ex.o
                0x0000000008008430                HAL_UARTEx_SetTxFifoThreshold
 .text.HAL_UARTEx_SetRxFifoThreshold
                0x00000000080084ac       0x7c ./Drivers/STM32G4xx_HAL_Driver/Src/stm32g4xx_hal_uart_ex.o
                0x00000000080084ac                HAL_UARTEx_SetRxFifoThreshold
 .text.UARTEx_SetNbDataToProcess
                0x0000000008008528       0x9c ./Drivers/STM32G4xx_HAL_Driver/Src/stm32g4xx_hal_uart_ex.o
 .text.__libc_init_array
                0x00000000080085c4       0x48 c:/st/stm32cubeide_1.3.0/stm32cubeide/plugins/com.st.stm32cube.ide.mcu.externaltools.gnu-tools-for-stm32.9-2020-q2-update.win32_2.0.0.202105311346/tools/bin/../lib/gcc/arm-none-eabi/9.3.1/../../../../arm-none-eabi/lib/thumb/v7e-m+fp/hard\libc_nano.a(lib_a-init.o)
                0x00000000080085c4                __libc_init_array
 .text.memset   0x000000000800860c       0x10 c:/st/stm32cubeide_1.3.0/stm32cubeide/plugins/com.st.stm32cube.ide.mcu.externaltools.gnu-tools-for-stm32.9-2020-q2-update.win32_2.0.0.202105311346/tools/bin/../lib/gcc/arm-none-eabi/9.3.1/../../../../arm-none-eabi/lib/thumb/v7e-m+fp/hard\libc_nano.a(lib_a-memset.o)
                0x000000000800860c                memset
 *(.glue_7)
 .glue_7        0x000000000800861c        0x0 linker stubs
 *(.glue_7t)
 .glue_7t       0x000000000800861c        0x0 linker stubs
 *(.eh_frame)
 .eh_frame      0x000000000800861c        0x0 c:/st/stm32cubeide_1.3.0/stm32cubeide/plugins/com.st.stm32cube.ide.mcu.externaltools.gnu-tools-for-stm32.9-2020-q2-update.win32_2.0.0.202105311346/tools/bin/../lib/gcc/arm-none-eabi/9.3.1/thumb/v7e-m+fp/hard/crtbegin.o
 *(.init)
 .init          0x000000000800861c        0x4 c:/st/stm32cubeide_1.3.0/stm32cubeide/plugins/com.st.stm32cube.ide.mcu.externaltools.gnu-tools-for-stm32.9-2020-q2-update.win32_2.0.0.202105311346/tools/bin/../lib/gcc/arm-none-eabi/9.3.1/thumb/v7e-m+fp/hard/crti.o
                0x000000000800861c                _init
 .init          0x0000000008008620        0x8 c:/st/stm32cubeide_1.3.0/stm32cubeide/plugins/com.st.stm32cube.ide.mcu.externaltools.gnu-tools-for-stm32.9-2020-q2-update.win32_2.0.0.202105311346/tools/bin/../lib/gcc/arm-none-eabi/9.3.1/thumb/v7e-m+fp/hard/crtn.o
 *(.fini)
 .fini          0x0000000008008628        0x4 c:/st/stm32cubeide_1.3.0/stm32cubeide/plugins/com.st.stm32cube.ide.mcu.externaltools.gnu-tools-for-stm32.9-2020-q2-update.win32_2.0.0.202105311346/tools/bin/../lib/gcc/arm-none-eabi/9.3.1/thumb/v7e-m+fp/hard/crti.o
                0x0000000008008628                _fini
 .fini          0x000000000800862c        0x8 c:/st/stm32cubeide_1.3.0/stm32cubeide/plugins/com.st.stm32cube.ide.mcu.externaltools.gnu-tools-for-stm32.9-2020-q2-update.win32_2.0.0.202105311346/tools/bin/../lib/gcc/arm-none-eabi/9.3.1/thumb/v7e-m+fp/hard/crtn.o
                0x0000000008008634                . = ALIGN (0x4)
                0x0000000008008634                _etext = .

.vfp11_veneer   0x0000000008008634        0x0
 .vfp11_veneer  0x0000000008008634        0x0 linker stubs

.v4_bx          0x0000000008008634        0x0
 .v4_bx         0x0000000008008634        0x0 linker stubs

.iplt           0x0000000008008634        0x0
 .iplt          0x0000000008008634        0x0 c:/st/stm32cubeide_1.3.0/stm32cubeide/plugins/com.st.stm32cube.ide.mcu.externaltools.gnu-tools-for-stm32.9-2020-q2-update.win32_2.0.0.202105311346/tools/bin/../lib/gcc/arm-none-eabi/9.3.1/thumb/v7e-m+fp/hard/crtbegin.o

.rodata         0x0000000008008634       0x50
                0x0000000008008634                . = ALIGN (0x4)
 *(.rodata)
 *(.rodata*)
 .rodata.AHBPrescTable
                0x0000000008008634       0x10 ./Core/Src/system_stm32g4xx.o
                0x0000000008008634                AHBPrescTable
 .rodata.APBPrescTable
                0x0000000008008644        0x8 ./Core/Src/system_stm32g4xx.o
                0x0000000008008644                APBPrescTable
 .rodata.DLCtoBytes
                0x000000000800864c       0x10 ./Drivers/STM32G4xx_HAL_Driver/Src/stm32g4xx_hal_fdcan.o
 .rodata.UARTPrescTable
                0x000000000800865c       0x18 ./Drivers/STM32G4xx_HAL_Driver/Src/stm32g4xx_hal_uart.o
                0x000000000800865c                UARTPrescTable
 .rodata.numerator.9490
                0x0000000008008674        0x8 ./Drivers/STM32G4xx_HAL_Driver/Src/stm32g4xx_hal_uart_ex.o
 .rodata.denominator.9491
                0x000000000800867c        0x8 ./Drivers/STM32G4xx_HAL_Driver/Src/stm32g4xx_hal_uart_ex.o
                0x0000000008008684                . = ALIGN (0x4)

.ARM.extab      0x0000000008008684        0x0
                0x0000000008008684                . = ALIGN (0x4)
 *(.ARM.extab* .gnu.linkonce.armextab.*)
                0x0000000008008684                . = ALIGN (0x4)

.ARM            0x0000000008008684        0x8
                0x0000000008008684                . = ALIGN (0x4)
                0x0000000008008684                __exidx_start = .
 *(.ARM.exidx*)
 .ARM.exidx     0x0000000008008684        0x8 c:/st/stm32cubeide_1.3.0/stm32cubeide/plugins/com.st.stm32cube.ide.mcu.externaltools.gnu-tools-for-stm32.9-2020-q2-update.win32_2.0.0.202105311346/tools/bin/../lib/gcc/arm-none-eabi/9.3.1/thumb/v7e-m+fp/hard\libgcc.a(_udivmoddi4.o)
                0x000000000800868c                __exidx_end = .
                0x000000000800868c                . = ALIGN (0x4)

.rel.dyn        0x000000000800868c        0x0
 .rel.iplt      0x000000000800868c        0x0 c:/st/stm32cubeide_1.3.0/stm32cubeide/plugins/com.st.stm32cube.ide.mcu.externaltools.gnu-tools-for-stm32.9-2020-q2-update.win32_2.0.0.202105311346/tools/bin/../lib/gcc/arm-none-eabi/9.3.1/thumb/v7e-m+fp/hard/crtbegin.o

.preinit_array  0x000000000800868c        0x0
                0x000000000800868c                . = ALIGN (0x4)
                0x000000000800868c                PROVIDE (__preinit_array_start = .)
 *(.preinit_array*)
                0x000000000800868c                PROVIDE (__preinit_array_end = .)
                0x000000000800868c                . = ALIGN (0x4)

.init_array     0x000000000800868c        0x4
                0x000000000800868c                . = ALIGN (0x4)
                0x000000000800868c                PROVIDE (__init_array_start = .)
 *(SORT_BY_NAME(.init_array.*))
 *(.init_array*)
 .init_array    0x000000000800868c        0x4 c:/st/stm32cubeide_1.3.0/stm32cubeide/plugins/com.st.stm32cube.ide.mcu.externaltools.gnu-tools-for-stm32.9-2020-q2-update.win32_2.0.0.202105311346/tools/bin/../lib/gcc/arm-none-eabi/9.3.1/thumb/v7e-m+fp/hard/crtbegin.o
                0x0000000008008690                PROVIDE (__init_array_end = .)
                0x0000000008008690                . = ALIGN (0x4)

.fini_array     0x0000000008008690        0x4
                0x0000000008008690                . = ALIGN (0x4)
                [!provide]                        PROVIDE (__fini_array_start = .)
 *(SORT_BY_NAME(.fini_array.*))
 *(.fini_array*)
 .fini_array    0x0000000008008690        0x4 c:/st/stm32cubeide_1.3.0/stm32cubeide/plugins/com.st.stm32cube.ide.mcu.externaltools.gnu-tools-for-stm32.9-2020-q2-update.win32_2.0.0.202105311346/tools/bin/../lib/gcc/arm-none-eabi/9.3.1/thumb/v7e-m+fp/hard/crtbegin.o
                [!provide]                        PROVIDE (__fini_array_end = .)
                0x0000000008008694                . = ALIGN (0x4)
                0x0000000008008694                _sidata = LOADADDR (.data)

.data           0x0000000020000000       0x1c load address 0x0000000008008694
                0x0000000020000000                . = ALIGN (0x4)
                0x0000000020000000                _sdata = .
 *(.data)
 *(.data*)
 .data.sig_lamp_color_ctl_off
                0x0000000020000000        0xe ./Core/Src/lamp_ctrl.o
                0x0000000020000000                sig_lamp_color_ctl_off
 *fill*         0x000000002000000e        0x2 
 .data.SystemCoreClock
                0x0000000020000010        0x4 ./Core/Src/system_stm32g4xx.o
                0x0000000020000010                SystemCoreClock
 .data.uwTickPrio
                0x0000000020000014        0x4 ./Drivers/STM32G4xx_HAL_Driver/Src/stm32g4xx_hal.o
                0x0000000020000014                uwTickPrio
 .data.uwTickFreq
                0x0000000020000018        0x4 ./Drivers/STM32G4xx_HAL_Driver/Src/stm32g4xx_hal.o
                0x0000000020000018                uwTickFreq
 *(.RamFunc)
 *(.RamFunc*)
                0x000000002000001c                . = ALIGN (0x4)
                0x000000002000001c                _edata = .

.igot.plt       0x000000002000001c        0x0 load address 0x00000000080086b0
 .igot.plt      0x000000002000001c        0x0 c:/st/stm32cubeide_1.3.0/stm32cubeide/plugins/com.st.stm32cube.ide.mcu.externaltools.gnu-tools-for-stm32.9-2020-q2-update.win32_2.0.0.202105311346/tools/bin/../lib/gcc/arm-none-eabi/9.3.1/thumb/v7e-m+fp/hard/crtbegin.o
                0x000000002000001c                . = ALIGN (0x4)

.bss            0x000000002000001c      0x4e8 load address 0x00000000080086b0
                0x000000002000001c                _sbss = .
                0x000000002000001c                __bss_start__ = _sbss
 *(.bss)
 .bss           0x000000002000001c       0x1c c:/st/stm32cubeide_1.3.0/stm32cubeide/plugins/com.st.stm32cube.ide.mcu.externaltools.gnu-tools-for-stm32.9-2020-q2-update.win32_2.0.0.202105311346/tools/bin/../lib/gcc/arm-none-eabi/9.3.1/thumb/v7e-m+fp/hard/crtbegin.o
 *(.bss*)
 .bss.vehicle_current_i16.9685
                0x0000000020000038        0x2 ./Core/Src/ctrl_routine.o
 .bss.warning_cnt.9664
                0x000000002000003a        0x1 ./Core/Src/door_ctrl.o
 .bss.uart_data_tx_cnt.9661
                0x000000002000003b        0x1 ./Core/Src/lamp_ctrl.o
 .bss.HAL_RCC_FDCAN_CLK_ENABLED
                0x000000002000003c        0x4 ./Core/Src/stm32g4xx_hal_msp.o
 *(COMMON)
 COMMON         0x0000000020000040      0x3a0 ./Core/Src/ctrl_routine.o
                0x0000000020000040                head_low_lamp_fail
                0x0000000020000044                Input_Status_Raw_Prev
                0x0000000020000045                welcome_off
                0x0000000020000046                taillamp_on_prev
                0x0000000020000047                distant_alarm_prev
                0x0000000020000048                seatbelt_R0_C3
                0x0000000020000049                RF_door_open_sig
                0x000000002000004a                RF_door_close_sig_prev
                0x000000002000004b                RF_close_lamp_on_cnt
                0x000000002000004c                stop_enable
                0x000000002000004d                turnlamp_right_on
                0x000000002000004e                head_low_lamp_fail_cnt
                0x0000000020000050                htim4
                0x000000002000009c                charge_door_status
                0x000000002000009d                vehicle_curr_rx_flag
                0x000000002000009e                vehicle_current
                0x00000000200000a0                distant_alarm_on_cnt
                0x00000000200000a4                can1_tx_data
                0x00000000200000ac                door_open_on_cnt
                0x00000000200000ad                can_not_receive_cnt
                0x00000000200000b0                seatbelt_tx_data
                0x00000000200000b8                RF_close_lamp_prev
                0x00000000200000b9                seat_R1_C2
                0x00000000200000bc                vehicle_tx_data
                0x00000000200000c4                door_close_on_cnt
                0x00000000200000c5                ign2_status_prev
                0x00000000200000c6                RF_door_open_sig_on
                0x00000000200000c7                ign1_status_prev
                0x00000000200000c8                vehicle_voltage
                0x00000000200000ca                drv_seatbelt_status
                0x00000000200000cb                taillamp_on_door_open
                0x00000000200000cc                stop_lamp_fail_on_cnt
                0x00000000200000cd                headlamp_low_on
                0x00000000200000ce                door_open_status_prev
                0x00000000200000d0                Input_Status_Prev
                0x00000000200000d4                hazard_onoff_cnt
                0x00000000200000d6                door_open_on
                0x00000000200000d7                door_warning_cnt
                0x00000000200000d8                seatbelt_R1_C2
                0x00000000200000d9                car_ready_status
                0x00000000200000dc                can1_tx_header
                0x0000000020000100                htim3
                0x000000002000014c                RF_door_open_sig_prev
                0x000000002000014d                button_tx_flag
                0x000000002000014e                seatbelt_R0_C1
                0x000000002000014f                seatbelt_tx_flag
                0x0000000020000150                door_open_staus
                0x0000000020000151                RF_door_close_sig_time
                0x0000000020000152                courtesy_lamp_on
                0x0000000020000154                akit_command
                0x0000000020000155                RF_open_lamp_on
                0x0000000020000156                impact_cnt
                0x0000000020000158                Seat_Status
                0x0000000020000168                RF_door_close_sig
                0x0000000020000169                door_close_on
                0x000000002000016a                welcome_off_cnt
                0x000000002000016c                can2_tx_header
                0x0000000020000190                stop_lamp_fail_cnt
                0x0000000020000191                RF_open_lamp_prev
                0x0000000020000194                Warning_Status
                0x000000002000019f                key_in
                0x00000000200001a0                distant_alarm
                0x00000000200001a1                lamp_tx_flag
                0x00000000200001a2                RF_door_close_control_on
                0x00000000200001a3                RF_open_lamp
                0x00000000200001a4                can2_tx_data
                0x00000000200001ac                huart1
                0x000000002000023c                RF_close_lamp_on
                0x0000000020000240                lamp_rx_data
                0x0000000020000244                can1_rx_header
                0x000000002000026c                vehicle_tx_flag
                0x000000002000026d                pass_seatbelt_warning
                0x000000002000026e                distant_alarm_on
                0x0000000020000270                pass_seatbelt_cnt
                0x0000000020000272                seat_R0_C2
                0x0000000020000274                Input_Status
                0x0000000020000277                RF_door_open_control_on
                0x0000000020000278                RF_close_lamp
                0x0000000020000279                hazard_push
                0x000000002000027a                RF_door_close_sig_on
                0x000000002000027b                ign2_status
                0x000000002000027c                welcome_on_cnt
                0x000000002000027d                charge_mode
                0x000000002000027e                brake_status
                0x000000002000027f                seatbelt_R1_C0
                0x0000000020000280                seat_R1_C0
                0x0000000020000281                auto_mode
                0x0000000020000282                head_low_lamp_curr
                0x0000000020000284                drl_center_off_cnt
                0x0000000020000288                hfdcan1
                0x00000000200002ec                taillamp_on
                0x00000000200002ed                impact_status
                0x00000000200002ee                stop_lamp_fail
                0x00000000200002f0                Chattering
                0x00000000200002f3                RF_door_open_sig_cnt
                0x00000000200002f4                can2_rx_header
                0x000000002000031c                welcome_on
                0x000000002000031d                column_on_cnt
                0x000000002000031e                RF_door_close_sig_cnt
                0x000000002000031f                RF_open_lamp_on_cnt
                0x0000000020000320                hazard_on
                0x0000000020000321                seatbelt_R0_C2
                0x0000000020000322                seat_R0_C0
                0x0000000020000324                dimmer_volt
                0x0000000020000326                seatbelt_R0_C0
                0x0000000020000327                pbrake_warning_cnt
                0x0000000020000328                ems_status
                0x0000000020000329                soc_value
                0x000000002000032a                sun_volt
                0x000000002000032c                can1_rx_data
                0x0000000020000334                seatbelt_R1_C1
                0x0000000020000335                column_on_seq
                0x0000000020000336                RF_door_open_control_cnt
                0x0000000020000338                lamp_tx_data
                0x0000000020000340                vehicle_dec
                0x0000000020000344                Lamp_Status
                0x000000002000034a                vehicle_charge_status
                0x000000002000034b                door_open_status
                0x000000002000034c                hazard_lamp_on
                0x000000002000034d                timer6_cmd_num
                0x000000002000034e                seat_R0_C3
                0x000000002000034f                seat_R0_C1
                0x0000000020000350                drv_seatbelt_warning
                0x0000000020000351                drl_center_on_cnt
                0x0000000020000352                hazard_push_prev
                0x0000000020000353                seatbelt_R1_C3
                0x0000000020000354                seat_R1_C3
                0x0000000020000356                stop_lamp_curr
                0x0000000020000358                pBrake_status
                0x0000000020000359                drl_center_on
                0x000000002000035a                ign1_status
                0x000000002000035b                turnlamp_left_on
                0x000000002000035c                hfdcan2
                0x00000000200003c0                RF_door_close_control_cnt
                0x00000000200003c2                distant_volt
                0x00000000200003c4                stop_mode_cnt
                0x00000000200003c6                drv_seatbelt_cnt
                0x00000000200003c8                drv_seat_status
                0x00000000200003cc                can2_rx_data
                0x00000000200003d4                seat_R1_C1
                0x00000000200003d6                vehicle_vel
                0x00000000200003d8                RF_door_open_sig_time
                0x00000000200003dc                Input_Status_Raw
                0x00000000200003df                head_low_lamp_fail_on_cnt
 COMMON         0x00000000200003e0      0x120 ./Core/Src/main.o
                0x00000000200003e0                hspi2
                0x0000000020000444                spi2_rx_data
                0x000000002000044c                spi2_tx_data
                0x0000000020000454                can1_filter
                0x000000002000046c                hrtc
                0x0000000020000494                htim6
                0x00000000200004e0                can2_filter
                0x00000000200004f8                torque_air_data
 COMMON         0x0000000020000500        0x4 ./Drivers/STM32G4xx_HAL_Driver/Src/stm32g4xx_hal.o
                0x0000000020000500                uwTick
                0x0000000020000504                . = ALIGN (0x4)
                0x0000000020000504                _ebss = .
                0x0000000020000504                __bss_end__ = _ebss

._user_heap_stack
                0x0000000020000504      0x604 load address 0x00000000080086b0
                0x0000000020000508                . = ALIGN (0x8)
 *fill*         0x0000000020000504        0x4 
                [!provide]                        PROVIDE (end = .)
                0x0000000020000508                PROVIDE (_end = .)
                0x0000000020000708                . = (. + _Min_Heap_Size)
 *fill*         0x0000000020000508      0x200 
                0x0000000020000b08                . = (. + _Min_Stack_Size)
 *fill*         0x0000000020000708      0x400 
                0x0000000020000b08                . = ALIGN (0x8)

/DISCARD/
 libc.a(*)
 libm.a(*)
 libgcc.a(*)

.ARM.attributes
                0x0000000000000000       0x30
 *(.ARM.attributes)
 .ARM.attributes
                0x0000000000000000       0x1e c:/st/stm32cubeide_1.3.0/stm32cubeide/plugins/com.st.stm32cube.ide.mcu.externaltools.gnu-tools-for-stm32.9-2020-q2-update.win32_2.0.0.202105311346/tools/bin/../lib/gcc/arm-none-eabi/9.3.1/thumb/v7e-m+fp/hard/crti.o
 .ARM.attributes
                0x000000000000001e       0x34 c:/st/stm32cubeide_1.3.0/stm32cubeide/plugins/com.st.stm32cube.ide.mcu.externaltools.gnu-tools-for-stm32.9-2020-q2-update.win32_2.0.0.202105311346/tools/bin/../lib/gcc/arm-none-eabi/9.3.1/thumb/v7e-m+fp/hard/crtbegin.o
 .ARM.attributes
                0x0000000000000052       0x34 ./Core/Src/ctrl_routine.o
 .ARM.attributes
                0x0000000000000086       0x34 ./Core/Src/door_ctrl.o
 .ARM.attributes
                0x00000000000000ba       0x34 ./Core/Src/lamp_ctrl.o
 .ARM.attributes
                0x00000000000000ee       0x34 ./Core/Src/main.o
 .ARM.attributes
                0x0000000000000122       0x34 ./Core/Src/stm32g4xx_hal_msp.o
 .ARM.attributes
                0x0000000000000156       0x34 ./Core/Src/stm32g4xx_it.o
 .ARM.attributes
                0x000000000000018a       0x34 ./Core/Src/system_stm32g4xx.o
 .ARM.attributes
                0x00000000000001be       0x21 ./Core/Startup/startup_stm32g474vetx.o
 .ARM.attributes
                0x00000000000001df       0x34 ./Drivers/STM32G4xx_HAL_Driver/Src/stm32g4xx_hal.o
 .ARM.attributes
                0x0000000000000213       0x34 ./Drivers/STM32G4xx_HAL_Driver/Src/stm32g4xx_hal_cortex.o
 .ARM.attributes
                0x0000000000000247       0x34 ./Drivers/STM32G4xx_HAL_Driver/Src/stm32g4xx_hal_dma.o
 .ARM.attributes
                0x000000000000027b       0x34 ./Drivers/STM32G4xx_HAL_Driver/Src/stm32g4xx_hal_fdcan.o
 .ARM.attributes
                0x00000000000002af       0x34 ./Drivers/STM32G4xx_HAL_Driver/Src/stm32g4xx_hal_gpio.o
 .ARM.attributes
                0x00000000000002e3       0x34 ./Drivers/STM32G4xx_HAL_Driver/Src/stm32g4xx_hal_pwr.o
 .ARM.attributes
                0x0000000000000317       0x34 ./Drivers/STM32G4xx_HAL_Driver/Src/stm32g4xx_hal_pwr_ex.o
 .ARM.attributes
                0x000000000000034b       0x34 ./Drivers/STM32G4xx_HAL_Driver/Src/stm32g4xx_hal_rcc.o
 .ARM.attributes
                0x000000000000037f       0x34 ./Drivers/STM32G4xx_HAL_Driver/Src/stm32g4xx_hal_rcc_ex.o
 .ARM.attributes
                0x00000000000003b3       0x34 ./Drivers/STM32G4xx_HAL_Driver/Src/stm32g4xx_hal_rtc.o
 .ARM.attributes
                0x00000000000003e7       0x34 ./Drivers/STM32G4xx_HAL_Driver/Src/stm32g4xx_hal_rtc_ex.o
 .ARM.attributes
                0x000000000000041b       0x34 ./Drivers/STM32G4xx_HAL_Driver/Src/stm32g4xx_hal_spi.o
 .ARM.attributes
                0x000000000000044f       0x34 ./Drivers/STM32G4xx_HAL_Driver/Src/stm32g4xx_hal_tim.o
 .ARM.attributes
                0x0000000000000483       0x34 ./Drivers/STM32G4xx_HAL_Driver/Src/stm32g4xx_hal_tim_ex.o
 .ARM.attributes
                0x00000000000004b7       0x34 ./Drivers/STM32G4xx_HAL_Driver/Src/stm32g4xx_hal_uart.o
 .ARM.attributes
                0x00000000000004eb       0x34 ./Drivers/STM32G4xx_HAL_Driver/Src/stm32g4xx_hal_uart_ex.o
 .ARM.attributes
                0x000000000000051f       0x34 c:/st/stm32cubeide_1.3.0/stm32cubeide/plugins/com.st.stm32cube.ide.mcu.externaltools.gnu-tools-for-stm32.9-2020-q2-update.win32_2.0.0.202105311346/tools/bin/../lib/gcc/arm-none-eabi/9.3.1/../../../../arm-none-eabi/lib/thumb/v7e-m+fp/hard\libc_nano.a(lib_a-init.o)
 .ARM.attributes
                0x0000000000000553       0x34 c:/st/stm32cubeide_1.3.0/stm32cubeide/plugins/com.st.stm32cube.ide.mcu.externaltools.gnu-tools-for-stm32.9-2020-q2-update.win32_2.0.0.202105311346/tools/bin/../lib/gcc/arm-none-eabi/9.3.1/../../../../arm-none-eabi/lib/thumb/v7e-m+fp/hard\libc_nano.a(lib_a-memset.o)
 .ARM.attributes
                0x0000000000000587       0x1e c:/st/stm32cubeide_1.3.0/stm32cubeide/plugins/com.st.stm32cube.ide.mcu.externaltools.gnu-tools-for-stm32.9-2020-q2-update.win32_2.0.0.202105311346/tools/bin/../lib/gcc/arm-none-eabi/9.3.1/thumb/v7e-m+fp/hard\libgcc.a(_aeabi_uldivmod.o)
 .ARM.attributes
                0x00000000000005a5       0x34 c:/st/stm32cubeide_1.3.0/stm32cubeide/plugins/com.st.stm32cube.ide.mcu.externaltools.gnu-tools-for-stm32.9-2020-q2-update.win32_2.0.0.202105311346/tools/bin/../lib/gcc/arm-none-eabi/9.3.1/thumb/v7e-m+fp/hard\libgcc.a(_udivmoddi4.o)
 .ARM.attributes
                0x00000000000005d9       0x1e c:/st/stm32cubeide_1.3.0/stm32cubeide/plugins/com.st.stm32cube.ide.mcu.externaltools.gnu-tools-for-stm32.9-2020-q2-update.win32_2.0.0.202105311346/tools/bin/../lib/gcc/arm-none-eabi/9.3.1/thumb/v7e-m+fp/hard\libgcc.a(_dvmd_tls.o)
 .ARM.attributes
                0x00000000000005f7       0x1e c:/st/stm32cubeide_1.3.0/stm32cubeide/plugins/com.st.stm32cube.ide.mcu.externaltools.gnu-tools-for-stm32.9-2020-q2-update.win32_2.0.0.202105311346/tools/bin/../lib/gcc/arm-none-eabi/9.3.1/thumb/v7e-m+fp/hard/crtn.o
OUTPUT(42DOT_aDRT_2nd_24V_LAMP_ABU.elf elf32-littlearm)
LOAD linker stubs
LOAD c:/st/stm32cubeide_1.3.0/stm32cubeide/plugins/com.st.stm32cube.ide.mcu.externaltools.gnu-tools-for-stm32.9-2020-q2-update.win32_2.0.0.202105311346/tools/bin/../lib/gcc/arm-none-eabi/9.3.1/../../../../arm-none-eabi/lib/thumb/v7e-m+fp/hard\libc.a
LOAD c:/st/stm32cubeide_1.3.0/stm32cubeide/plugins/com.st.stm32cube.ide.mcu.externaltools.gnu-tools-for-stm32.9-2020-q2-update.win32_2.0.0.202105311346/tools/bin/../lib/gcc/arm-none-eabi/9.3.1/../../../../arm-none-eabi/lib/thumb/v7e-m+fp/hard\libm.a
LOAD c:/st/stm32cubeide_1.3.0/stm32cubeide/plugins/com.st.stm32cube.ide.mcu.externaltools.gnu-tools-for-stm32.9-2020-q2-update.win32_2.0.0.202105311346/tools/bin/../lib/gcc/arm-none-eabi/9.3.1/thumb/v7e-m+fp/hard\libgcc.a

.debug_info     0x0000000000000000    0x231a6
 .debug_info    0x0000000000000000     0x2222 ./Core/Src/ctrl_routine.o
 .debug_info    0x0000000000002222     0x21fb ./Core/Src/door_ctrl.o
 .debug_info    0x000000000000441d     0x2295 ./Core/Src/lamp_ctrl.o
 .debug_info    0x00000000000066b2     0x320e ./Core/Src/main.o
 .debug_info    0x00000000000098c0     0x2fa0 ./Core/Src/stm32g4xx_hal_msp.o
 .debug_info    0x000000000000c860     0x26a5 ./Core/Src/stm32g4xx_it.o
 .debug_info    0x000000000000ef05      0x757 ./Core/Src/system_stm32g4xx.o
 .debug_info    0x000000000000f65c       0x22 ./Core/Startup/startup_stm32g474vetx.o
 .debug_info    0x000000000000f67e      0xd3c ./Drivers/STM32G4xx_HAL_Driver/Src/stm32g4xx_hal.o
 .debug_info    0x00000000000103ba     0x1071 ./Drivers/STM32G4xx_HAL_Driver/Src/stm32g4xx_hal_cortex.o
 .debug_info    0x000000000001142b      0xadd ./Drivers/STM32G4xx_HAL_Driver/Src/stm32g4xx_hal_dma.o
 .debug_info    0x0000000000011f08     0x1b2a ./Drivers/STM32G4xx_HAL_Driver/Src/stm32g4xx_hal_fdcan.o
 .debug_info    0x0000000000013a32      0xa3a ./Drivers/STM32G4xx_HAL_Driver/Src/stm32g4xx_hal_gpio.o
 .debug_info    0x000000000001446c      0xb30 ./Drivers/STM32G4xx_HAL_Driver/Src/stm32g4xx_hal_pwr.o
 .debug_info    0x0000000000014f9c      0xb79 ./Drivers/STM32G4xx_HAL_Driver/Src/stm32g4xx_hal_pwr_ex.o
 .debug_info    0x0000000000015b15      0xe04 ./Drivers/STM32G4xx_HAL_Driver/Src/stm32g4xx_hal_rcc.o
 .debug_info    0x0000000000016919      0xed3 ./Drivers/STM32G4xx_HAL_Driver/Src/stm32g4xx_hal_rcc_ex.o
 .debug_info    0x00000000000177ec     0x113e ./Drivers/STM32G4xx_HAL_Driver/Src/stm32g4xx_hal_rtc.o
 .debug_info    0x000000000001892a     0x1533 ./Drivers/STM32G4xx_HAL_Driver/Src/stm32g4xx_hal_rtc_ex.o
 .debug_info    0x0000000000019e5d     0x19fc ./Drivers/STM32G4xx_HAL_Driver/Src/stm32g4xx_hal_spi.o
 .debug_info    0x000000000001b859     0x2def ./Drivers/STM32G4xx_HAL_Driver/Src/stm32g4xx_hal_tim.o
 .debug_info    0x000000000001e648     0x1ec2 ./Drivers/STM32G4xx_HAL_Driver/Src/stm32g4xx_hal_tim_ex.o
 .debug_info    0x000000000002050a     0x1dae ./Drivers/STM32G4xx_HAL_Driver/Src/stm32g4xx_hal_uart.o
 .debug_info    0x00000000000222b8      0xeee ./Drivers/STM32G4xx_HAL_Driver/Src/stm32g4xx_hal_uart_ex.o

.debug_abbrev   0x0000000000000000     0x3287
 .debug_abbrev  0x0000000000000000      0x209 ./Core/Src/ctrl_routine.o
 .debug_abbrev  0x0000000000000209      0x217 ./Core/Src/door_ctrl.o
 .debug_abbrev  0x0000000000000420      0x25b ./Core/Src/lamp_ctrl.o
 .debug_abbrev  0x000000000000067b      0x2de ./Core/Src/main.o
 .debug_abbrev  0x0000000000000959      0x266 ./Core/Src/stm32g4xx_hal_msp.o
 .debug_abbrev  0x0000000000000bbf      0x1e5 ./Core/Src/stm32g4xx_it.o
 .debug_abbrev  0x0000000000000da4      0x165 ./Core/Src/system_stm32g4xx.o
 .debug_abbrev  0x0000000000000f09       0x12 ./Core/Startup/startup_stm32g474vetx.o
 .debug_abbrev  0x0000000000000f1b      0x227 ./Drivers/STM32G4xx_HAL_Driver/Src/stm32g4xx_hal.o
 .debug_abbrev  0x0000000000001142      0x333 ./Drivers/STM32G4xx_HAL_Driver/Src/stm32g4xx_hal_cortex.o
 .debug_abbrev  0x0000000000001475      0x201 ./Drivers/STM32G4xx_HAL_Driver/Src/stm32g4xx_hal_dma.o
 .debug_abbrev  0x0000000000001676      0x1e4 ./Drivers/STM32G4xx_HAL_Driver/Src/stm32g4xx_hal_fdcan.o
 .debug_abbrev  0x000000000000185a      0x1e8 ./Drivers/STM32G4xx_HAL_Driver/Src/stm32g4xx_hal_gpio.o
 .debug_abbrev  0x0000000000001a42      0x1a2 ./Drivers/STM32G4xx_HAL_Driver/Src/stm32g4xx_hal_pwr.o
 .debug_abbrev  0x0000000000001be4      0x229 ./Drivers/STM32G4xx_HAL_Driver/Src/stm32g4xx_hal_pwr_ex.o
 .debug_abbrev  0x0000000000001e0d      0x275 ./Drivers/STM32G4xx_HAL_Driver/Src/stm32g4xx_hal_rcc.o
 .debug_abbrev  0x0000000000002082      0x230 ./Drivers/STM32G4xx_HAL_Driver/Src/stm32g4xx_hal_rcc_ex.o
 .debug_abbrev  0x00000000000022b2      0x1ea ./Drivers/STM32G4xx_HAL_Driver/Src/stm32g4xx_hal_rtc.o
 .debug_abbrev  0x000000000000249c      0x219 ./Drivers/STM32G4xx_HAL_Driver/Src/stm32g4xx_hal_rtc_ex.o
 .debug_abbrev  0x00000000000026b5      0x254 ./Drivers/STM32G4xx_HAL_Driver/Src/stm32g4xx_hal_spi.o
 .debug_abbrev  0x0000000000002909      0x28f ./Drivers/STM32G4xx_HAL_Driver/Src/stm32g4xx_hal_tim.o
 .debug_abbrev  0x0000000000002b98      0x297 ./Drivers/STM32G4xx_HAL_Driver/Src/stm32g4xx_hal_tim_ex.o
 .debug_abbrev  0x0000000000002e2f      0x24e ./Drivers/STM32G4xx_HAL_Driver/Src/stm32g4xx_hal_uart.o
 .debug_abbrev  0x000000000000307d      0x20a ./Drivers/STM32G4xx_HAL_Driver/Src/stm32g4xx_hal_uart_ex.o

.debug_aranges  0x0000000000000000     0x1868
 .debug_aranges
                0x0000000000000000       0x50 ./Core/Src/ctrl_routine.o
 .debug_aranges
                0x0000000000000050       0x50 ./Core/Src/door_ctrl.o
 .debug_aranges
                0x00000000000000a0       0x40 ./Core/Src/lamp_ctrl.o
 .debug_aranges
                0x00000000000000e0       0x90 ./Core/Src/main.o
 .debug_aranges
                0x0000000000000170       0x88 ./Core/Src/stm32g4xx_hal_msp.o
 .debug_aranges
                0x00000000000001f8       0x88 ./Core/Src/stm32g4xx_it.o
 .debug_aranges
                0x0000000000000280       0x28 ./Core/Src/system_stm32g4xx.o
 .debug_aranges
                0x00000000000002a8       0x28 ./Core/Startup/startup_stm32g474vetx.o
 .debug_aranges
                0x00000000000002d0      0x130 ./Drivers/STM32G4xx_HAL_Driver/Src/stm32g4xx_hal.o
 .debug_aranges
                0x0000000000000400      0x118 ./Drivers/STM32G4xx_HAL_Driver/Src/stm32g4xx_hal_cortex.o
 .debug_aranges
                0x0000000000000518       0x90 ./Drivers/STM32G4xx_HAL_Driver/Src/stm32g4xx_hal_dma.o
 .debug_aranges
                0x00000000000005a8      0x208 ./Drivers/STM32G4xx_HAL_Driver/Src/stm32g4xx_hal_fdcan.o
 .debug_aranges
                0x00000000000007b0       0x58 ./Drivers/STM32G4xx_HAL_Driver/Src/stm32g4xx_hal_gpio.o
 .debug_aranges
                0x0000000000000808       0x98 ./Drivers/STM32G4xx_HAL_Driver/Src/stm32g4xx_hal_pwr.o
 .debug_aranges
                0x00000000000008a0      0x140 ./Drivers/STM32G4xx_HAL_Driver/Src/stm32g4xx_hal_pwr_ex.o
 .debug_aranges
                0x00000000000009e0       0x98 ./Drivers/STM32G4xx_HAL_Driver/Src/stm32g4xx_hal_rcc.o
 .debug_aranges
                0x0000000000000a78       0xb0 ./Drivers/STM32G4xx_HAL_Driver/Src/stm32g4xx_hal_rcc_ex.o
 .debug_aranges
                0x0000000000000b28       0xe8 ./Drivers/STM32G4xx_HAL_Driver/Src/stm32g4xx_hal_rtc.o
 .debug_aranges
                0x0000000000000c10      0x178 ./Drivers/STM32G4xx_HAL_Driver/Src/stm32g4xx_hal_rtc_ex.o
 .debug_aranges
                0x0000000000000d88      0x1d8 ./Drivers/STM32G4xx_HAL_Driver/Src/stm32g4xx_hal_spi.o
 .debug_aranges
                0x0000000000000f60      0x3e0 ./Drivers/STM32G4xx_HAL_Driver/Src/stm32g4xx_hal_tim.o
 .debug_aranges
                0x0000000000001340      0x240 ./Drivers/STM32G4xx_HAL_Driver/Src/stm32g4xx_hal_tim_ex.o
 .debug_aranges
                0x0000000000001580      0x248 ./Drivers/STM32G4xx_HAL_Driver/Src/stm32g4xx_hal_uart.o
 .debug_aranges
                0x00000000000017c8       0xa0 ./Drivers/STM32G4xx_HAL_Driver/Src/stm32g4xx_hal_uart_ex.o

.debug_ranges   0x0000000000000000     0x1720
 .debug_ranges  0x0000000000000000       0x40 ./Core/Src/ctrl_routine.o
 .debug_ranges  0x0000000000000040       0x40 ./Core/Src/door_ctrl.o
 .debug_ranges  0x0000000000000080       0x30 ./Core/Src/lamp_ctrl.o
 .debug_ranges  0x00000000000000b0       0x80 ./Core/Src/main.o
 .debug_ranges  0x0000000000000130       0x78 ./Core/Src/stm32g4xx_hal_msp.o
 .debug_ranges  0x00000000000001a8       0x78 ./Core/Src/stm32g4xx_it.o
 .debug_ranges  0x0000000000000220       0x18 ./Core/Src/system_stm32g4xx.o
 .debug_ranges  0x0000000000000238       0x20 ./Core/Startup/startup_stm32g474vetx.o
 .debug_ranges  0x0000000000000258      0x120 ./Drivers/STM32G4xx_HAL_Driver/Src/stm32g4xx_hal.o
 .debug_ranges  0x0000000000000378      0x108 ./Drivers/STM32G4xx_HAL_Driver/Src/stm32g4xx_hal_cortex.o
 .debug_ranges  0x0000000000000480       0x80 ./Drivers/STM32G4xx_HAL_Driver/Src/stm32g4xx_hal_dma.o
 .debug_ranges  0x0000000000000500      0x1f8 ./Drivers/STM32G4xx_HAL_Driver/Src/stm32g4xx_hal_fdcan.o
 .debug_ranges  0x00000000000006f8       0x48 ./Drivers/STM32G4xx_HAL_Driver/Src/stm32g4xx_hal_gpio.o
 .debug_ranges  0x0000000000000740       0x88 ./Drivers/STM32G4xx_HAL_Driver/Src/stm32g4xx_hal_pwr.o
 .debug_ranges  0x00000000000007c8      0x130 ./Drivers/STM32G4xx_HAL_Driver/Src/stm32g4xx_hal_pwr_ex.o
 .debug_ranges  0x00000000000008f8       0x88 ./Drivers/STM32G4xx_HAL_Driver/Src/stm32g4xx_hal_rcc.o
 .debug_ranges  0x0000000000000980       0xa0 ./Drivers/STM32G4xx_HAL_Driver/Src/stm32g4xx_hal_rcc_ex.o
 .debug_ranges  0x0000000000000a20       0xd8 ./Drivers/STM32G4xx_HAL_Driver/Src/stm32g4xx_hal_rtc.o
 .debug_ranges  0x0000000000000af8      0x168 ./Drivers/STM32G4xx_HAL_Driver/Src/stm32g4xx_hal_rtc_ex.o
 .debug_ranges  0x0000000000000c60      0x1c8 ./Drivers/STM32G4xx_HAL_Driver/Src/stm32g4xx_hal_spi.o
 .debug_ranges  0x0000000000000e28      0x3d0 ./Drivers/STM32G4xx_HAL_Driver/Src/stm32g4xx_hal_tim.o
 .debug_ranges  0x00000000000011f8      0x230 ./Drivers/STM32G4xx_HAL_Driver/Src/stm32g4xx_hal_tim_ex.o
 .debug_ranges  0x0000000000001428      0x268 ./Drivers/STM32G4xx_HAL_Driver/Src/stm32g4xx_hal_uart.o
 .debug_ranges  0x0000000000001690       0x90 ./Drivers/STM32G4xx_HAL_Driver/Src/stm32g4xx_hal_uart_ex.o

.debug_macro    0x0000000000000000    0x27bc7
 .debug_macro   0x0000000000000000      0x245 ./Core/Src/ctrl_routine.o
 .debug_macro   0x0000000000000245      0xaa8 ./Core/Src/ctrl_routine.o
 .debug_macro   0x0000000000000ced      0x16d ./Core/Src/ctrl_routine.o
 .debug_macro   0x0000000000000e5a       0x2e ./Core/Src/ctrl_routine.o
 .debug_macro   0x0000000000000e88       0x28 ./Core/Src/ctrl_routine.o
 .debug_macro   0x0000000000000eb0       0x22 ./Core/Src/ctrl_routine.o
 .debug_macro   0x0000000000000ed2       0x8e ./Core/Src/ctrl_routine.o
 .debug_macro   0x0000000000000f60       0x51 ./Core/Src/ctrl_routine.o
 .debug_macro   0x0000000000000fb1      0x103 ./Core/Src/ctrl_routine.o
 .debug_macro   0x00000000000010b4       0x6a ./Core/Src/ctrl_routine.o
 .debug_macro   0x000000000000111e      0x1df ./Core/Src/ctrl_routine.o
 .debug_macro   0x00000000000012fd       0x1c ./Core/Src/ctrl_routine.o
 .debug_macro   0x0000000000001319       0x22 ./Core/Src/ctrl_routine.o
 .debug_macro   0x000000000000133b      0x101 ./Core/Src/ctrl_routine.o
 .debug_macro   0x000000000000143c     0x1011 ./Core/Src/ctrl_routine.o
 .debug_macro   0x000000000000244d      0x11f ./Core/Src/ctrl_routine.o
 .debug_macro   0x000000000000256c    0x18596 ./Core/Src/ctrl_routine.o
 .debug_macro   0x000000000001ab02       0x43 ./Core/Src/ctrl_routine.o
 .debug_macro   0x000000000001ab45     0x34f4 ./Core/Src/ctrl_routine.o
 .debug_macro   0x000000000001e039      0x174 ./Core/Src/ctrl_routine.o
 .debug_macro   0x000000000001e1ad       0x5c ./Core/Src/ctrl_routine.o
 .debug_macro   0x000000000001e209     0x16e0 ./Core/Src/ctrl_routine.o
 .debug_macro   0x000000000001f8e9      0x600 ./Core/Src/ctrl_routine.o
 .debug_macro   0x000000000001fee9      0x137 ./Core/Src/ctrl_routine.o
 .debug_macro   0x0000000000020020      0x34b ./Core/Src/ctrl_routine.o
 .debug_macro   0x000000000002036b      0x53c ./Core/Src/ctrl_routine.o
 .debug_macro   0x00000000000208a7      0x18b ./Core/Src/ctrl_routine.o
 .debug_macro   0x0000000000020a32       0x43 ./Core/Src/ctrl_routine.o
 .debug_macro   0x0000000000020a75      0x23d ./Core/Src/ctrl_routine.o
 .debug_macro   0x0000000000020cb2      0x212 ./Core/Src/ctrl_routine.o
 .debug_macro   0x0000000000020ec4      0x6af ./Core/Src/ctrl_routine.o
 .debug_macro   0x0000000000021573      0x45c ./Core/Src/ctrl_routine.o
 .debug_macro   0x00000000000219cf      0x11c ./Core/Src/ctrl_routine.o
 .debug_macro   0x0000000000021aeb      0x122 ./Core/Src/ctrl_routine.o
 .debug_macro   0x0000000000021c0d      0x3d1 ./Core/Src/ctrl_routine.o
 .debug_macro   0x0000000000021fde      0x360 ./Core/Src/ctrl_routine.o
 .debug_macro   0x000000000002233e      0x5b3 ./Core/Src/ctrl_routine.o
 .debug_macro   0x00000000000228f1       0xdd ./Core/Src/ctrl_routine.o
 .debug_macro   0x00000000000229ce      0x2fe ./Core/Src/ctrl_routine.o
 .debug_macro   0x0000000000022ccc      0xbef ./Core/Src/ctrl_routine.o
 .debug_macro   0x00000000000238bb      0x71a ./Core/Src/ctrl_routine.o
 .debug_macro   0x0000000000023fd5      0x67e ./Core/Src/ctrl_routine.o
 .debug_macro   0x0000000000024653       0xa6 ./Core/Src/ctrl_routine.o
 .debug_macro   0x00000000000246f9      0x359 ./Core/Src/ctrl_routine.o
 .debug_macro   0x0000000000024a52       0x64 ./Core/Src/ctrl_routine.o
 .debug_macro   0x0000000000024ab6       0x1c ./Core/Src/ctrl_routine.o
 .debug_macro   0x0000000000024ad2       0x34 ./Core/Src/ctrl_routine.o
 .debug_macro   0x0000000000024b06      0x23f ./Core/Src/door_ctrl.o
 .debug_macro   0x0000000000024d45       0x6a ./Core/Src/door_ctrl.o
 .debug_macro   0x0000000000024daf      0x245 ./Core/Src/lamp_ctrl.o
 .debug_macro   0x0000000000024ff4      0x25f ./Core/Src/main.o
 .debug_macro   0x0000000000025253      0x23b ./Core/Src/stm32g4xx_hal_msp.o
 .debug_macro   0x000000000002548e      0x245 ./Core/Src/stm32g4xx_it.o
 .debug_macro   0x00000000000256d3      0x206 ./Core/Src/system_stm32g4xx.o
 .debug_macro   0x00000000000258d9      0x254 ./Drivers/STM32G4xx_HAL_Driver/Src/stm32g4xx_hal.o
 .debug_macro   0x0000000000025b2d      0x206 ./Drivers/STM32G4xx_HAL_Driver/Src/stm32g4xx_hal_cortex.o
 .debug_macro   0x0000000000025d33      0x206 ./Drivers/STM32G4xx_HAL_Driver/Src/stm32g4xx_hal_dma.o
 .debug_macro   0x0000000000025f39      0x318 ./Drivers/STM32G4xx_HAL_Driver/Src/stm32g4xx_hal_fdcan.o
 .debug_macro   0x0000000000026251      0x23e ./Drivers/STM32G4xx_HAL_Driver/Src/stm32g4xx_hal_gpio.o
 .debug_macro   0x000000000002648f      0x21e ./Drivers/STM32G4xx_HAL_Driver/Src/stm32g4xx_hal_pwr.o
 .debug_macro   0x00000000000266ad      0x230 ./Drivers/STM32G4xx_HAL_Driver/Src/stm32g4xx_hal_pwr_ex.o
 .debug_macro   0x00000000000268dd      0x242 ./Drivers/STM32G4xx_HAL_Driver/Src/stm32g4xx_hal_rcc.o
 .debug_macro   0x0000000000026b1f      0x230 ./Drivers/STM32G4xx_HAL_Driver/Src/stm32g4xx_hal_rcc_ex.o
 .debug_macro   0x0000000000026d4f      0x207 ./Drivers/STM32G4xx_HAL_Driver/Src/stm32g4xx_hal_rtc.o
 .debug_macro   0x0000000000026f56      0x206 ./Drivers/STM32G4xx_HAL_Driver/Src/stm32g4xx_hal_rtc_ex.o
 .debug_macro   0x000000000002715c      0x20e ./Drivers/STM32G4xx_HAL_Driver/Src/stm32g4xx_hal_spi.o
 .debug_macro   0x000000000002736a      0x20e ./Drivers/STM32G4xx_HAL_Driver/Src/stm32g4xx_hal_tim.o
 .debug_macro   0x0000000000027578      0x20c ./Drivers/STM32G4xx_HAL_Driver/Src/stm32g4xx_hal_tim_ex.o
 .debug_macro   0x0000000000027784      0x231 ./Drivers/STM32G4xx_HAL_Driver/Src/stm32g4xx_hal_uart.o
 .debug_macro   0x00000000000279b5      0x212 ./Drivers/STM32G4xx_HAL_Driver/Src/stm32g4xx_hal_uart_ex.o

.debug_line     0x0000000000000000    0x1a3bc
 .debug_line    0x0000000000000000      0xba9 ./Core/Src/ctrl_routine.o
 .debug_line    0x0000000000000ba9      0xcfc ./Core/Src/door_ctrl.o
 .debug_line    0x00000000000018a5      0xf31 ./Core/Src/lamp_ctrl.o
 .debug_line    0x00000000000027d6      0xd1a ./Core/Src/main.o
 .debug_line    0x00000000000034f0      0x9f3 ./Core/Src/stm32g4xx_hal_msp.o
 .debug_line    0x0000000000003ee3      0x8c7 ./Core/Src/stm32g4xx_it.o
 .debug_line    0x00000000000047aa      0x7c6 ./Core/Src/system_stm32g4xx.o
 .debug_line    0x0000000000004f70       0x89 ./Core/Startup/startup_stm32g474vetx.o
 .debug_line    0x0000000000004ff9      0xb3d ./Drivers/STM32G4xx_HAL_Driver/Src/stm32g4xx_hal.o
 .debug_line    0x0000000000005b36      0xcf0 ./Drivers/STM32G4xx_HAL_Driver/Src/stm32g4xx_hal_cortex.o
 .debug_line    0x0000000000006826      0xea9 ./Drivers/STM32G4xx_HAL_Driver/Src/stm32g4xx_hal_dma.o
 .debug_line    0x00000000000076cf     0x18b6 ./Drivers/STM32G4xx_HAL_Driver/Src/stm32g4xx_hal_fdcan.o
 .debug_line    0x0000000000008f85      0xb8a ./Drivers/STM32G4xx_HAL_Driver/Src/stm32g4xx_hal_gpio.o
 .debug_line    0x0000000000009b0f      0x92a ./Drivers/STM32G4xx_HAL_Driver/Src/stm32g4xx_hal_pwr.o
 .debug_line    0x000000000000a439      0xce8 ./Drivers/STM32G4xx_HAL_Driver/Src/stm32g4xx_hal_pwr_ex.o
 .debug_line    0x000000000000b121      0xf3d ./Drivers/STM32G4xx_HAL_Driver/Src/stm32g4xx_hal_rcc.o
 .debug_line    0x000000000000c05e     0x1260 ./Drivers/STM32G4xx_HAL_Driver/Src/stm32g4xx_hal_rcc_ex.o
 .debug_line    0x000000000000d2be     0x1027 ./Drivers/STM32G4xx_HAL_Driver/Src/stm32g4xx_hal_rtc.o
 .debug_line    0x000000000000e2e5     0x12f6 ./Drivers/STM32G4xx_HAL_Driver/Src/stm32g4xx_hal_rtc_ex.o
 .debug_line    0x000000000000f5db     0x1f76 ./Drivers/STM32G4xx_HAL_Driver/Src/stm32g4xx_hal_spi.o
 .debug_line    0x0000000000011551     0x3ec2 ./Drivers/STM32G4xx_HAL_Driver/Src/stm32g4xx_hal_tim.o
 .debug_line    0x0000000000015413     0x2115 ./Drivers/STM32G4xx_HAL_Driver/Src/stm32g4xx_hal_tim_ex.o
 .debug_line    0x0000000000017528     0x219c ./Drivers/STM32G4xx_HAL_Driver/Src/stm32g4xx_hal_uart.o
 .debug_line    0x00000000000196c4      0xcf8 ./Drivers/STM32G4xx_HAL_Driver/Src/stm32g4xx_hal_uart_ex.o

.debug_str      0x0000000000000000   0x10431c
 .debug_str     0x0000000000000000    0xfca71 ./Core/Src/ctrl_routine.o
                                      0xfce69 (size before relaxing)
 .debug_str     0x00000000000fca71       0xd0 ./Core/Src/door_ctrl.o
                                      0xfce39 (size before relaxing)
 .debug_str     0x00000000000fcb41       0xf2 ./Core/Src/lamp_ctrl.o
                                      0xfce86 (size before relaxing)
 .debug_str     0x00000000000fcc33      0xa42 ./Core/Src/main.o
                                      0xfd844 (size before relaxing)
 .debug_str     0x00000000000fd675      0x784 ./Core/Src/stm32g4xx_hal_msp.o
                                      0xfd94e (size before relaxing)
 .debug_str     0x00000000000fddf9      0x121 ./Core/Src/stm32g4xx_it.o
                                      0xfd170 (size before relaxing)
 .debug_str     0x00000000000fdf1a       0x5b ./Core/Src/system_stm32g4xx.o
                                      0xfb421 (size before relaxing)
 .debug_str     0x00000000000fdf75       0x36 ./Core/Startup/startup_stm32g474vetx.o
                                         0x95 (size before relaxing)
 .debug_str     0x00000000000fdfab      0x591 ./Drivers/STM32G4xx_HAL_Driver/Src/stm32g4xx_hal.o
                                      0xfc0c9 (size before relaxing)
 .debug_str     0x00000000000fe53c      0x37e ./Drivers/STM32G4xx_HAL_Driver/Src/stm32g4xx_hal_cortex.o
                                      0xfbdd1 (size before relaxing)
 .debug_str     0x00000000000fe8ba      0x2c3 ./Drivers/STM32G4xx_HAL_Driver/Src/stm32g4xx_hal_dma.o
                                      0xfb7f6 (size before relaxing)
 .debug_str     0x00000000000feb7d     0x1204 ./Drivers/STM32G4xx_HAL_Driver/Src/stm32g4xx_hal_fdcan.o
                                      0xfc98f (size before relaxing)
 .debug_str     0x00000000000ffd81      0x21c ./Drivers/STM32G4xx_HAL_Driver/Src/stm32g4xx_hal_gpio.o
                                      0xfb691 (size before relaxing)
 .debug_str     0x00000000000fff9d      0x2e5 ./Drivers/STM32G4xx_HAL_Driver/Src/stm32g4xx_hal_pwr.o
                                      0xfb74a (size before relaxing)
 .debug_str     0x0000000000100282      0x468 ./Drivers/STM32G4xx_HAL_Driver/Src/stm32g4xx_hal_pwr_ex.o
                                      0xfb917 (size before relaxing)
 .debug_str     0x00000000001006ea      0x3d1 ./Drivers/STM32G4xx_HAL_Driver/Src/stm32g4xx_hal_rcc.o
                                      0xfb9c3 (size before relaxing)
 .debug_str     0x0000000000100abb      0x3f2 ./Drivers/STM32G4xx_HAL_Driver/Src/stm32g4xx_hal_rcc_ex.o
                                      0xfbb05 (size before relaxing)
 .debug_str     0x0000000000100ead      0x414 ./Drivers/STM32G4xx_HAL_Driver/Src/stm32g4xx_hal_rtc.o
                                      0xfb8cc (size before relaxing)
 .debug_str     0x00000000001012c1      0x6d3 ./Drivers/STM32G4xx_HAL_Driver/Src/stm32g4xx_hal_rtc_ex.o
                                      0xfbcd8 (size before relaxing)
 .debug_str     0x0000000000101994      0x56b ./Drivers/STM32G4xx_HAL_Driver/Src/stm32g4xx_hal_spi.o
                                      0xfbce4 (size before relaxing)
 .debug_str     0x0000000000101eff      0xdf1 ./Drivers/STM32G4xx_HAL_Driver/Src/stm32g4xx_hal_tim.o
                                      0xfc7d9 (size before relaxing)
 .debug_str     0x0000000000102cf0      0xa07 ./Drivers/STM32G4xx_HAL_Driver/Src/stm32g4xx_hal_tim_ex.o
                                      0xfc474 (size before relaxing)
 .debug_str     0x00000000001036f7      0x947 ./Drivers/STM32G4xx_HAL_Driver/Src/stm32g4xx_hal_uart.o
                                      0xfc274 (size before relaxing)
 .debug_str     0x000000000010403e      0x2de ./Drivers/STM32G4xx_HAL_Driver/Src/stm32g4xx_hal_uart_ex.o
                                      0xfbaa3 (size before relaxing)

.comment        0x0000000000000000       0x53
 .comment       0x0000000000000000       0x53 ./Core/Src/ctrl_routine.o
                                         0x54 (size before relaxing)
 .comment       0x0000000000000053       0x54 ./Core/Src/door_ctrl.o
 .comment       0x0000000000000053       0x54 ./Core/Src/lamp_ctrl.o
 .comment       0x0000000000000053       0x54 ./Core/Src/main.o
 .comment       0x0000000000000053       0x54 ./Core/Src/stm32g4xx_hal_msp.o
 .comment       0x0000000000000053       0x54 ./Core/Src/stm32g4xx_it.o
 .comment       0x0000000000000053       0x54 ./Core/Src/system_stm32g4xx.o
 .comment       0x0000000000000053       0x54 ./Drivers/STM32G4xx_HAL_Driver/Src/stm32g4xx_hal.o
 .comment       0x0000000000000053       0x54 ./Drivers/STM32G4xx_HAL_Driver/Src/stm32g4xx_hal_cortex.o
 .comment       0x0000000000000053       0x54 ./Drivers/STM32G4xx_HAL_Driver/Src/stm32g4xx_hal_dma.o
 .comment       0x0000000000000053       0x54 ./Drivers/STM32G4xx_HAL_Driver/Src/stm32g4xx_hal_fdcan.o
 .comment       0x0000000000000053       0x54 ./Drivers/STM32G4xx_HAL_Driver/Src/stm32g4xx_hal_gpio.o
 .comment       0x0000000000000053       0x54 ./Drivers/STM32G4xx_HAL_Driver/Src/stm32g4xx_hal_pwr.o
 .comment       0x0000000000000053       0x54 ./Drivers/STM32G4xx_HAL_Driver/Src/stm32g4xx_hal_pwr_ex.o
 .comment       0x0000000000000053       0x54 ./Drivers/STM32G4xx_HAL_Driver/Src/stm32g4xx_hal_rcc.o
 .comment       0x0000000000000053       0x54 ./Drivers/STM32G4xx_HAL_Driver/Src/stm32g4xx_hal_rcc_ex.o
 .comment       0x0000000000000053       0x54 ./Drivers/STM32G4xx_HAL_Driver/Src/stm32g4xx_hal_rtc.o
 .comment       0x0000000000000053       0x54 ./Drivers/STM32G4xx_HAL_Driver/Src/stm32g4xx_hal_rtc_ex.o
 .comment       0x0000000000000053       0x54 ./Drivers/STM32G4xx_HAL_Driver/Src/stm32g4xx_hal_spi.o
 .comment       0x0000000000000053       0x54 ./Drivers/STM32G4xx_HAL_Driver/Src/stm32g4xx_hal_tim.o
 .comment       0x0000000000000053       0x54 ./Drivers/STM32G4xx_HAL_Driver/Src/stm32g4xx_hal_tim_ex.o
 .comment       0x0000000000000053       0x54 ./Drivers/STM32G4xx_HAL_Driver/Src/stm32g4xx_hal_uart.o
 .comment       0x0000000000000053       0x54 ./Drivers/STM32G4xx_HAL_Driver/Src/stm32g4xx_hal_uart_ex.o

.debug_frame    0x0000000000000000     0x68a4
 .debug_frame   0x0000000000000000      0x110 ./Core/Src/ctrl_routine.o
 .debug_frame   0x0000000000000110       0xf0 ./Core/Src/door_ctrl.o
 .debug_frame   0x0000000000000200       0xc8 ./Core/Src/lamp_ctrl.o
 .debug_frame   0x00000000000002c8      0x200 ./Core/Src/main.o
 .debug_frame   0x00000000000004c8      0x210 ./Core/Src/stm32g4xx_hal_msp.o
 .debug_frame   0x00000000000006d8      0x190 ./Core/Src/stm32g4xx_it.o
 .debug_frame   0x0000000000000868       0x58 ./Core/Src/system_stm32g4xx.o
 .debug_frame   0x00000000000008c0      0x4a0 ./Drivers/STM32G4xx_HAL_Driver/Src/stm32g4xx_hal.o
 .debug_frame   0x0000000000000d60      0x498 ./Drivers/STM32G4xx_HAL_Driver/Src/stm32g4xx_hal_cortex.o
 .debug_frame   0x00000000000011f8      0x24c ./Drivers/STM32G4xx_HAL_Driver/Src/stm32g4xx_hal_dma.o
 .debug_frame   0x0000000000001444      0x9b0 ./Drivers/STM32G4xx_HAL_Driver/Src/stm32g4xx_hal_fdcan.o
 .debug_frame   0x0000000000001df4      0x14c ./Drivers/STM32G4xx_HAL_Driver/Src/stm32g4xx_hal_gpio.o