core_cm4.h:1933:34:__NVIC_SystemReset	4	static,ignoring_inline_asm
main.c:105:5:main	8	static
main.c:162:6:SystemClock_Config	168	static
main.c:220:13:MX_FDCAN1_Init	16	static
main.c:284:13:MX_FDCAN2_Init	16	static
main.c:347:13:MX_RTC_Init	8	static
main.c:389:13:MX_SPI2_Init	8	static
main.c:429:13:MX_TIM3_Init	48	static
main.c:483:13:MX_TIM4_Init	48	static
main.c:537:13:MX_TIM6_Init	24	static
main.c:575:13:MX_USART1_UART_Init	8	static
main.c:623:13:MX_GPIO_Init	48	static
main.c:701:6:CurrentDataReceive	32	static
main.c:832:6:StopModeStart	16	static
main.c:860:6:Error_Handler	8	static,ignoring_inline_asm
